Component: Arm Compiler for Embedded 6.19 Tool: armlink [5e73cb00]

==============================================================================

Section Cross References

    main.o(.text.main) refers to gd32f4xx_it.o(.text.board_init) for board_init
    main.o(.text.main) refers to bsp_uart.o(.text.bsp_uart_init) for bsp_uart_init
    main.o(.text.main) refers to bsp_led.o(.text.bsp_led_init) for bsp_led_init
    main.o(.text.main) refers to xprintf.o(.bss.xfunc_output) for xfunc_output
    main.o(.text.main) refers to bsp_uart.o(.text.uart_sendbyte) for uart_sendbyte
    main.o(.text.main) refers to bsp_enet.o(.text.lwip_comm_init) for lwip_comm_init
    main.o(.text.main) refers to gd32f4xx_it.o(.text.get_system_tick) for get_system_tick
    main.o(.text.main) refers to bsp_enet.o(.text.lwip_periodic_handle) for lwip_periodic_handle
    main.o(.ARM.exidx.text.main) refers to main.o(.text.main) for [Anonymous Symbol]
    gd32f4xx_it.o(.ARM.exidx.text.NMI_Handler) refers to gd32f4xx_it.o(.text.NMI_Handler) for [Anonymous Symbol]
    gd32f4xx_it.o(.ARM.exidx.text.HardFault_Handler) refers to gd32f4xx_it.o(.text.HardFault_Handler) for [Anonymous Symbol]
    gd32f4xx_it.o(.ARM.exidx.text.MemManage_Handler) refers to gd32f4xx_it.o(.text.MemManage_Handler) for [Anonymous Symbol]
    gd32f4xx_it.o(.ARM.exidx.text.BusFault_Handler) refers to gd32f4xx_it.o(.text.BusFault_Handler) for [Anonymous Symbol]
    gd32f4xx_it.o(.ARM.exidx.text.UsageFault_Handler) refers to gd32f4xx_it.o(.text.UsageFault_Handler) for [Anonymous Symbol]
    gd32f4xx_it.o(.ARM.exidx.text.Error_Handler) refers to gd32f4xx_it.o(.text.Error_Handler) for [Anonymous Symbol]
    gd32f4xx_it.o(.ARM.exidx.text.SDIO_IRQHandler) refers to gd32f4xx_it.o(.text.SDIO_IRQHandler) for [Anonymous Symbol]
    gd32f4xx_it.o(.text.ENET_IRQHandler) refers to gd32f4xx_enet.o(.text.enet_interrupt_flag_clear) for enet_interrupt_flag_clear
    gd32f4xx_it.o(.text.ENET_IRQHandler) refers to gd32f4xx_enet.o(.text.enet_rxframe_size_get) for enet_rxframe_size_get
    gd32f4xx_it.o(.text.ENET_IRQHandler) refers to bsp_enet.o(.text.lwip_pkt_handle) for lwip_pkt_handle
    gd32f4xx_it.o(.ARM.exidx.text.ENET_IRQHandler) refers to gd32f4xx_it.o(.text.ENET_IRQHandler) for [Anonymous Symbol]
    gd32f4xx_it.o(.text.systick_config) refers to system_gd32f4xx.o(.data.SystemCoreClock) for SystemCoreClock
    gd32f4xx_it.o(.text.systick_config) refers to gd32f4xx_it.o(.text.SysTick_Config) for SysTick_Config
    gd32f4xx_it.o(.text.systick_config) refers to gd32f4xx_it.o(.text.__NVIC_SetPriority) for __NVIC_SetPriority
    gd32f4xx_it.o(.ARM.exidx.text.systick_config) refers to gd32f4xx_it.o(.text.systick_config) for [Anonymous Symbol]
    gd32f4xx_it.o(.text.SysTick_Config) refers to gd32f4xx_it.o(.text.__NVIC_SetPriority) for __NVIC_SetPriority
    gd32f4xx_it.o(.ARM.exidx.text.SysTick_Config) refers to gd32f4xx_it.o(.text.SysTick_Config) for [Anonymous Symbol]
    gd32f4xx_it.o(.ARM.exidx.text.__NVIC_SetPriority) refers to gd32f4xx_it.o(.text.__NVIC_SetPriority) for [Anonymous Symbol]
    gd32f4xx_it.o(.text.SysTick_Handler) refers to gd32f4xx_it.o(.bss.g_system_tick) for g_system_tick
    gd32f4xx_it.o(.text.SysTick_Handler) refers to soft_timer.o(.text.soft_timer_tick) for soft_timer_tick
    gd32f4xx_it.o(.ARM.exidx.text.SysTick_Handler) refers to gd32f4xx_it.o(.text.SysTick_Handler) for [Anonymous Symbol]
    gd32f4xx_it.o(.text.get_system_tick) refers to gd32f4xx_it.o(.bss.g_system_tick) for g_system_tick
    gd32f4xx_it.o(.ARM.exidx.text.get_system_tick) refers to gd32f4xx_it.o(.text.get_system_tick) for [Anonymous Symbol]
    gd32f4xx_it.o(.text.board_init) refers to gd32f4xx_misc.o(.text.nvic_priority_group_set) for nvic_priority_group_set
    gd32f4xx_it.o(.text.board_init) refers to gd32f4xx_misc.o(.text.nvic_vector_table_set) for nvic_vector_table_set
    gd32f4xx_it.o(.text.board_init) refers to gd32f4xx_it.o(.text.systick_config) for systick_config
    gd32f4xx_it.o(.ARM.exidx.text.board_init) refers to gd32f4xx_it.o(.text.board_init) for [Anonymous Symbol]
    gd32f4xx_it.o(.text.delay_us) refers to system_gd32f4xx.o(.data.SystemCoreClock) for SystemCoreClock
    gd32f4xx_it.o(.ARM.exidx.text.delay_us) refers to gd32f4xx_it.o(.text.delay_us) for [Anonymous Symbol]
    gd32f4xx_it.o(.text.delay_ms) refers to gd32f4xx_it.o(.text.delay_us) for delay_us
    gd32f4xx_it.o(.ARM.exidx.text.delay_ms) refers to gd32f4xx_it.o(.text.delay_ms) for [Anonymous Symbol]
    startup_gd32f407_427.o(STACK) refers (Special) to heapauxi.o(.text) for __use_two_region_memory
    startup_gd32f407_427.o(HEAP) refers (Special) to heapauxi.o(.text) for __use_two_region_memory
    startup_gd32f407_427.o(RESET) refers (Special) to heapauxi.o(.text) for __use_two_region_memory
    startup_gd32f407_427.o(RESET) refers to startup_gd32f407_427.o(STACK) for __initial_sp
    startup_gd32f407_427.o(RESET) refers to startup_gd32f407_427.o(.text) for Reset_Handler
[...]
    _fp_init                                 0x080119d9   Thumb Code    26  fpinit.o(x$fpl$fpinit)
    __fplib_config_fpu_vfp                   0x080119f1   Thumb Code     0  fpinit.o(x$fpl$fpinit)
    __fplib_config_pureend_doubles           0x080119f1   Thumb Code     0  fpinit.o(x$fpl$fpinit)
    _printf_fp_dec                           0x080119f3   Thumb Code     4  printf1.o(x$fpl$printf1)
    _printf_fp_hex                           0x080119f7   Thumb Code     4  printf2.o(x$fpl$printf2)
    __I$use$fp                               0x080119fa   Number         0  usenofp.o(x$fpl$usenofp)
    __stdin_name                             0x08011a63   Data           4  sys_io_names.o(.constdata)
    __stdout_name                            0x08011a67   Data           4  sys_io_names.o(.constdata)
    __stderr_name                            0x08011a6b   Data           4  sys_io_names.o(.constdata)
    ethbroadcast                             0x08011bac   Data           6  ethernet.o(.rodata.ethbroadcast)
    ethzero                                  0x08011bb2   Data           6  ethernet.o(.rodata.ethzero)
    ip_addr_any                              0x08011bb8   Data           4  ip4_addr.o(.rodata.ip_addr_any)
    ip_addr_broadcast                        0x08011bbc   Data           4  ip4_addr.o(.rodata.ip_addr_broadcast)
    lwip_cyclic_timers                       0x08011bc0   Data          40  timeouts.o(.rodata.lwip_cyclic_timers)
    memp_FRAG_PBUF                           0x08011be8   Data          16  memp.o(.rodata.memp_FRAG_PBUF)
    memp_PBUF                                0x08011bf8   Data          16  memp.o(.rodata.memp_PBUF)
    memp_PBUF_POOL                           0x08011c08   Data          16  memp.o(.rodata.memp_PBUF_POOL)
    memp_REASSDATA                           0x08011c18   Data          16  memp.o(.rodata.memp_REASSDATA)
    memp_SYS_TIMEOUT                         0x08011c28   Data          16  memp.o(.rodata.memp_SYS_TIMEOUT)
    memp_TCP_PCB                             0x08011c38   Data          16  memp.o(.rodata.memp_TCP_PCB)
    memp_TCP_PCB_LISTEN                      0x08011c48   Data          16  memp.o(.rodata.memp_TCP_PCB_LISTEN)
    memp_TCP_SEG                             0x08011c58   Data          16  memp.o(.rodata.memp_TCP_SEG)
    memp_UDP_PCB                             0x08011c68   Data          16  memp.o(.rodata.memp_UDP_PCB)
    memp_pools                               0x08011c78   Data          36  memp.o(.rodata.memp_pools)
    tcp_pcb_lists                            0x080122f4   Data          16  tcp.o(.rodata.tcp_pcb_lists)
    Region$$Table$$Base                      0x0801230c   Number         0  anon$$obj.o(Region$$Table)
    Region$$Table$$Limit                     0x0801232c   Number         0  anon$$obj.o(Region$$Table)
    __ctype                                  0x08012339   Data           0  lc_ctype_c.o(locale$$data)
    __aeabi_stdin                            0x20000000   Data           4  stdio_streams.o(.data)
    __aeabi_stdout                           0x20000004   Data           4  stdio_streams.o(.data)
    __aeabi_stderr                           0x20000008   Data           4  stdio_streams.o(.data)
    SystemCoreClock                          0x2000000c   Data           4  system_gd32f4xx.o(.data.SystemCoreClock)
    __stdin                                  0x20000020   Data          84  stdio_streams.o(.bss)
    __stdout                                 0x20000074   Data          84  stdio_streams.o(.bss)
    __stderr                                 0x200000c8   Data          84  stdio_streams.o(.bss)
    __libspace_start                         0x2000011c   Data          96  libspace.o(.bss)
    __temporary_stack_top$libspace           0x2000017c   Data           0  libspace.o(.bss)
    arp_timer                                0x20000270   Data           4  bsp_enet.o(.bss.arp_timer)
    dhcp_rx_options_given                    0x2000027d   Data           8  dhcp.o(.bss.dhcp_rx_options_given)
    dhcp_rx_options_val                      0x20000288   Data          32  dhcp.o(.bss.dhcp_rx_options_val)
    dma_current_ptp_rxdesc                   0x200002a8   Data           4  gd32f4xx_enet.o(.bss.dma_current_ptp_rxdesc)
    dma_current_ptp_txdesc                   0x200002ac   Data           4  gd32f4xx_enet.o(.bss.dma_current_ptp_txdesc)
    dma_current_rxdesc                       0x200002b0   Data           4  gd32f4xx_enet.o(.bss.dma_current_rxdesc)
    dma_current_txdesc                       0x200002b4   Data           4  gd32f4xx_enet.o(.bss.dma_current_txdesc)
    ip_data                                  0x20000318   Data          24  ip.o(.bss.ip_data)
    lan_is_disconnect                        0x20000334   Data           1  bsp_enet.o(.bss.lan_is_disconnect)
    lwip_netif                               0x2000033c   Data          56  bsp_enet.o(.bss.lwip_netif)
    lwipdev                                  0x20000374   Data          22  bsp_enet.o(.bss.lwipdev)
    memp_memory_FRAG_PBUF_base               0x2000038a   Data         363  memp.o(.bss.memp_memory_FRAG_PBUF_base)
    memp_memory_PBUF_POOL_base               0x200004f5   Data       15163  memp.o(.bss.memp_memory_PBUF_POOL_base)
    memp_memory_PBUF_base                    0x20004030   Data         163  memp.o(.bss.memp_memory_PBUF_base)
    memp_memory_REASSDATA_base               0x200040d3   Data         163  memp.o(.bss.memp_memory_REASSDATA_base)
    memp_memory_SYS_TIMEOUT_base             0x20004176   Data         163  memp.o(.bss.memp_memory_SYS_TIMEOUT_base)
    memp_memory_TCP_PCB_LISTEN_base          0x20004219   Data         171  memp.o(.bss.memp_memory_TCP_PCB_LISTEN_base)
    memp_memory_TCP_PCB_base                 0x200042c4   Data        1523  memp.o(.bss.memp_memory_TCP_PCB_base)
    memp_memory_TCP_SEG_base                 0x200048b7   Data         243  memp.o(.bss.memp_memory_TCP_SEG_base)
    memp_memory_UDP_PCB_base                 0x200049aa   Data         195  memp.o(.bss.memp_memory_UDP_PCB_base)
    netif_default                            0x20004a94   Data           4  netif.o(.bss.netif_default)
    netif_list                               0x20004a98   Data           4  netif.o(.bss.netif_list)
    ram_heap                                 0x20004aac   Data       20499  mem.o(.bss.ram_heap)
    rx_buff                                  0x20009ad0   Data        7620  gd32f4xx_enet.o(.bss.rx_buff)
    rxdesc_tab                               0x2000b894   Data          80  gd32f4xx_enet.o(.bss.rxdesc_tab)
    set_lwip_10m                             0x2000b8e8   Data           1  bsp_enet.o(.bss.set_lwip_10m)
    tcp_active_pcbs                          0x2000b8ec   Data           4  tcp.o(.bss.tcp_active_pcbs)
    tcp_active_pcbs_changed                  0x2000b8f0   Data           1  tcp.o(.bss.tcp_active_pcbs_changed)
    tcp_bound_pcbs                           0x2000b8f4   Data           4  tcp.o(.bss.tcp_bound_pcbs)
    tcp_input_pcb                            0x2000b8f8   Data           4  tcp_in.o(.bss.tcp_input_pcb)
    tcp_listen_pcbs                          0x2000b8fc   Data           4  tcp.o(.bss.tcp_listen_pcbs)
    tcp_ticks                                0x2000b904   Data           4  tcp.o(.bss.tcp_ticks)
    tcp_timer                                0x2000b908   Data           4  bsp_enet.o(.bss.tcp_timer)
    tcp_tw_pcbs                              0x2000b910   Data           4  tcp.o(.bss.tcp_tw_pcbs)
    tempreg                                  0x2000b92c   Data           4  bsp_enet.o(.bss.tempreg)
    tx_buff                                  0x2000b9a8   Data        7620  gd32f4xx_enet.o(.bss.tx_buff)
    txdesc_tab                               0x2000d76c   Data          80  gd32f4xx_enet.o(.bss.txdesc_tab)
    udp_pcbs                                 0x2000d7bc   Data           4  udp.o(.bss.udp_pcbs)
    xfunc_output                             0x2000d7c0   Data           4  xprintf.o(.bss.xfunc_output)



==============================================================================

Memory Map of the image

  Image Entry point : 0x08000189

  Load Region LR_IROM1 (Base: 0x08000000, Size: 0x00012478, Max: 0x00080000, ABSOLUTE)

    Execution Region ER_IROM1 (Exec base: 0x08000000, Load base: 0x08000000, Size: 0x00012458, Max: 0x00080000, ABSOLUTE)

    Exec Addr    Load Addr    Size         Type   Attr      Idx    E Section Name        Object

    0x08000000   0x08000000   0x00000188   Data   RO           52    RESET               startup_gd32f407_427.o
    0x08000188   0x08000188   0x00000008   Code   RO         3192  * !!!main             c_w.l(__main.o)
    0x08000190   0x08000190   0x00000034   Code   RO         3754    !!!scatter          c_w.l(__scatter.o)
    0x080001c4   0x080001c4   0x0000001a   Code   RO         3756    !!handler_copy      c_w.l(__scatter_copy.o)
    0x080001de   0x080001de   0x00000002   PAD
    0x080001e0   0x080001e0   0x0000001c   Code   RO         3758    !!handler_zi        c_w.l(__scatter_zi.o)
    0x080001fc   0x080001fc   0x00000000   Code   RO         3310    .ARM.Collect$$_printf_percent$$00000000  c_w.l(_printf_percent.o)
    0x080001fc   0x080001fc   0x00000006   Code   RO         3299    .ARM.Collect$$_printf_percent$$00000001  c_w.l(_printf_n.o)
    0x08000202   0x08000202   0x00000006   Code   RO         3301    .ARM.Collect$$_printf_percent$$00000002  c_w.l(_printf_p.o)
    0x08000208   0x08000208   0x00000006   Code   RO         3306    .ARM.Collect$$_printf_percent$$00000003  c_w.l(_printf_f.o)
    0x0800020e   0x0800020e   0x00000006   Code   RO         3307    .ARM.Collect$$_printf_percent$$00000004  c_w.l(_printf_e.o)
    0x08000214   0x08000214   0x00000006   Code   RO         3308    .ARM.Collect$$_printf_percent$$00000005  c_w.l(_printf_g.o)
    0x0800021a   0x0800021a   0x00000006   Code   RO         3309    .ARM.Collect$$_printf_percent$$00000006  c_w.l(_printf_a.o)
    0x08000220   0x08000220   0x0000000a   Code   RO         3314    .ARM.Collect$$_printf_percent$$00000007  c_w.l(_printf_ll.o)
    0x0800022a   0x0800022a   0x00000006   Code   RO         3303    .ARM.Collect$$_printf_percent$$00000008  c_w.l(_printf_i.o)
    0x08000230   0x08000230   0x00000006   Code   RO         3304    .ARM.Collect$$_printf_percent$$00000009  c_w.l(_printf_d.o)
    0x08000236   0x08000236   0x00000006   Code   RO         3305    .ARM.Collect$$_printf_percent$$0000000A  c_w.l(_printf_u.o)
    0x0800023c   0x0800023c   0x00000006   Code   RO         3302    .ARM.Collect$$_printf_percent$$0000000B  c_w.l(_printf_o.o)
    0x08000242   0x08000242   0x00000006   Code   RO         3300    .ARM.Collect$$_printf_percent$$0000000C  c_w.l(_printf_x.o)
    0x08000248   0x08000248   0x00000006   Code   RO         3311    .ARM.Collect$$_printf_percent$$0000000D  c_w.l(_printf_lli.o)
    0x0800024e   0x0800024e   0x00000006   Code   RO         3312    .ARM.Collect$$_printf_percent$$0000000E  c_w.l(_printf_lld.o)
    0x08000254   0x08000254   0x00000006   Code   RO         3313    .ARM.Collect$$_printf_percent$$0000000F  c_w.l(_printf_llu.o)
    0x0800025a   0x0800025a   0x00000006   Code   RO         3318    .ARM.Collect$$_printf_percent$$00000010  c_w.l(_printf_llo.o)
    0x08000260   0x08000260   0x00000006   Code   RO         3319    .ARM.Collect$$_printf_percent$$00000011  c_w.l(_printf_llx.o)
    0x08000266   0x08000266   0x0000000a   Code   RO         3315    .ARM.Collect$$_printf_percent$$00000012  c_w.l(_printf_l.o)
    0x08000270   0x08000270   0x00000006   Code   RO         3297    .ARM.Collect$$_printf_percent$$00000013  c_w.l(_printf_c.o)
    0x08000276   0x08000276   0x00000006   Code   RO         3298    .ARM.Collect$$_printf_percent$$00000014  c_w.l(_printf_s.o)
    0x0800027c   0x0800027c   0x00000006   Code   RO         3316    .ARM.Collect$$_printf_percent$$00000015  c_w.l(_printf_lc.o)
    0x08000282   0x08000282   0x00000006   Code   RO         3317    .ARM.Collect$$_printf_percent$$00000016  c_w.l(_printf_ls.o)
    0x08000288   0x08000288   0x00000004   Code   RO         3391    .ARM.Collect$$_printf_percent$$00000017  c_w.l(_printf_percent_end.o)
    0x0800028c   0x0800028c   0x00000002   Code   RO         3586    .ARM.Collect$$libinit$$00000000  c_w.l(libinit.o)
    0x0800028e   0x0800028e   0x00000004   Code   RO         3412    .ARM.Collect$$libinit$$00000001  c_w.l(libinit2.o)
    0x08000292   0x08000292   0x00000000   Code   RO         3415    .ARM.Collect$$libinit$$00000004  c_w.l(libinit2.o)
    0x08000292   0x08000292   0x00000000   Code   RO         3417    .ARM.Collect$$libinit$$00000006  c_w.l(libinit2.o)
    0x08000292   0x08000292   0x00000008   Code   RO         3418    .ARM.Collect$$libinit$$00000007  c_w.l(libinit2.o)
    0x0800029a   0x0800029a   0x00000000   Code   RO         3420    .ARM.Collect$$libinit$$0000000C  c_w.l(libinit2.o)
    0x0800029a   0x0800029a   0x00000000   Code   RO         3422    .ARM.Collect$$libinit$$0000000E  c_w.l(libinit2.o)
    0x0800029a   0x0800029a   0x00000000   Code   RO         3424    .ARM.Collect$$libinit$$00000010  c_w.l(libinit2.o)
    0x0800029a   0x0800029a   0x00000006   Code   RO         3425    .ARM.Collect$$libinit$$00000011  c_w.l(libinit2.o)
    0x080002a0   0x080002a0   0x00000000   Code   RO         3427    .ARM.Collect$$libinit$$00000013  c_w.l(libinit2.o)
    0x080002a0   0x080002a0   0x0000000c   Code   RO         3428    .ARM.Collect$$libinit$$00000014  c_w.l(libinit2.o)
    0x080002ac   0x080002ac   0x00000000   Code   RO         3429    .ARM.Collect$$libinit$$00000015  c_w.l(libinit2.o)
    0x080002ac   0x080002ac   0x00000000   Code   RO         3431    .ARM.Collect$$libinit$$00000017  c_w.l(libinit2.o)
    0x080002ac   0x080002ac   0x0000000a   Code   RO         3432    .ARM.Collect$$libinit$$00000018  c_w.l(libinit2.o)
    0x080002b6   0x080002b6   0x00000000   Code   RO         3433    .ARM.Collect$$libinit$$00000019  c_w.l(libinit2.o)
    0x080002b6   0x080002b6   0x00000000   Code   RO         3435    .ARM.Collect$$libinit$$0000001B  c_w.l(libinit2.o)
    0x080002b6   0x080002b6   0x00000000   Code   RO         3437    .ARM.Collect$$libinit$$0000001D  c_w.l(libinit2.o)
    0x080002b6   0x080002b6   0x00000000   Code   RO         3439    .ARM.Collect$$libinit$$0000001F  c_w.l(libinit2.o)
    0x080002b6   0x080002b6   0x00000000   Code   RO         3441    .ARM.Collect$$libinit$$00000021  c_w.l(libinit2.o)
    0x080002b6   0x080002b6   0x00000000   Code   RO         3443    .ARM.Collect$$libinit$$00000023  c_w.l(libinit2.o)
    0x080002b6   0x080002b6   0x00000000   Code   RO         3445    .ARM.Collect$$libinit$$00000025  c_w.l(libinit2.o)
    0x080002b6   0x080002b6   0x00000004   Code   RO         3446    .ARM.Collect$$libinit$$00000026  c_w.l(libinit2.o)
    0x080002ba   0x080002ba   0x00000000   Code   RO         3447    .ARM.Collect$$libinit$$00000027  c_w.l(libinit2.o)
    0x080002ba   0x080002ba   0x00000000   Code   RO         3451    .ARM.Collect$$libinit$$0000002E  c_w.l(libinit2.o)
    0x080002ba   0x080002ba   0x00000000   Code   RO         3453    .ARM.Collect$$libinit$$00000030  c_w.l(libinit2.o)
    0x080002ba   0x080002ba   0x00000000   Code   RO         3455    .ARM.Collect$$libinit$$00000032  c_w.l(libinit2.o)
    0x080002ba   0x080002ba   0x00000000   Code   RO         3457    .ARM.Collect$$libinit$$00000034  c_w.l(libinit2.o)
    0x080002ba   0x080002ba   0x00000002   Code   RO         3458    .ARM.Collect$$libinit$$00000035  c_w.l(libinit2.o)
    0x080002bc   0x080002bc   0x00000002   Code   RO         3733    .ARM.Collect$$libshutdown$$00000000  c_w.l(libshutdown.o)
    0x080002be   0x080002be   0x00000000   Code   RO         3588    .ARM.Collect$$libshutdown$$00000002  c_w.l(libshutdown2.o)
    0x080002be   0x080002be   0x00000004   Code   RO         3589    .ARM.Collect$$libshutdown$$00000003  c_w.l(libshutdown2.o)
    0x080002c2   0x080002c2   0x00000000   Code   RO         3590    .ARM.Collect$$libshutdown$$00000004  c_w.l(libshutdown2.o)
    0x080002c2   0x080002c2   0x00000000   Code   RO         3593    .ARM.Collect$$libshutdown$$00000007  c_w.l(libshutdown2.o)
    0x080002c2   0x080002c2   0x00000000   Code   RO         3596    .ARM.Collect$$libshutdown$$0000000A  c_w.l(libshutdown2.o)
    0x080002c2   0x080002c2   0x00000000   Code   RO         3598    .ARM.Collect$$libshutdown$$0000000C  c_w.l(libshutdown2.o)
    0x080002c2   0x080002c2   0x00000000   Code   RO         3601    .ARM.Collect$$libshutdown$$0000000F  c_w.l(libshutdown2.o)
    0x080002c2   0x080002c2   0x00000002   Code   RO         3602    .ARM.Collect$$libshutdown$$00000010  c_w.l(libshutdown2.o)
    0x080002c4   0x080002c4   0x00000000   Code   RO         3220    .ARM.Collect$$rtentry$$00000000  c_w.l(__rtentry.o)
    0x080002c4   0x080002c4   0x00000000   Code   RO         3360    .ARM.Collect$$rtentry$$00000002  c_w.l(__rtentry2.o)
    0x080002c4   0x080002c4   0x00000006   Code   RO         3372    .ARM.Collect$$rtentry$$00000004  c_w.l(__rtentry4.o)
    0x080002ca   0x080002ca   0x00000000   Code   RO         3362    .ARM.Collect$$rtentry$$00000009  c_w.l(__rtentry2.o)
    0x080002ca   0x080002ca   0x00000004   Code   RO         3363    .ARM.Collect$$rtentry$$0000000A  c_w.l(__rtentry2.o)
    0x080002ce   0x080002ce   0x00000000   Code   RO         3365    .ARM.Collect$$rtentry$$0000000C  c_w.l(__rtentry2.o)
    0x080002ce   0x080002ce   0x00000008   Code   RO         3366    .ARM.Collect$$rtentry$$0000000D  c_w.l(__rtentry2.o)
    0x080002d6   0x080002d6   0x00000002   Code   RO         3615    .ARM.Collect$$rtexit$$00000000  c_w.l(rtexit.o)
    0x080002d8   0x080002d8   0x00000000   Code   RO         3678    .ARM.Collect$$rtexit$$00000002  c_w.l(rtexit2.o)
    0x080002d8   0x080002d8   0x00000004   Code   RO         3679    .ARM.Collect$$rtexit$$00000003  c_w.l(rtexit2.o)
    0x080002dc   0x080002dc   0x00000006   Code   RO         3680    .ARM.Collect$$rtexit$$00000004  c_w.l(rtexit2.o)
    0x080002e2   0x080002e2   0x00000002   PAD
    0x080002e4   0x080002e4   0x00000040   Code   RO           53    .text               startup_gd32f407_427.o
    0x08000324   0x08000324   0x00000010   Code   RO         3170    .text               c_w.l(rt_ctype_table.o)
    0x08000334   0x08000334   0x00000018   Code   RO         3172    .text               c_w.l(printf.o)
    0x0800034c   0x0800034c   0x00000058   Code   RO         3176    .text               c_w.l(memcmp.o)
    0x080003a4   0x080003a4   0x0000003e   Code   RO         3178    .text               c_w.l(strlen.o)
    0x080003e2   0x080003e2   0x0000008a   Code   RO         3182    .text               c_w.l(rt_memcpy_v6.o)
    0x0800046c   0x0800046c   0x00000044   Code   RO         3186    .text               c_w.l(rt_memclr.o)
    0x080004b0   0x080004b0   0x0000004e   Code   RO         3188    .text               c_w.l(rt_memclr_w.o)
    0x080004fe   0x080004fe   0x00000006   Code   RO         3190    .text               c_w.l(heapauxi.o)
    0x08000504   0x08000504   0x00000008   Code   RO         3224    .text               c_w.l(rt_locale_intlibspace.o)
    0x0800050c   0x0800050c   0x00000008   Code   RO         3229    .text               c_w.l(rt_errno_addr_intlibspace.o)
    0x08000514   0x08000514   0x0000004e   Code   RO         3233    .text               c_w.l(_printf_pad.o)
    0x08000562   0x08000562   0x00000024   Code   RO         3235    .text               c_w.l(_printf_truncate.o)
    0x08000586   0x08000586   0x00000052   Code   RO         3237    .text               c_w.l(_printf_str.o)
    0x080005d8   0x080005d8   0x00000078   Code   RO         3239    .text               c_w.l(_printf_dec.o)
    0x08000650   0x08000650   0x00000028   Code   RO         3241    .text               c_w.l(_printf_charcount.o)
    0x08000678   0x08000678   0x00000024   Code   RO         3243    .text               c_w.l(_printf_char_file.o)
    0x0800069c   0x0800069c   0x000000bc   Code   RO         3245    .text               c_w.l(_printf_wctomb.o)
    0x08000758   0x08000758   0x0000007c   Code   RO         3248    .text               c_w.l(_printf_longlong_dec.o)
    0x080007d4   0x080007d4   0x00000070   Code   RO         3254    .text               c_w.l(_printf_oct_int_ll.o)
    0x08000844   0x08000844   0x00000094   Code   RO         3274    .text               c_w.l(_printf_hex_int_ll_ptr.o)
    0x080008d8   0x080008d8   0x00000188   Code   RO         3294    .text               c_w.l(__printf_flags_ss_wp.o)
    0x08000a60   0x08000a60   0x00000064   Code   RO         3331    .text               c_w.l(rt_memcpy_w.o)
    0x08000ac4   0x08000ac4   0x00000008   Code   RO         3356    .text               c_w.l(libspace.o)
    0x08000acc   0x08000acc   0x0000008a   Code   RO         3374    .text               c_w.l(lludiv10.o)
    0x08000b56   0x08000b56   0x000000b2   Code   RO         3376    .text               c_w.l(_printf_intcommon.o)
    0x08000c08   0x08000c08   0x0000041c   Code   RO         3378    .text               c_w.l(_printf_fp_dec.o)
    0x08001024   0x08001024   0x000002fc   Code   RO         3382    .text               c_w.l(_printf_fp_hex.o)
    0x08001320   0x08001320   0x00000030   Code   RO         3385    .text               c_w.l(_printf_char_common.o)
    0x08001350   0x08001350   0x0000002c   Code   RO         3387    .text               c_w.l(_printf_char.o)
    0x0800137c   0x0800137c   0x0000002c   Code   RO         3389    .text               c_w.l(_printf_wchar.o)
    0x080013a8   0x080013a8   0x00000008   Code   RO         3394    .text               c_w.l(ferror.o)
    0x080013b0   0x080013b0   0x00000138   Code   RO         3400    .text               c_w.l(initio.o)
    0x080014e8   0x080014e8   0x00000048   Code   RO         3408    .text               c_w.l(_c16rtomb.o)
    0x08001530   0x08001530   0x0000007c   Code   RO         3410    .text               c_w.l(strcmpv7em.o)
    0x080015ac   0x080015ac   0x0000004a   Code   RO         3466    .text               c_w.l(sys_stackheap_outer.o)
    0x080015f6   0x080015f6   0x0000004e   Code   RO         3470    .text               c_w.l(h1_free.o)
    0x08001644   0x08001644   0x00000080   Code   RO         3524    .text               c_w.l(_printf_fp_infnan.o)
    0x080016c4   0x080016c4   0x000000e4   Code   RO         3530    .text               c_w.l(bigflt0.o)
    0x080017a8   0x080017a8   0x000001e2   Code   RO         3557    .text               c_w.l(flsbuf.o)
    0x0800198a   0x0800198a   0x00000046   Code   RO         3559    .text               c_w.l(setvbuf.o)
    0x080019d0   0x080019d0   0x000000f0   Code   RO         3562    .text               c_w.l(fopen.o)
    0x08001ac0   0x08001ac0   0x0000004c   Code   RO         3564    .text               c_w.l(fclose.o)
    0x08001b0c   0x08001b0c   0x00000012   Code   RO         3573    .text               c_w.l(exit.o)
    0x08001b1e   0x08001b1e   0x0000000e   Code   RO         3575    .text               c_w.l(defsig_rtred_outer.o)
    0x08001b2c   0x08001b2c   0x00000066   Code   RO         3611    .text               c_w.l(sys_io.o)
    0x08001b92   0x08001b92   0x00000002   PAD
    0x08001b94   0x08001b94   0x00000008   Code   RO         3622    .text               c_w.l(rt_heap_descriptor_intlibspace.o)
    0x08001b9c   0x08001b9c   0x00000004   Code   RO         3624    .text               c_w.l(hguard.o)
    0x08001ba0   0x08001ba0   0x0000008a   Code   RO         3626    .text               c_w.l(init_alloc.o)
    0x08001c2a   0x08001c2a   0x0000005e   Code   RO         3632    .text               c_w.l(h1_alloc.o)
    0x08001c88   0x08001c88   0x000000f8   Code   RO         3648    .text               c_w.l(fseek.o)
    0x08001d80   0x08001d80   0x00000108   Code   RO         3650    .text               c_w.l(stdio.o)
    0x08001e88   0x08001e88   0x0000000a   Code   RO         3656    .text               c_w.l(defsig_exit.o)
    0x08001e92   0x08001e92   0x00000002   PAD
    0x08001e94   0x08001e94   0x00000034   Code   RO         3658    .text               c_w.l(defsig_rtred_inner.o)
    0x08001ec8   0x08001ec8   0x0000000c   Code   RO         3668    .text               c_w.l(sys_exit.o)
    0x08001ed4   0x08001ed4   0x00000002   Code   RO         3674    .text               c_w.l(use_no_semi.o)
    0x08001ed6   0x08001ed6   0x00000000   Code   RO         3676    .text               c_w.l(indicate_semi.o)
    0x08001ed6   0x08001ed6   0x00000000   Code   RO         3686    .text               c_w.l(maybetermalloc1.o)
    0x08001ed6   0x08001ed6   0x0000000e   Code   RO         3688    .text               c_w.l(h1_init.o)
    0x08001ee4   0x08001ee4   0x00000034   Code   RO         3690    .text               c_w.l(h1_extend.o)
    0x08001f18   0x08001f18   0x00000042   Code   RO         3702    .text               c_w.l(ftell.o)
    0x08001f5a   0x08001f5a   0x00000032   Code   RO         3710    .text               c_w.l(defsig_general.o)
    0x08001f8c   0x08001f8c   0x0000000e   Code   RO         3712    .text               c_w.l(defsig_rtmem_outer.o)
    0x08001f9a   0x08001f9a   0x0000000e   Code   RO         3721    .text               c_w.l(sys_wrch.o)
    0x08001fa8   0x08001fa8   0x00000050   Code   RO         3727    .text               c_w.l(defsig_rtmem_inner.o)
    0x08001ff8   0x08001ff8   0x00000004   Code   RO           17    .text.BusFault_Handler  gd32f4xx_it.o
    0x08001ffc   0x08001ffc   0x00000040   Code   RO           25    .text.ENET_IRQHandler  gd32f4xx_it.o
    0x0800203c   0x0800203c   0x00000004   Code   RO           13    .text.HardFault_Handler  gd32f4xx_it.o
    0x08002040   0x08002040   0x00000004   Code   RO           15    .text.MemManage_Handler  gd32f4xx_it.o
    0x08002044   0x08002044   0x00000002   Code   RO           11    .text.NMI_Handler   gd32f4xx_it.o
    0x08002046   0x08002046   0x00000002   PAD
    0x08002048   0x08002048   0x00000002   Code   RO           23    .text.SDIO_IRQHandler  gd32f4xx_it.o
    0x0800204a   0x0800204a   0x00000002   PAD
    0x0800204c   0x0800204c   0x00000052   Code   RO           29    .text.SysTick_Config  gd32f4xx_it.o
    0x0800209e   0x0800209e   0x00000002   PAD
    0x080020a0   0x080020a0   0x00000016   Code   RO           33    .text.SysTick_Handler  gd32f4xx_it.o
    0x080020b6   0x080020b6   0x00000002   PAD
    0x080020b8   0x080020b8   0x000000fa   Code   RO         1973    .text.SystemInit    system_gd32f4xx.o
    0x080021b2   0x080021b2   0x00000002   PAD
    0x080021b4   0x080021b4   0x00000004   Code   RO           19    .text.UsageFault_Handler  gd32f4xx_it.o
    0x080021b8   0x080021b8   0x00000042   Code   RO           31    .text.__NVIC_SetPriority  gd32f4xx_it.o
    0x080021fa   0x080021fa   0x00000002   PAD
    0x080021fc   0x080021fc   0x0000001a   Code   RO           37    .text.board_init    gd32f4xx_it.o
    0x08002216   0x08002216   0x00000002   PAD
    0x08002218   0x08002218   0x00000062   Code   RO         2033    .text.bsp_led_gpio_init  bsp_led.o
    0x0800227a   0x0800227a   0x00000002   PAD
    0x0800227c   0x0800227c   0x00000038   Code   RO         2031    .text.bsp_led_init  bsp_led.o
    0x080022b4   0x080022b4   0x0000002c   Code   RO         2035    .text.bsp_led_off   bsp_led.o
    0x080022e0   0x080022e0   0x00000030   Code   RO         2070    .text.bsp_uart_init  bsp_uart.o
    0x08002310   0x08002310   0x00000210   Code   RO         2072    .text.bsp_uart_periph_init  bsp_uart.o
    0x08002520   0x08002520   0x00000016   Code   RO           41    .text.delay_ms      gd32f4xx_it.o
    0x08002536   0x08002536   0x00000002   PAD
    0x08002538   0x08002538   0x00000094   Code   RO           39    .text.delay_us      gd32f4xx_it.o
    0x080025cc   0x080025cc   0x00000062   Code   RO         2978    .text.dhcp_arp_reply  dhcp.o
    0x0800262e   0x0800262e   0x00000002   PAD
    0x08002630   0x08002630   0x000001da   Code   RO         2998    .text.dhcp_bind     dhcp.o
    0x0800280a   0x0800280a   0x00000002   PAD
    0x0800280c   0x0800280c   0x00000074   Code   RO         2996    .text.dhcp_check    dhcp.o
    0x08002880   0x08002880   0x000000ba   Code   RO         2938    .text.dhcp_coarse_tmr  dhcp.o
    0x0800293a   0x0800293a   0x00000002   PAD
    0x0800293c   0x0800293c   0x000001ba   Code   RO         2966    .text.dhcp_create_msg  dhcp.o
    0x08002af6   0x08002af6   0x00000002   PAD
    0x08002af8   0x08002af8   0x0000004a   Code   RO         2956    .text.dhcp_dec_pcb_refcount  dhcp.o
    0x08002b42   0x08002b42   0x00000002   PAD
    0x08002b44   0x08002b44   0x00000104   Code   RO         2980    .text.dhcp_decline  dhcp.o
    0x08002c48   0x08002c48   0x00000176   Code   RO         2962    .text.dhcp_discover  dhcp.o
    0x08002dbe   0x08002dbe   0x00000002   PAD
    0x08002dc0   0x08002dc0   0x00000068   Code   RO         2948    .text.dhcp_fine_tmr  dhcp.o
    0x08002e28   0x08002e28   0x000000e8   Code   RO         3006    .text.dhcp_handle_ack  dhcp.o
    0x08002f10   0x08002f10   0x00000034   Code   RO         3008    .text.dhcp_handle_nak  dhcp.o
    0x08002f44   0x08002f44   0x0000005a   Code   RO         3010    .text.dhcp_handle_offer  dhcp.o
    0x08002f9e   0x08002f9e   0x00000002   PAD
    0x08002fa0   0x08002fa0   0x000000a8   Code   RO         2958    .text.dhcp_inc_pcb_refcount  dhcp.o
    0x08003048   0x08003048   0x00000054   Code   RO         2968    .text.dhcp_option   dhcp.o
    0x0800309c   0x0800309c   0x00000036   Code   RO         2984    .text.dhcp_option_byte  dhcp.o
    0x080030d2   0x080030d2   0x00000002   PAD
    0x080030d4   0x080030d4   0x0000006a   Code   RO         2988    .text.dhcp_option_long  dhcp.o
    0x0800313e   0x0800313e   0x00000002   PAD
    0x08003140   0x08003140   0x0000004a   Code   RO         2970    .text.dhcp_option_short  dhcp.o
    0x0800318a   0x0800318a   0x00000002   PAD
    0x0800318c   0x0800318c   0x00000072   Code   RO         2972    .text.dhcp_option_trailer  dhcp.o
    0x080031fe   0x080031fe   0x00000002   PAD
    0x08003200   0x08003200   0x00000588   Code   RO         3004    .text.dhcp_parse_reply  dhcp.o
    0x08003788   0x08003788   0x0000015a   Code   RO         3000    .text.dhcp_rebind   dhcp.o
    0x080038e2   0x080038e2   0x00000002   PAD
    0x080038e4   0x080038e4   0x00000192   Code   RO         2976    .text.dhcp_reboot   dhcp.o
    0x08003a76   0x08003a76   0x00000002   PAD
    0x08003a78   0x08003a78   0x00000206   Code   RO         3002    .text.dhcp_recv     dhcp.o
    0x08003c7e   0x08003c7e   0x00000002   PAD
    0x08003c80   0x08003c80   0x0000012c   Code   RO         2940    .text.dhcp_release_and_stop  dhcp.o
    0x08003dac   0x08003dac   0x00000158   Code   RO         2982    .text.dhcp_renew    dhcp.o
    0x08003f04   0x08003f04   0x00000226   Code   RO         2994    .text.dhcp_select   dhcp.o
    0x0800412a   0x0800412a   0x00000002   PAD
    0x0800412c   0x0800412c   0x0000002e   Code   RO         2960    .text.dhcp_set_state  dhcp.o
    0x0800415a   0x0800415a   0x00000002   PAD
    0x0800415c   0x0800415c   0x00000140   Code   RO         2942    .text.dhcp_start    dhcp.o
    0x0800429c   0x0800429c   0x00000060   Code   RO         2986    .text.dhcp_supplied_address  dhcp.o
    0x080042fc   0x080042fc   0x00000064   Code   RO         2946    .text.dhcp_t1_timeout  dhcp.o
    0x08004360   0x08004360   0x0000006e   Code   RO         2944    .text.dhcp_t2_timeout  dhcp.o
    0x080043ce   0x080043ce   0x00000002   PAD
    0x080043d0   0x080043d0   0x000000be   Code   RO         2950    .text.dhcp_timeout  dhcp.o
    0x0800448e   0x0800448e   0x00000002   PAD
    0x08004490   0x08004490   0x00000030   Code   RO         2459    .text.do_memp_free_pool  memp.o
    0x080044c0   0x080044c0   0x00000044   Code   RO         2453    .text.do_memp_malloc_pool  memp.o
    0x08004504   0x08004504   0x000000be   Code   RO          518    .text.enet_default_init  gd32f4xx_enet.o
    0x080045c2   0x080045c2   0x00000002   PAD
    0x080045c4   0x080045c4   0x0000001c   Code   RO          506    .text.enet_deinit   gd32f4xx_enet.o
    0x080045e0   0x080045e0   0x00000022   Code   RO          516    .text.enet_delay    gd32f4xx_enet.o
    0x08004602   0x08004602   0x00000002   PAD
    0x08004604   0x08004604   0x000000aa   Code   RO          610    .text.enet_desc_information_get  gd32f4xx_enet.o
    0x080046ae   0x080046ae   0x00000002   PAD
    0x080046b0   0x080046b0   0x00000116   Code   RO          528    .text.enet_descriptors_chain_init  gd32f4xx_enet.o
    0x080047c6   0x080047c6   0x00000002   PAD
    0x080047c8   0x080047c8   0x0000000c   Code   RO          538    .text.enet_enable   gd32f4xx_enet.o
    0x080047d4   0x080047d4   0x000001be   Code   RO          532    .text.enet_frame_receive  gd32f4xx_enet.o
    0x08004992   0x08004992   0x00000002   PAD
    0x08004994   0x08004994   0x00000156   Code   RO          534    .text.enet_frame_transmit  gd32f4xx_enet.o
    0x08004aea   0x08004aea   0x00000002   PAD
    0x08004aec   0x08004aec   0x000001a8   Code   RO         2211    .text.enet_gpio_config  bsp_enet.o
    0x08004c94   0x08004c94   0x0000065e   Code   RO          512    .text.enet_init     gd32f4xx_enet.o
    0x080052f2   0x080052f2   0x00000002   PAD
    0x080052f4   0x080052f4   0x0000002a   Code   RO          508    .text.enet_initpara_reset  gd32f4xx_enet.o
    0x0800531e   0x0800531e   0x00000002   PAD
    0x08005320   0x08005320   0x00000052   Code   RO          558    .text.enet_interrupt_enable  gd32f4xx_enet.o
    0x08005372   0x08005372   0x00000002   PAD
    0x08005374   0x08005374   0x0000001e   Code   RO          564    .text.enet_interrupt_flag_clear  gd32f4xx_enet.o
    0x08005392   0x08005392   0x00000002   PAD
    0x08005394   0x08005394   0x00000030   Code   RO          550    .text.enet_mac_address_set  gd32f4xx_enet.o
    0x080053c4   0x080053c4   0x00000054   Code   RO         2213    .text.enet_mac_dma_config  bsp_enet.o
    0x08005418   0x08005418   0x00000190   Code   RO          514    .text.enet_phy_config  gd32f4xx_enet.o
    0x080055a8   0x080055a8   0x000000f4   Code   RO          520    .text.enet_phy_write_read  gd32f4xx_enet.o
    0x0800569c   0x0800569c   0x00000012   Code   RO          620    .text.enet_rx_desc_immediate_receive_complete_interrupt  gd32f4xx_enet.o
    0x080056ae   0x080056ae   0x00000002   PAD
    0x080056b0   0x080056b0   0x00000022   Code   RO          542    .text.enet_rx_enable  gd32f4xx_enet.o
    0x080056d2   0x080056d2   0x00000002   PAD
    0x080056d4   0x080056d4   0x00000108   Code   RO          526    .text.enet_rxframe_drop  gd32f4xx_enet.o
    0x080057dc   0x080057dc   0x000000fc   Code   RO          524    .text.enet_rxframe_size_get  gd32f4xx_enet.o
    0x080058d8   0x080058d8   0x0000007c   Code   RO          522    .text.enet_software_reset  gd32f4xx_enet.o
    0x08005954   0x08005954   0x0000003a   Code   RO         2201    .text.enet_system_setup  bsp_enet.o
    0x0800598e   0x0800598e   0x00000002   PAD
    0x08005990   0x08005990   0x00000028   Code   RO          540    .text.enet_tx_enable  gd32f4xx_enet.o
    0x080059b8   0x080059b8   0x00000074   Code   RO          566    .text.enet_txfifo_flush  gd32f4xx_enet.o
    0x08005a2c   0x08005a2c   0x00000372   Code   RO         3036    .text.etharp_find_entry  etharp.o
    0x08005d9e   0x08005d9e   0x00000002   PAD
    0x08005da0   0x08005da0   0x000000a0   Code   RO         3028    .text.etharp_free_entry  etharp.o
    0x08005e40   0x08005e40   0x0000013a   Code   RO         3040    .text.etharp_input  etharp.o
    0x08005f7a   0x08005f7a   0x00000002   PAD
    0x08005f7c   0x08005f7c   0x00000220   Code   RO         3046    .text.etharp_output  etharp.o
    0x0800619c   0x0800619c   0x00000134   Code   RO         3048    .text.etharp_output_to_arp_index  etharp.o
    0x080062d0   0x080062d0   0x000002fe   Code   RO         3050    .text.etharp_query  etharp.o
    0x080065ce   0x080065ce   0x00000002   PAD
    0x080065d0   0x080065d0   0x00000104   Code   RO         3044    .text.etharp_raw    etharp.o
    0x080066d4   0x080066d4   0x00000020   Code   RO         3030    .text.etharp_request  etharp.o
    0x080066f4   0x080066f4   0x0000003e   Code   RO         3052    .text.etharp_request_dst  etharp.o
    0x08006732   0x08006732   0x00000002   PAD
    0x08006734   0x08006734   0x00000158   Code   RO         3026    .text.etharp_tmr    etharp.o
    0x0800688c   0x0800688c   0x0000013e   Code   RO         3042    .text.etharp_update_arp_entry  etharp.o
    0x080069ca   0x080069ca   0x00000002   PAD
    0x080069cc   0x080069cc   0x0000013a   Code   RO         3156    .text.ethernet_input  ethernet.o
    0x08006b06   0x08006b06   0x00000002   PAD
    0x08006b08   0x08006b08   0x00000090   Code   RO         3158    .text.ethernet_output  ethernet.o
    0x08006b98   0x08006b98   0x00000046   Code   RO         2323    .text.ethernetif_init  ethernetif.o
    0x08006bde   0x08006bde   0x00000002   PAD
    0x08006be0   0x08006be0   0x00000052   Code   RO         2319    .text.ethernetif_input  ethernetif.o
    0x08006c32   0x08006c32   0x00000002   PAD
    0x08006c34   0x08006c34   0x0000000c   Code   RO           35    .text.get_system_tick  gd32f4xx_it.o
    0x08006c40   0x08006c40   0x000000d4   Code   RO          948    .text.gpio_af_set   gd32f4xx_gpio.o
    0x08006d14   0x08006d14   0x00000010   Code   RO          934    .text.gpio_bit_reset  gd32f4xx_gpio.o
    0x08006d24   0x08006d24   0x0000009c   Code   RO          928    .text.gpio_mode_set  gd32f4xx_gpio.o
    0x08006dc0   0x08006dc0   0x00000092   Code   RO          930    .text.gpio_output_options_set  gd32f4xx_gpio.o
    0x08006e52   0x08006e52   0x00000002   PAD
    0x08006e54   0x08006e54   0x0000001a   Code   RO         3066    .text.icmp_dest_unreach  icmp.o
    0x08006e6e   0x08006e6e   0x00000002   PAD
    0x08006e70   0x08006e70   0x000002f2   Code   RO         3064    .text.icmp_input    icmp.o
    0x08007162   0x08007162   0x00000002   PAD
    0x08007164   0x08007164   0x000000fe   Code   RO         3068    .text.icmp_send_response  icmp.o
    0x08007262   0x08007262   0x00000002   PAD
    0x08007264   0x08007264   0x0000001a   Code   RO         3070    .text.icmp_time_exceeded  icmp.o
    0x0800727e   0x0800727e   0x00000002   PAD
    0x08007280   0x08007280   0x0000001e   Code   RO         2393    .text.inet_chksum   inet_chksum.o
    0x0800729e   0x0800729e   0x00000002   PAD
    0x080072a0   0x080072a0   0x0000007a   Code   RO         2395    .text.inet_chksum_pbuf  inet_chksum.o
    0x0800731a   0x0800731a   0x00000002   PAD
    0x0800731c   0x0800731c   0x0000006c   Code   RO         2381    .text.inet_chksum_pseudo  inet_chksum.o
    0x08007388   0x08007388   0x000000be   Code   RO         2383    .text.inet_cksum_pseudo_base  inet_chksum.o
    0x08007446   0x08007446   0x00000002   PAD
    0x08007448   0x08007448   0x00000084   Code   RO         3100    .text.ip4_addr_isbroadcast_u32  ip4_addr.o
    0x080074cc   0x080074cc   0x000002c8   Code   RO         3138    .text.ip4_frag      ip4_frag.o
    0x08007794   0x08007794   0x0000034e   Code   RO         3082    .text.ip4_input     ip4.o
    0x08007ae2   0x08007ae2   0x00000002   PAD
    0x08007ae4   0x08007ae4   0x0000006a   Code   RO         3084    .text.ip4_input_accept  ip4.o
    0x08007b4e   0x08007b4e   0x00000002   PAD
    0x08007b50   0x08007b50   0x00000070   Code   RO         3086    .text.ip4_output_if  ip4.o
    0x08007bc0   0x08007bc0   0x000001de   Code   RO         3088    .text.ip4_output_if_src  ip4.o
    0x08007d9e   0x08007d9e   0x00000002   PAD
    0x08007da0   0x08007da0   0x00000354   Code   RO         3128    .text.ip4_reass     ip4_frag.o
    0x080080f4   0x080080f4   0x00000124   Code   RO         3080    .text.ip4_route     ip4.o
    0x08008218   0x08008218   0x00000032   Code   RO         2385    .text.ip_chksum_pseudo  inet_chksum.o
    0x0800824a   0x0800824a   0x00000002   PAD
    0x0800824c   0x0800824c   0x0000000a   Code   RO         3140    .text.ip_frag_alloc_pbuf_custom_ref  ip4_frag.o
    0x08008256   0x08008256   0x00000002   PAD
    0x08008258   0x08008258   0x0000001e   Code   RO         3142    .text.ip_frag_free_pbuf_custom_ref  ip4_frag.o
    0x08008276   0x08008276   0x00000002   PAD
    0x08008278   0x08008278   0x0000029e   Code   RO         3134    .text.ip_reass_chain_frag_into_datagram_and_validate  ip4_frag.o
    0x08008516   0x08008516   0x00000002   PAD
    0x08008518   0x08008518   0x0000004c   Code   RO         3136    .text.ip_reass_dequeue_datagram  ip4_frag.o
    0x08008564   0x08008564   0x0000008a   Code   RO         3132    .text.ip_reass_enqueue_new_datagram  ip4_frag.o
    0x080085ee   0x080085ee   0x00000002   PAD
    0x080085f0   0x080085f0   0x00000136   Code   RO         3126    .text.ip_reass_free_complete_datagram  ip4_frag.o
    0x08008726   0x08008726   0x00000002   PAD
    0x08008728   0x08008728   0x000000f6   Code   RO         3130    .text.ip_reass_remove_oldest_datagram  ip4_frag.o
    0x0800881e   0x0800881e   0x00000002   PAD
    0x08008820   0x08008820   0x0000005c   Code   RO         3124    .text.ip_reass_tmr  ip4_frag.o
    0x0800887c   0x0800887c   0x00000042   Code   RO         3144    .text.ipfrag_free_pbuf_custom  ip4_frag.o
    0x080088be   0x080088be   0x00000002   PAD
    0x080088c0   0x080088c0   0x00000310   Code   RO         2195    .text.lan_phy_init  bsp_enet.o
    0x08008bd0   0x08008bd0   0x0000009e   Code   RO         2327    .text.low_level_init  ethernetif.o
    0x08008c6e   0x08008c6e   0x00000002   PAD
    0x08008c70   0x08008c70   0x0000008a   Code   RO         2321    .text.low_level_input  ethernetif.o
    0x08008cfa   0x08008cfa   0x00000002   PAD
    0x08008cfc   0x08008cfc   0x00000076   Code   RO         2325    .text.low_level_output  ethernetif.o
    0x08008d72   0x08008d72   0x00000002   PAD
    0x08008d74   0x08008d74   0x000000aa   Code   RO         2199    .text.lwip_comm_default_ip_set  bsp_enet.o
    0x08008e1e   0x08008e1e   0x00000002   PAD
    0x08008e20   0x08008e20   0x00000178   Code   RO         2197    .text.lwip_comm_init  bsp_enet.o
    0x08008f98   0x08008f98   0x00000070   Code   RO         2869    .text.lwip_cyclic_timer  timeouts.o
    0x08009008   0x08009008   0x00000020   Code   RO         2361    .text.lwip_htonl    def.o
    0x08009028   0x08009028   0x00000010   Code   RO         2359    .text.lwip_htons    def.o
    0x08009038   0x08009038   0x0000002c   Code   RO         2404    .text.lwip_init     init.o
    0x08009064   0x08009064   0x00000058   Code   RO         2205    .text.lwip_periodic_handle  bsp_enet.o
    0x080090bc   0x080090bc   0x00000010   Code   RO         2203    .text.lwip_pkt_handle  bsp_enet.o
    0x080090cc   0x080090cc   0x000000a8   Code   RO         2379    .text.lwip_standard_chksum  inet_chksum.o
    0x08009174   0x08009174   0x00000036   Code   RO            2    .text.main          main.o
    0x080091aa   0x080091aa   0x00000002   PAD
    0x080091ac   0x080091ac   0x000000c4   Code   RO         2422    .text.mem_free      mem.o
    0x08009270   0x08009270   0x00000070   Code   RO         2418    .text.mem_init      mem.o
    0x080092e0   0x080092e0   0x0000008a   Code   RO         2424    .text.mem_link_valid  mem.o
    0x0800936a   0x0800936a   0x00000002   PAD
    0x0800936c   0x0800936c   0x0000023e   Code   RO         2432    .text.mem_malloc    mem.o
    0x080095aa   0x080095aa   0x00000002   PAD
    0x080095ac   0x080095ac   0x00000018   Code   RO         2430    .text.mem_to_ptr    mem.o
    0x080095c4   0x080095c4   0x0000025e   Code   RO         2428    .text.mem_trim      mem.o
    0x08009822   0x08009822   0x00000002   PAD
    0x08009824   0x08009824   0x0000004e   Code   RO         2461    .text.memp_free     memp.o
    0x08009872   0x08009872   0x00000002   PAD
    0x08009874   0x08009874   0x0000003c   Code   RO         2449    .text.memp_init     memp.o
    0x080098b0   0x080098b0   0x00000052   Code   RO         2447    .text.memp_init_pool  memp.o
    0x08009902   0x08009902   0x00000002   PAD
    0x08009904   0x08009904   0x0000004e   Code   RO         2455    .text.memp_malloc   memp.o
    0x08009952   0x08009952   0x00000002   PAD
    0x08009954   0x08009954   0x000001e8   Code   RO         2505    .text.netif_add     netif.o
    0x08009b3c   0x08009b3c   0x0000001c   Code   RO         2525    .text.netif_do_ip_addr_changed  netif.o
    0x08009b58   0x08009b58   0x00000046   Code   RO         2521    .text.netif_do_set_gw  netif.o
    0x08009b9e   0x08009b9e   0x00000002   PAD
    0x08009ba0   0x08009ba0   0x00000092   Code   RO         2513    .text.netif_do_set_ipaddr  netif.o
    0x08009c32   0x08009c32   0x00000002   PAD
    0x08009c34   0x08009c34   0x00000046   Code   RO         2517    .text.netif_do_set_netmask  netif.o
    0x08009c7a   0x08009c7a   0x00000002   PAD
    0x08009c7c   0x08009c7c   0x00000054   Code   RO         2547    .text.netif_get_by_index  netif.o
    0x08009cd0   0x08009cd0   0x00000002   Code   RO         2499    .text.netif_init    netif.o
    0x08009cd2   0x08009cd2   0x00000002   PAD
    0x08009cd4   0x08009cd4   0x00000062   Code   RO         2533    .text.netif_issue_reports  netif.o
    0x08009d36   0x08009d36   0x00000002   PAD
    0x08009d38   0x08009d38   0x00000010   Code   RO         2507    .text.netif_null_output_ip4  netif.o
    0x08009d48   0x08009d48   0x000000bc   Code   RO         2509    .text.netif_set_addr  netif.o
    0x08009e04   0x08009e04   0x00000022   Code   RO         2529    .text.netif_set_default  netif.o
    0x08009e26   0x08009e26   0x00000002   PAD
    0x08009e28   0x08009e28   0x00000062   Code   RO         2531    .text.netif_set_up  netif.o
    0x08009e8a   0x08009e8a   0x00000002   PAD
    0x08009e8c   0x08009e8c   0x0000000e   Code   RO         2209    .text.nvic_configuration  bsp_enet.o
    0x08009e9a   0x08009e9a   0x00000002   PAD
    0x08009e9c   0x08009e9c   0x0000012a   Code   RO         1128    .text.nvic_irq_enable  gd32f4xx_misc.o
    0x08009fc6   0x08009fc6   0x00000002   PAD
    0x08009fc8   0x08009fc8   0x0000001c   Code   RO         1126    .text.nvic_priority_group_set  gd32f4xx_misc.o
    0x08009fe4   0x08009fe4   0x00000028   Code   RO         1132    .text.nvic_vector_table_set  gd32f4xx_misc.o
    0x0800a00c   0x0800a00c   0x00000016   Code   RO         2572    .text.pbuf_add_header  pbuf.o
    0x0800a022   0x0800a022   0x00000002   PAD
    0x0800a024   0x0800a024   0x000000e4   Code   RO         2574    .text.pbuf_add_header_impl  pbuf.o
    0x0800a108   0x0800a108   0x00000218   Code   RO         2560    .text.pbuf_alloc    pbuf.o
    0x0800a320   0x0800a320   0x0000006c   Code   RO         2562    .text.pbuf_alloc_reference  pbuf.o
    0x0800a38c   0x0800a38c   0x00000098   Code   RO         2568    .text.pbuf_alloced_custom  pbuf.o
    0x0800a424   0x0800a424   0x00000086   Code   RO         2592    .text.pbuf_cat      pbuf.o
    0x0800a4aa   0x0800a4aa   0x00000002   PAD
    0x0800a4ac   0x0800a4ac   0x0000001e   Code   RO         2594    .text.pbuf_chain    pbuf.o
    0x0800a4ca   0x0800a4ca   0x00000002   PAD
    0x0800a4cc   0x0800a4cc   0x0000002c   Code   RO         2588    .text.pbuf_clen     pbuf.o
    0x0800a4f8   0x0800a4f8   0x00000052   Code   RO         2616    .text.pbuf_clone    pbuf.o
    0x0800a54a   0x0800a54a   0x00000002   PAD
    0x0800a54c   0x0800a54c   0x00000048   Code   RO         2598    .text.pbuf_copy     pbuf.o
    0x0800a594   0x0800a594   0x0000013a   Code   RO         2602    .text.pbuf_copy_partial  pbuf.o
    0x0800a6ce   0x0800a6ce   0x00000002   PAD
    0x0800a6d0   0x0800a6d0   0x00000248   Code   RO         2600    .text.pbuf_copy_partial_pbuf  pbuf.o
    0x0800a918   0x0800a918   0x0000010e   Code   RO         2564    .text.pbuf_free     pbuf.o
    0x0800aa26   0x0800aa26   0x00000002   PAD
    0x0800aa28   0x0800aa28   0x0000001a   Code   RO         2584    .text.pbuf_header_force  pbuf.o
    0x0800aa42   0x0800aa42   0x00000002   PAD
    0x0800aa44   0x0800aa44   0x00000048   Code   RO         2582    .text.pbuf_header_impl  pbuf.o
    0x0800aa8c   0x0800aa8c   0x0000005e   Code   RO         2566    .text.pbuf_init_alloced_pbuf  pbuf.o
    0x0800aaea   0x0800aaea   0x00000002   PAD
    0x0800aaec   0x0800aaec   0x000000f0   Code   RO         2570    .text.pbuf_realloc  pbuf.o
    0x0800abdc   0x0800abdc   0x0000002c   Code   RO         2590    .text.pbuf_ref      pbuf.o
    0x0800ac08   0x0800ac08   0x000000a6   Code   RO         2578    .text.pbuf_remove_header  pbuf.o
    0x0800acae   0x0800acae   0x00000002   PAD
    0x0800acb0   0x0800acb0   0x00000140   Code   RO         2426    .text.plug_holes    mem.o
    0x0800adf0   0x0800adf0   0x0000001a   Code   RO         2420    .text.ptr_to_mem    mem.o
    0x0800ae0a   0x0800ae0a   0x00000002   PAD
    0x0800ae0c   0x0800ae0c   0x0000002a   Code   RO         1227    .text.rcu_ckout0_config  gd32f4xx_rcu.o
    0x0800ae36   0x0800ae36   0x00000002   PAD
    0x0800ae38   0x0800ae38   0x00000162   Code   RO         1279    .text.rcu_clock_freq_get  gd32f4xx_rcu.o
    0x0800af9a   0x0800af9a   0x00000002   PAD
    0x0800af9c   0x0800af9c   0x00000028   Code   RO         1201    .text.rcu_periph_clock_enable  gd32f4xx_rcu.o
    0x0800afc4   0x0800afc4   0x00000028   Code   RO         1211    .text.rcu_periph_reset_disable  gd32f4xx_rcu.o
    0x0800afec   0x0800afec   0x00000028   Code   RO         1209    .text.rcu_periph_reset_enable  gd32f4xx_rcu.o
    0x0800b014   0x0800b014   0x00000026   Code   RO         2191    .text.read_lan_phy  bsp_enet.o
    0x0800b03a   0x0800b03a   0x00000002   PAD
    0x0800b03c   0x0800b03c   0x00000098   Code   RO         2021    .text.soft_timer_tick  soft_timer.o
    0x0800b0d4   0x0800b0d4   0x00000008   Code   RO         2207    .text.sys_now       bsp_enet.o
    0x0800b0dc   0x0800b0dc   0x00000032   Code   RO         2863    .text.sys_timeout   timeouts.o
    0x0800b10e   0x0800b10e   0x00000002   PAD
    0x0800b110   0x0800b110   0x000000f0   Code   RO         2871    .text.sys_timeout_abs  timeouts.o
    0x0800b200   0x0800b200   0x0000003e   Code   RO         2867    .text.sys_timeouts_init  timeouts.o
    0x0800b23e   0x0800b23e   0x00000002   PAD
    0x0800b240   0x0800b240   0x00000024   Code   RO         1587    .text.syscfg_enet_phy_interface_config  gd32f4xx_syscfg.o
    0x0800b264   0x0800b264   0x00000168   Code   RO         1979    .text.system_clock_168m_8m_hxtal  system_gd32f4xx.o
    0x0800b3cc   0x0800b3cc   0x00000008   Code   RO         1975    .text.system_clock_config  system_gd32f4xx.o
    0x0800b3d4   0x0800b3d4   0x00000032   Code   RO           27    .text.systick_config  gd32f4xx_it.o
    0x0800b406   0x0800b406   0x00000002   PAD
    0x0800b408   0x0800b408   0x00000194   Code   RO         2657    .text.tcp_abandon   tcp.o
    0x0800b59c   0x0800b59c   0x00000012   Code   RO         2663    .text.tcp_abort     tcp.o
    0x0800b5ae   0x0800b5ae   0x00000002   PAD
    0x0800b5b0   0x0800b5b0   0x00000138   Code   RO         2701    .text.tcp_alloc     tcp.o
    0x0800b6e8   0x0800b6e8   0x0000005c   Code   RO         2651    .text.tcp_close     tcp.o
    0x0800b744   0x0800b744   0x00000210   Code   RO         2653    .text.tcp_close_shutdown  tcp.o
    0x0800b954   0x0800b954   0x000000d0   Code   RO         2689    .text.tcp_close_shutdown_fin  tcp.o
    0x0800ba24   0x0800ba24   0x00000112   Code   RO         2811    .text.tcp_create_segment  tcp_out.o
    0x0800bb36   0x0800bb36   0x00000002   PAD
    0x0800bb38   0x0800bb38   0x0000009e   Code   RO         2685    .text.tcp_eff_send_mss_netif  tcp.o
    0x0800bbd6   0x0800bbd6   0x00000002   PAD
    0x0800bbd8   0x0800bbd8   0x000001aa   Code   RO         2817    .text.tcp_enqueue_flags  tcp_out.o
    0x0800bd82   0x0800bd82   0x00000002   PAD
    0x0800bd84   0x0800bd84   0x000000e6   Code   RO         2647    .text.tcp_fasttmr   tcp.o
    0x0800be6a   0x0800be6a   0x00000002   PAD
    0x0800be6c   0x0800be6c   0x00000022   Code   RO         2643    .text.tcp_free      tcp.o
    0x0800be8e   0x0800be8e   0x00000002   PAD
    0x0800be90   0x0800be90   0x000000ec   Code   RO         2781    .text.tcp_free_acked_segments  tcp_in.o
    0x0800bf7c   0x0800bf7c   0x00000022   Code   RO         2737    .text.tcp_free_listen  tcp.o
    0x0800bf9e   0x0800bf9e   0x00000002   PAD
    0x0800bfa0   0x0800bfa0   0x00000084   Code   RO         2777    .text.tcp_get_next_optbyte  tcp_in.o
    0x0800c024   0x0800c024   0x0000004e   Code   RO         2703    .text.tcp_handle_closepend  tcp.o
    0x0800c072   0x0800c072   0x00000002   PAD
    0x0800c074   0x0800c074   0x00000002   Code   RO         2641    .text.tcp_init      tcp.o
    0x0800c076   0x0800c076   0x00000002   PAD
    0x0800c078   0x0800c078   0x000008ba   Code   RO         2763    .text.tcp_input     tcp_in.o
    0x0800c932   0x0800c932   0x00000002   PAD
    0x0800c934   0x0800c934   0x00000076   Code   RO         2771    .text.tcp_input_delayed_close  tcp_in.o
    0x0800c9aa   0x0800c9aa   0x00000002   PAD
    0x0800c9ac   0x0800c9ac   0x0000008c   Code   RO         2849    .text.tcp_keepalive  tcp_out.o
    0x0800ca38   0x0800ca38   0x000000c8   Code   RO         2709    .text.tcp_kill_prio  tcp.o
    0x0800cb00   0x0800cb00   0x0000009e   Code   RO         2707    .text.tcp_kill_state  tcp.o
    0x0800cb9e   0x0800cb9e   0x00000002   PAD
    0x0800cba0   0x0800cba0   0x0000006e   Code   RO         2705    .text.tcp_kill_timewait  tcp.o
    0x0800cc0e   0x0800cc0e   0x00000002   PAD
    0x0800cc10   0x0800cc10   0x00000054   Code   RO         2735    .text.tcp_listen_closed  tcp.o
    0x0800cc64   0x0800cc64   0x00000218   Code   RO         2767    .text.tcp_listen_input  tcp_in.o
    0x0800ce7c   0x0800ce7c   0x00000082   Code   RO         2727    .text.tcp_netif_ip_addr_changed  tcp.o
    0x0800cefe   0x0800cefe   0x00000002   PAD
    0x0800cf00   0x0800cf00   0x00000052   Code   RO         2729    .text.tcp_netif_ip_addr_changed_pcblist  tcp.o
    0x0800cf52   0x0800cf52   0x00000002   PAD
    0x0800cf54   0x0800cf54   0x0000002e   Code   RO         2683    .text.tcp_next_iss  tcp.o
    0x0800cf82   0x0800cf82   0x00000002   PAD
    0x0800cf84   0x0800cf84   0x0000042c   Code   RO         2819    .text.tcp_output    tcp_out.o
    0x0800d3b0   0x0800d3b0   0x0000006c   Code   RO         2847    .text.tcp_output_alloc_header  tcp_out.o
    0x0800d41c   0x0800d41c   0x000000ce   Code   RO         2841    .text.tcp_output_alloc_header_common  tcp_out.o
    0x0800d4ea   0x0800d4ea   0x00000002   PAD
    0x0800d4ec   0x0800d4ec   0x000000ae   Code   RO         2845    .text.tcp_output_control_segment  tcp_out.o
    0x0800d59a   0x0800d59a   0x00000002   PAD
    0x0800d59c   0x0800d59c   0x0000005a   Code   RO         2843    .text.tcp_output_fill_options  tcp_out.o
    0x0800d5f6   0x0800d5f6   0x00000002   PAD
    0x0800d5f8   0x0800d5f8   0x000001a4   Code   RO         2825    .text.tcp_output_segment  tcp_out.o
    0x0800d79c   0x0800d79c   0x0000002e   Code   RO         2829    .text.tcp_output_segment_busy  tcp_out.o
    0x0800d7ca   0x0800d7ca   0x00000002   PAD
    0x0800d7cc   0x0800d7cc   0x0000012e   Code   RO         2775    .text.tcp_parseopt  tcp_in.o
    0x0800d8fa   0x0800d8fa   0x00000002   PAD
    0x0800d8fc   0x0800d8fc   0x000000a8   Code   RO         2687    .text.tcp_pcb_purge  tcp.o
    0x0800d9a4   0x0800d9a4   0x000000e4   Code   RO         2659    .text.tcp_pcb_remove  tcp.o
    0x0800da88   0x0800da88   0x0000097c   Code   RO         2769    .text.tcp_process   tcp_in.o
    0x0800e404   0x0800e404   0x00000116   Code   RO         2691    .text.tcp_process_refused_data  tcp.o
    0x0800e51a   0x0800e51a   0x00000002   PAD
    0x0800e51c   0x0800e51c   0x00000966   Code   RO         2779    .text.tcp_receive   tcp_in.o
    0x0800ee82   0x0800ee82   0x00000002   PAD
    0x0800ee84   0x0800ee84   0x0000006e   Code   RO         2695    .text.tcp_recv_null  tcp.o
    0x0800eef2   0x0800eef2   0x00000002   PAD
    0x0800eef4   0x0800eef4   0x000000aa   Code   RO         2679    .text.tcp_recved    tcp.o
    0x0800ef9e   0x0800ef9e   0x00000002   PAD
    0x0800efa0   0x0800efa0   0x00000040   Code   RO         2739    .text.tcp_remove_listener  tcp.o
    0x0800efe0   0x0800efe0   0x000000dc   Code   RO         2835    .text.tcp_rexmit    tcp_out.o
    0x0800f0bc   0x0800f0bc   0x000000b6   Code   RO         2837    .text.tcp_rexmit_fast  tcp_out.o
    0x0800f172   0x0800f172   0x00000002   PAD
    0x0800f174   0x0800f174   0x00000028   Code   RO         2833    .text.tcp_rexmit_rto  tcp_out.o
    0x0800f19c   0x0800f19c   0x00000036   Code   RO         2831    .text.tcp_rexmit_rto_commit  tcp_out.o
    0x0800f1d2   0x0800f1d2   0x00000002   PAD
    0x0800f1d4   0x0800f1d4   0x000000e2   Code   RO         2827    .text.tcp_rexmit_rto_prepare  tcp_out.o
    0x0800f2b6   0x0800f2b6   0x00000002   PAD
    0x0800f2b8   0x0800f2b8   0x00000034   Code   RO         2823    .text.tcp_route     tcp_out.o
    0x0800f2ec   0x0800f2ec   0x000000b4   Code   RO         2839    .text.tcp_rst       tcp_out.o
    0x0800f3a0   0x0800f3a0   0x0000002c   Code   RO         2697    .text.tcp_seg_free  tcp.o
    0x0800f3cc   0x0800f3cc   0x00000024   Code   RO         2661    .text.tcp_segs_free  tcp.o
    0x0800f3f0   0x0800f3f0   0x000000c6   Code   RO         2821    .text.tcp_send_empty_ack  tcp_out.o
    0x0800f4b6   0x0800f4b6   0x00000002   PAD
    0x0800f4b8   0x0800f4b8   0x0000008c   Code   RO         2815    .text.tcp_send_fin  tcp_out.o
    0x0800f544   0x0800f544   0x000006ea   Code   RO         2649    .text.tcp_slowtmr   tcp.o
    0x0800fc2e   0x0800fc2e   0x00000002   PAD
    0x0800fc30   0x0800fc30   0x00000286   Code   RO         2813    .text.tcp_split_unsent_seg  tcp_out.o
    0x0800feb6   0x0800feb6   0x00000002   PAD
    0x0800feb8   0x0800feb8   0x0000004c   Code   RO         2861    .text.tcp_timer_needed  timeouts.o
    0x0800ff04   0x0800ff04   0x00000110   Code   RO         2765    .text.tcp_timewait_input  tcp_in.o
    0x08010014   0x08010014   0x00000022   Code   RO         2645    .text.tcp_tmr       tcp.o
    0x08010036   0x08010036   0x00000002   PAD
    0x08010038   0x08010038   0x00000012   Code   RO         2773    .text.tcp_trigger_input_pcb_close  tcp_in.o
    0x0801004a   0x0801004a   0x00000002   PAD
    0x0801004c   0x0801004c   0x000000a6   Code   RO         2677    .text.tcp_update_rcv_ann_wnd  tcp.o
    0x080100f2   0x080100f2   0x00000002   PAD
    0x080100f4   0x080100f4   0x0000015a   Code   RO         2851    .text.tcp_zero_window_probe  tcp_out.o
    0x0801024e   0x0801024e   0x00000002   PAD
    0x08010250   0x08010250   0x0000004a   Code   RO         2865    .text.tcpip_tcp_timer  timeouts.o
    0x0801029a   0x0801029a   0x00000002   PAD
    0x0801029c   0x0801029c   0x00000036   Code   RO         2074    .text.uart_sendbyte  bsp_uart.o
    0x080102d2   0x080102d2   0x00000002   PAD
    0x080102d4   0x080102d4   0x00000172   Code   RO         2907    .text.udp_bind      udp.o
    0x08010446   0x08010446   0x00000002   PAD
    0x08010448   0x08010448   0x00000104   Code   RO         2913    .text.udp_connect   udp.o
    0x0801054c   0x0801054c   0x00000002   Code   RO         2893    .text.udp_init      udp.o
    0x0801054e   0x0801054e   0x00000002   PAD
    0x08010550   0x08010550   0x000002bc   Code   RO         2895    .text.udp_input     udp.o
    0x0801080c   0x0801080c   0x000000d6   Code   RO         2897    .text.udp_input_local_match  udp.o
    0x080108e2   0x080108e2   0x00000002   PAD
    0x080108e4   0x080108e4   0x0000005e   Code   RO         2925    .text.udp_netif_ip_addr_changed  udp.o
    0x08010942   0x08010942   0x00000002   PAD
    0x08010944   0x08010944   0x00000038   Code   RO         2921    .text.udp_new       udp.o
    0x0801097c   0x0801097c   0x0000009a   Code   RO         2909    .text.udp_new_port  udp.o
    0x08010a16   0x08010a16   0x00000002   PAD
    0x08010a18   0x08010a18   0x00000038   Code   RO         2917    .text.udp_recv      udp.o
    0x08010a50   0x08010a50   0x00000090   Code   RO         2919    .text.udp_remove    udp.o
    0x08010ae0   0x08010ae0   0x00000106   Code   RO         2903    .text.udp_sendto_if  udp.o
    0x08010be6   0x08010be6   0x00000002   PAD
    0x08010be8   0x08010be8   0x0000024a   Code   RO         2905    .text.udp_sendto_if_src  udp.o
    0x08010e32   0x08010e32   0x00000002   PAD
    0x08010e34   0x08010e34   0x00000158   Code   RO         1837    .text.usart_baudrate_set  gd32f4xx_usart.o
    0x08010f8c   0x08010f8c   0x00000018   Code   RO         1867    .text.usart_data_transmit  gd32f4xx_usart.o
    0x08010fa4   0x08010fa4   0x0000011e   Code   RO         1835    .text.usart_deinit  gd32f4xx_usart.o
    0x080110c2   0x080110c2   0x00000002   PAD
    0x080110c4   0x080110c4   0x00000012   Code   RO         1845    .text.usart_enable  gd32f4xx_usart.o
    0x080110d6   0x080110d6   0x00000002   PAD
    0x080110d8   0x080110d8   0x0000003a   Code   RO         1933    .text.usart_flag_get  gd32f4xx_usart.o
    0x08011112   0x08011112   0x00000002   PAD
    0x08011114   0x08011114   0x0000002a   Code   RO         1851    .text.usart_receive_config  gd32f4xx_usart.o
    0x0801113e   0x0801113e   0x00000002   PAD
    0x08011140   0x08011140   0x0000002a   Code   RO         1849    .text.usart_transmit_config  gd32f4xx_usart.o
    0x0801116a   0x0801116a   0x00000002   PAD
    0x0801116c   0x0801116c   0x00000026   Code   RO         2193    .text.write_lan_phy  bsp_enet.o
    0x08011192   0x08011192   0x0000003e   Code   RO         3533    CL$$btod_d2e        c_w.l(btod.o)
    0x080111d0   0x080111d0   0x00000046   Code   RO         3535    CL$$btod_d2e_denorm_low  c_w.l(btod.o)
    0x08011216   0x08011216   0x00000060   Code   RO         3534    CL$$btod_d2e_norm_op1  c_w.l(btod.o)
    0x08011276   0x08011276   0x00000002   PAD
    0x08011278   0x08011278   0x00000338   Code   RO         3543    CL$$btod_div_common  c_w.l(btod.o)
    0x080115b0   0x080115b0   0x000000dc   Code   RO         3540    CL$$btod_e2e        c_w.l(btod.o)
    0x0801168c   0x0801168c   0x0000002a   Code   RO         3537    CL$$btod_ediv       c_w.l(btod.o)
    0x080116b6   0x080116b6   0x0000002a   Code   RO         3536    CL$$btod_emul       c_w.l(btod.o)
    0x080116e0   0x080116e0   0x00000244   Code   RO         3542    CL$$btod_mult_common  c_w.l(btod.o)
    0x08011924   0x08011924   0x00000030   Code   RO         3609    i.__ARM_fpclassify  m_wm.l(fpclassify.o)
    0x08011954   0x08011954   0x0000000e   Code   RO         3287    i._is_digit         c_w.l(__printf_wp.o)
    0x08011962   0x08011962   0x0000001c   Code   RO         3397    i.fputc             c_w.l(fputc.o)
    0x0801197e   0x0801197e   0x00000002   PAD
    0x08011980   0x08011980   0x0000002c   Code   RO         3329    locale$$code        c_w.l(lc_ctype_c.o)
    0x080119ac   0x080119ac   0x0000002c   Code   RO         3571    locale$$code        c_w.l(lc_numeric_c.o)
    0x080119d8   0x080119d8   0x0000001a   Code   RO         3605    x$fpl$fpinit        fz_wm.l(fpinit.o)
    0x080119f2   0x080119f2   0x00000004   Code   RO         3347    x$fpl$printf1       fz_wm.l(printf1.o)
    0x080119f6   0x080119f6   0x00000004   Code   RO         3349    x$fpl$printf2       fz_wm.l(printf2.o)
    0x080119fa   0x080119fa   0x00000000   Code   RO         3355    x$fpl$usenofp       fz_wm.l(usenofp.o)
    0x080119fa   0x080119fa   0x00000002   PAD
    0x080119fc   0x080119fc   0x00000008   Data   RO         3246    .constdata          c_w.l(_printf_wctomb.o)
    0x08011a04   0x08011a04   0x00000028   Data   RO         3275    .constdata          c_w.l(_printf_hex_int_ll_ptr.o)
    0x08011a2c   0x08011a2c   0x00000011   Data   RO         3295    .constdata          c_w.l(__printf_flags_ss_wp.o)
    0x08011a3d   0x08011a3d   0x00000026   Data   RO         3383    .constdata          c_w.l(_printf_fp_hex.o)
    0x08011a63   0x08011a63   0x00000004   Data   RO         3461    .constdata          c_w.l(sys_io_names.o)
    0x08011a67   0x08011a67   0x00000004   Data   RO         3462    .constdata          c_w.l(sys_io_names.o)
    0x08011a6b   0x08011a6b   0x00000004   Data   RO         3463    .constdata          c_w.l(sys_io_names.o)
    0x08011a6f   0x08011a6f   0x00000001   PAD
    0x08011a70   0x08011a70   0x00000094   Data   RO         3531    .constdata          c_w.l(bigflt0.o)
    0x08011b04   0x08011b04   0x00000010   Data   RO         2080    .rodata.COM_UART    bsp_uart.o
    0x08011b14   0x08011b14   0x00000010   Data   RO         2090    .rodata.COM_UART_BAUD  bsp_uart.o
    0x08011b24   0x08011b24   0x00000008   Data   RO         2083    .rodata.COM_UART_CLK  bsp_uart.o
    0x08011b2c   0x08011b2c   0x00000004   Data   RO         2091    .rodata.COM_UART_IRQn  bsp_uart.o
    0x08011b30   0x08011b30   0x00000010   Data   RO         2088    .rodata.COM_UART_RX_GPIO_AF  bsp_uart.o
    0x08011b40   0x08011b40   0x00000008   Data   RO         2082    .rodata.COM_UART_RX_GPIO_CLK  bsp_uart.o
    0x08011b48   0x08011b48   0x00000010   Data   RO         2089    .rodata.COM_UART_RX_PIN  bsp_uart.o
    0x08011b58   0x08011b58   0x00000010   Data   RO         2087    .rodata.COM_UART_RX_PORT  bsp_uart.o
    0x08011b68   0x08011b68   0x00000010   Data   RO         2085    .rodata.COM_UART_TX_GPIO_AF  bsp_uart.o
    0x08011b78   0x08011b78   0x00000008   Data   RO         2081    .rodata.COM_UART_TX_GPIO_CLK  bsp_uart.o
    0x08011b80   0x08011b80   0x00000010   Data   RO         2086    .rodata.COM_UART_TX_PIN  bsp_uart.o
    0x08011b90   0x08011b90   0x00000010   Data   RO         2084    .rodata.COM_UART_TX_PORT  bsp_uart.o
    0x08011ba0   0x08011ba0   0x00000002   Data   RO         2045    .rodata.LED_CLK     bsp_led.o
    0x08011ba2   0x08011ba2   0x00000002   PAD
    0x08011ba4   0x08011ba4   0x00000004   Data   RO         2044    .rodata.LED_PIN     bsp_led.o
    0x08011ba8   0x08011ba8   0x00000004   Data   RO         2043    .rodata.LED_PORT    bsp_led.o
    0x08011bac   0x08011bac   0x00000006   Data   RO         3160    .rodata.ethbroadcast  ethernet.o
    0x08011bb2   0x08011bb2   0x00000006   Data   RO         3161    .rodata.ethzero     ethernet.o
    0x08011bb8   0x08011bb8   0x00000004   Data   RO         3114    .rodata.ip_addr_any  ip4_addr.o
    0x08011bbc   0x08011bbc   0x00000004   Data   RO         3115    .rodata.ip_addr_broadcast  ip4_addr.o
    0x08011bc0   0x08011bc0   0x00000028   Data   RO         2881    .rodata.lwip_cyclic_timers  timeouts.o
    0x08011be8   0x08011be8   0x00000010   Data   RO         2481    .rodata.memp_FRAG_PBUF  memp.o
    0x08011bf8   0x08011bf8   0x00000010   Data   RO         2487    .rodata.memp_PBUF   memp.o
    0x08011c08   0x08011c08   0x00000010   Data   RO         2490    .rodata.memp_PBUF_POOL  memp.o
    0x08011c18   0x08011c18   0x00000010   Data   RO         2478    .rodata.memp_REASSDATA  memp.o
    0x08011c28   0x08011c28   0x00000010   Data   RO         2484    .rodata.memp_SYS_TIMEOUT  memp.o
    0x08011c38   0x08011c38   0x00000010   Data   RO         2469    .rodata.memp_TCP_PCB  memp.o
    0x08011c48   0x08011c48   0x00000010   Data   RO         2472    .rodata.memp_TCP_PCB_LISTEN  memp.o
    0x08011c58   0x08011c58   0x00000010   Data   RO         2475    .rodata.memp_TCP_SEG  memp.o
    0x08011c68   0x08011c68   0x00000010   Data   RO         2466    .rodata.memp_UDP_PCB  memp.o
    0x08011c78   0x08011c78   0x00000024   Data   RO         2491    .rodata.memp_pools  memp.o
    0x08011c9c   0x08011c9c   0x000000d8   Data   RO         2221    .rodata.str1.1      bsp_enet.o
    0x08011d74   0x08011d74   0x00000096   Data   RO         2463    .rodata.str1.1      memp.o
    0x08011e0a   0x08011e0a   0x00000057   Data   RO         2549    .rodata.str1.1      netif.o
    0x08011e61   0x08011e61   0x00000164   Data   RO         2630    .rodata.str1.1      pbuf.o
    0x08011fc5   0x08011fc5   0x000000a4   Data   RO         2747    .rodata.str1.1      tcp.o
    0x08012069   0x08012069   0x0000000f   Data   RO         2797    .rodata.str1.1      tcp_in.o
    0x08012078   0x08012078   0x0000018f   Data   RO         2928    .rodata.str1.1      udp.o
    0x08012207   0x08012207   0x000000c4   Data   RO         3012    .rodata.str1.1      dhcp.o
    0x080122cb   0x080122cb   0x0000001b   Data   RO         3148    .rodata.str1.1      ip4_frag.o
    0x080122e6   0x080122e6   0x0000000d   Data   RO         2752    .rodata.tcp_backoff  tcp.o
    0x080122f3   0x080122f3   0x00000001   PAD
    0x080122f4   0x080122f4   0x00000010   Data   RO         2745    .rodata.tcp_pcb_lists  tcp.o
    0x08012304   0x08012304   0x00000007   Data   RO         2751    .rodata.tcp_persist_backoff  tcp.o
    0x0801230b   0x0801230b   0x00000001   PAD
    0x0801230c   0x0801230c   0x00000020   Data   RO         3753    Region$$Table       anon$$obj.o
    0x0801232c   0x0801232c   0x00000110   Data   RO         3328    locale$$data        c_w.l(lc_ctype_c.o)
    0x0801243c   0x0801243c   0x0000001c   Data   RO         3570    locale$$data        c_w.l(lc_numeric_c.o)


    Execution Region RW_IRAM2 (Exec base: 0x10000000, Load base: 0x08012478, Size: 0x00000000, Max: 0x00010000, ABSOLUTE)

    **** No section assigned to this execution region ****


    Execution Region RW_IRAM1 (Exec base: 0x20000000, Load base: 0x08012458, Size: 0x0000f7c8, Max: 0x00020000, ABSOLUTE)

    Exec Addr    Load Addr    Size         Type   Attr      Idx    E Section Name        Object

    0x20000000   0x08012458   0x00000004   Data   RW         3325    .data               c_w.l(stdio_streams.o)
    0x20000004   0x0801245c   0x00000004   Data   RW         3326    .data               c_w.l(stdio_streams.o)
    0x20000008   0x08012460   0x00000004   Data   RW         3327    .data               c_w.l(stdio_streams.o)
    0x2000000c   0x08012464   0x00000004   Data   RW         1981    .data.SystemCoreClock  system_gd32f4xx.o
    0x20000010   0x08012468   0x00000004   Data   RW         3018    .data.dhcp_create_msg.xid  dhcp.o
    0x20000014   0x0801246c   0x00000003   Data   RW         3014    .data.dhcp_discover_request_options  dhcp.o
    0x20000017   0x0801246f   0x00000001   PAD
    0x20000018   0x08012470   0x00000004   Data   RW         2753    .data.tcp_next_iss.iss  tcp.o
    0x2000001c   0x08012474   0x00000002   Data   RW         2929    .data.udp_port      udp.o
    0x2000001e   0x08012476   0x00000002   PAD
    0x20000020        -       0x00000054   Zero   RW         3322    .bss                c_w.l(stdio_streams.o)
    0x20000074        -       0x00000054   Zero   RW         3323    .bss                c_w.l(stdio_streams.o)
    0x200000c8        -       0x00000054   Zero   RW         3324    .bss                c_w.l(stdio_streams.o)
    0x2000011c        -       0x00000060   Zero   RW         3357    .bss                c_w.l(libspace.o)
    0x2000017c        -       0x00000004   Zero   RW         2788    .bss.ackno          tcp_in.o
    0x20000180        -       0x000000f0   Zero   RW         3054    .bss.arp_table      etharp.o
    0x20000270        -       0x00000004   Zero   RW         2216    .bss.arp_timer      bsp_enet.o
    0x20000274        -       0x00000004   Zero   RW         2885    .bss.current_timeout_due_time  timeouts.o
    0x20000278        -       0x00000004   Zero   RW         3013    .bss.dhcp_pcb       dhcp.o
    0x2000027c        -       0x00000001   Zero   RW         3017    .bss.dhcp_pcb_refcount  dhcp.o
    0x2000027d        -       0x00000008   Zero   RW         3016    .bss.dhcp_rx_options_given  dhcp.o
    0x20000285   0x08012476   0x00000003   PAD
    0x20000288        -       0x00000020   Zero   RW         3015    .bss.dhcp_rx_options_val  dhcp.o
    0x200002a8        -       0x00000004   Zero   RW          675    .bss.dma_current_ptp_rxdesc  gd32f4xx_enet.o
    0x200002ac        -       0x00000004   Zero   RW          674    .bss.dma_current_ptp_txdesc  gd32f4xx_enet.o
    0x200002b0        -       0x00000004   Zero   RW          677    .bss.dma_current_rxdesc  gd32f4xx_enet.o
    0x200002b4        -       0x00000004   Zero   RW          681    .bss.dma_current_txdesc  gd32f4xx_enet.o
    0x200002b8        -       0x00000004   Zero   RW         2223    .bss.enet_init_status  bsp_enet.o
    0x200002bc        -       0x0000003c   Zero   RW          676    .bss.enet_initpara  gd32f4xx_enet.o
    0x200002f8        -       0x00000004   Zero   RW          678    .bss.enet_unknow_err  gd32f4xx_enet.o
    0x200002fc        -       0x00000001   Zero   RW         3056    .bss.etharp_cached_entry  etharp.o
    0x200002fd        -       0x00000001   Zero   RW         2789    .bss.flags          tcp_in.o
    0x200002fe   0x08012476   0x00000002   PAD
    0x20000300        -       0x00000004   Zero   RW           43    .bss.g_system_tick  gd32f4xx_it.o
    0x20000304        -       0x00000014   Zero   RW         2791    .bss.inseg          tcp_in.o
    0x20000318        -       0x00000018   Zero   RW         2412    .bss.ip_data        ip.o
    0x20000330        -       0x00000002   Zero   RW         3092    .bss.ip_id          ip4.o
    0x20000332        -       0x00000002   Zero   RW         3147    .bss.ip_reass_pbufcount  ip4_frag.o
    0x20000334        -       0x00000001   Zero   RW         2217    .bss.lan_is_disconnect  bsp_enet.o
    0x20000335   0x08012476   0x00000003   PAD
    0x20000338        -       0x00000004   Zero   RW         2439    .bss.lfree          mem.o
    0x2000033c        -       0x00000038   Zero   RW         2222    .bss.lwip_netif     bsp_enet.o
    0x20000374        -       0x00000016   Zero   RW         2220    .bss.lwipdev        bsp_enet.o
    0x2000038a        -       0x0000016b   Zero   RW         2479    .bss.memp_memory_FRAG_PBUF_base  memp.o
    0x200004f5        -       0x00003b3b   Zero   RW         2488    .bss.memp_memory_PBUF_POOL_base  memp.o
    0x20004030        -       0x000000a3   Zero   RW         2485    .bss.memp_memory_PBUF_base  memp.o
    0x200040d3        -       0x000000a3   Zero   RW         2476    .bss.memp_memory_REASSDATA_base  memp.o
    0x20004176        -       0x000000a3   Zero   RW         2482    .bss.memp_memory_SYS_TIMEOUT_base  memp.o
    0x20004219        -       0x000000ab   Zero   RW         2470    .bss.memp_memory_TCP_PCB_LISTEN_base  memp.o
    0x200042c4        -       0x000005f3   Zero   RW         2467    .bss.memp_memory_TCP_PCB_base  memp.o
    0x200048b7        -       0x000000f3   Zero   RW         2473    .bss.memp_memory_TCP_SEG_base  memp.o
    0x200049aa        -       0x000000c3   Zero   RW         2464    .bss.memp_memory_UDP_PCB_base  memp.o
    0x20004a6d   0x08012476   0x00000003   PAD
    0x20004a70        -       0x00000004   Zero   RW         2480    .bss.memp_tab_FRAG_PBUF  memp.o
    0x20004a74        -       0x00000004   Zero   RW         2486    .bss.memp_tab_PBUF  memp.o
    0x20004a78        -       0x00000004   Zero   RW         2489    .bss.memp_tab_PBUF_POOL  memp.o
    0x20004a7c        -       0x00000004   Zero   RW         2477    .bss.memp_tab_REASSDATA  memp.o
    0x20004a80        -       0x00000004   Zero   RW         2483    .bss.memp_tab_SYS_TIMEOUT  memp.o
    0x20004a84        -       0x00000004   Zero   RW         2468    .bss.memp_tab_TCP_PCB  memp.o
    0x20004a88        -       0x00000004   Zero   RW         2471    .bss.memp_tab_TCP_PCB_LISTEN  memp.o
    0x20004a8c        -       0x00000004   Zero   RW         2474    .bss.memp_tab_TCP_SEG  memp.o
    0x20004a90        -       0x00000004   Zero   RW         2465    .bss.memp_tab_UDP_PCB  memp.o
    0x20004a94        -       0x00000004   Zero   RW         2552    .bss.netif_default  netif.o
    0x20004a98        -       0x00000004   Zero   RW         2551    .bss.netif_list     netif.o
    0x20004a9c        -       0x00000001   Zero   RW         2550    .bss.netif_num      netif.o
    0x20004a9d   0x08012476   0x00000003   PAD
    0x20004aa0        -       0x00000004   Zero   RW         2884    .bss.next_timeout   timeouts.o
    0x20004aa4        -       0x00000004   Zero   RW         2437    .bss.ram            mem.o
    0x20004aa8        -       0x00000004   Zero   RW         2438    .bss.ram_end        mem.o
    0x20004aac        -       0x00005013   Zero   RW         2436    .bss.ram_heap       mem.o
    0x20009abf   0x08012476   0x00000001   PAD
    0x20009ac0        -       0x00000004   Zero   RW         3146    .bss.reassdatagrams  ip4_frag.o
    0x20009ac4        -       0x00000002   Zero   RW         2794    .bss.recv_acked     tcp_in.o
    0x20009ac6   0x08012476   0x00000002   PAD
    0x20009ac8        -       0x00000004   Zero   RW         2792    .bss.recv_data      tcp_in.o
    0x20009acc        -       0x00000001   Zero   RW         2793    .bss.recv_flags     tcp_in.o
    0x20009acd   0x08012476   0x00000003   PAD
    0x20009ad0        -       0x00001dc4   Zero   RW          683    .bss.rx_buff        gd32f4xx_enet.o
    0x2000b894        -       0x00000050   Zero   RW          682    .bss.rxdesc_tab     gd32f4xx_enet.o
    0x2000b8e4        -       0x00000004   Zero   RW         2787    .bss.seqno          tcp_in.o
    0x2000b8e8        -       0x00000001   Zero   RW         2218    .bss.set_lwip_10m   bsp_enet.o
    0x2000b8e9   0x08012476   0x00000003   PAD
    0x2000b8ec        -       0x00000004   Zero   RW         2743    .bss.tcp_active_pcbs  tcp.o
    0x2000b8f0        -       0x00000001   Zero   RW         2748    .bss.tcp_active_pcbs_changed  tcp.o
    0x2000b8f1   0x08012476   0x00000003   PAD
    0x2000b8f4        -       0x00000004   Zero   RW         2742    .bss.tcp_bound_pcbs  tcp.o
    0x2000b8f8        -       0x00000004   Zero   RW         2795    .bss.tcp_input_pcb  tcp_in.o
    0x2000b8fc        -       0x00000004   Zero   RW         2741    .bss.tcp_listen_pcbs  tcp.o
    0x2000b900        -       0x00000002   Zero   RW         2796    .bss.tcp_optidx     tcp_in.o
    0x2000b902   0x08012476   0x00000002   PAD
    0x2000b904        -       0x00000004   Zero   RW         2749    .bss.tcp_ticks      tcp.o
    0x2000b908        -       0x00000004   Zero   RW         2215    .bss.tcp_timer      bsp_enet.o
    0x2000b90c        -       0x00000001   Zero   RW         2746    .bss.tcp_timer      tcp.o
    0x2000b90d        -       0x00000001   Zero   RW         2750    .bss.tcp_timer_ctr  tcp.o
    0x2000b90e   0x08012476   0x00000002   PAD
    0x2000b910        -       0x00000004   Zero   RW         2744    .bss.tcp_tw_pcbs    tcp.o
    0x2000b914        -       0x00000004   Zero   RW         2783    .bss.tcphdr         tcp_in.o
    0x2000b918        -       0x00000002   Zero   RW         2786    .bss.tcphdr_opt1len  tcp_in.o
    0x2000b91a   0x08012476   0x00000002   PAD
    0x2000b91c        -       0x00000004   Zero   RW         2785    .bss.tcphdr_opt2    tcp_in.o
    0x2000b920        -       0x00000002   Zero   RW         2784    .bss.tcphdr_optlen  tcp_in.o
    0x2000b922   0x08012476   0x00000002   PAD
    0x2000b924        -       0x00000004   Zero   RW         2883    .bss.tcpip_tcp_timer_active  timeouts.o
    0x2000b928        -       0x00000002   Zero   RW         2790    .bss.tcplen         tcp_in.o
    0x2000b92a   0x08012476   0x00000002   PAD
    0x2000b92c        -       0x00000004   Zero   RW         2219    .bss.tempreg        bsp_enet.o
    0x2000b930        -       0x00000078   Zero   RW         2023    .bss.timers         soft_timer.o
    0x2000b9a8        -       0x00001dc4   Zero   RW          680    .bss.tx_buff        gd32f4xx_enet.o
    0x2000d76c        -       0x00000050   Zero   RW          679    .bss.txdesc_tab     gd32f4xx_enet.o
    0x2000d7bc        -       0x00000004   Zero   RW         2927    .bss.udp_pcbs       udp.o
    0x2000d7c0        -       0x00000004   Zero   RW         2180    .bss.xfunc_output   xprintf.o
    0x2000d7c4   0x08012476   0x00000004   PAD
    0x2000d7c8        -       0x00001000   Zero   RW           51    HEAP                startup_gd32f407_427.o
    0x2000e7c8        -       0x00001000   Zero   RW           50    STACK               startup_gd32f407_427.o


==============================================================================

Image component sizes


      Code (inc. data)   RO Data    RW Data    ZI Data      Debug   Object Name

      2098          0        216          0         96       9693   bsp_enet.o
       198          0         10          0          0       3111   bsp_led.o
       630          0        156          0          0       5945   bsp_uart.o
        48          0          0          0          0       2445   def.o
      7840         60        196          7         45      18983   dhcp.o
      3990          0          0          0        241       9572   etharp.o
       458          0         12          0          0       3260   ethernet.o
       566          0          0          0          0       4377   ethernetif.o
      4824          6          0          0      15480      28270   gd32f4xx_enet.o
       530          0          0          0          0       4929   gd32f4xx_gpio.o
       512          0          0          0          4       6293   gd32f4xx_it.o
       366          0          0          0          0       3073   gd32f4xx_misc.o
       516          4          0          0          0      14988   gd32f4xx_rcu.o
        36          0          0          0          0       3414   gd32f4xx_syscfg.o
       814          0          0          0          0      11849   gd32f4xx_usart.o
      1060          0          0          0          0       4817   icmp.o
       668          0          0          0          0       3908   inet_chksum.o
        44          0          0          0          0        473   init.o
         0          0          0          0         24       2275   ip.o
      1834          0          0          0          2       6076   ip4.o
       132          0          8          0          0       4266   ip4_addr.o
      3202          0         27          0          6       9209   ip4_frag.o
        54          0          0          0          0        414   main.o
      1996          0          0          0      20511       4236   mem.o
       414          0        330          0      18183       4203   memp.o
      1322          0         87          0          9       7772   netif.o
      3218          0        356          0          0      13000   pbuf.o
       152          0          0          0        120       2562   soft_timer.o
        64         26        392          0       8192        968   startup_gd32f407_427.o
       618          0          0          4          0       2526   system_gd32f4xx.o
      5976          0        200          4         23      20396   tcp.o
      8682         16         15          0         56      12727   tcp_in.o
      5236          0          0          0          0      16562   tcp_out.o
       614          0         40          0         12       3951   timeouts.o
      2898          0        399          2          4       9098   udp.o
         0          0          0          0          4       7166   xprintf.o

    ----------------------------------------------------------------------
     61914        112       2480         20      63052     266807   Object Totals
         0          0         32          0          0          0   (incl. Generated)
       304          0          4          3         40          0   (incl. Padding)

    ----------------------------------------------------------------------

      Code (inc. data)   RO Data    RW Data    ZI Data      Debug   Library Member Name

         8          0          0          0          0         68   __main.o
       392          4         17          0          0         92   __printf_flags_ss_wp.o
        14          0          0          0          0         68   __printf_wp.o
         0          0          0          0          0          0   __rtentry.o
        12          0          0          0          0          0   __rtentry2.o
         6          0          0          0          0          0   __rtentry4.o
        52          8          0          0          0          0   __scatter.o
        26          0          0          0          0          0   __scatter_copy.o
        28          0          0          0          0          0   __scatter_zi.o
        72          0          0          0          0         96   _c16rtomb.o
         6          0          0          0          0          0   _printf_a.o
         6          0          0          0          0          0   _printf_c.o
        44          0          0          0          0        108   _printf_char.o
        48          6          0          0          0         96   _printf_char_common.o
        36          4          0          0          0         80   _printf_char_file.o
        40          0          0          0          0         68   _printf_charcount.o
         6          0          0          0          0          0   _printf_d.o
       120         16          0          0          0         92   _printf_dec.o
         6          0          0          0          0          0   _printf_e.o
         6          0          0          0          0          0   _printf_f.o
      1052          0          0          0          0        148   _printf_fp_dec.o
       764          8         38          0          0        100   _printf_fp_hex.o
       128         16          0          0          0         84   _printf_fp_infnan.o
         6          0          0          0          0          0   _printf_g.o
       148          4         40          0          0        160   _printf_hex_int_ll_ptr.o
         6          0          0          0          0          0   _printf_i.o
       178          0          0          0          0         88   _printf_intcommon.o
        10          0          0          0          0          0   _printf_l.o
         6          0          0          0          0          0   _printf_lc.o
        10          0          0          0          0          0   _printf_ll.o
         6          0          0          0          0          0   _printf_lld.o
         6          0          0          0          0          0   _printf_lli.o
         6          0          0          0          0          0   _printf_llo.o
         6          0          0          0          0          0   _printf_llu.o
         6          0          0          0          0          0   _printf_llx.o
       124         16          0          0          0         92   _printf_longlong_dec.o
         6          0          0          0          0          0   _printf_ls.o
         6          0          0          0          0          0   _printf_n.o
         6          0          0          0          0          0   _printf_o.o
       112          8          0          0          0        124   _printf_oct_int_ll.o
         6          0          0          0          0          0   _printf_p.o
        78          0          0          0          0        108   _printf_pad.o
         0          0          0          0          0          0   _printf_percent.o
         4          0          0          0          0          0   _printf_percent_end.o
         6          0          0          0          0          0   _printf_s.o
        82          0          0          0          0         80   _printf_str.o
        36          0          0          0          0         84   _printf_truncate.o
         6          0          0          0          0          0   _printf_u.o
        44          0          0          0          0        108   _printf_wchar.o
       188          6          8          0          0         92   _printf_wctomb.o
         6          0          0          0          0          0   _printf_x.o
       228          4        148          0          0         96   bigflt0.o
      1936        128          0          0          0        668   btod.o
        10          0          0          0          0         68   defsig_exit.o
        50          0          0          0          0         88   defsig_general.o
        80         58          0          0          0         76   defsig_rtmem_inner.o
        14          0          0          0          0         80   defsig_rtmem_outer.o
        52         38          0          0          0         76   defsig_rtred_inner.o
        14          0          0          0          0         80   defsig_rtred_outer.o
        18          0          0          0          0         80   exit.o
        76          0          0          0          0         88   fclose.o
         8          0          0          0          0         68   ferror.o
       482          0          0          0          0         92   flsbuf.o
       240          6          0          0          0        128   fopen.o
        28          0          0          0          0         68   fputc.o
       248          6          0          0          0         84   fseek.o
        66          0          0          0          0         76   ftell.o
        94          0          0          0          0         80   h1_alloc.o
        52          0          0          0          0         68   h1_extend.o
        78          0          0          0          0         80   h1_free.o
        14          0          0          0          0         84   h1_init.o
         6          0          0          0          0        152   heapauxi.o
         4          0          0          0          0        136   hguard.o
         0          0          0          0          0          0   indicate_semi.o
       138          0          0          0          0        168   init_alloc.o
       312         46          0          0          0        112   initio.o
        44         10        272          0          0         76   lc_ctype_c.o
        44         10         28          0          0         76   lc_numeric_c.o
         2          0          0          0          0          0   libinit.o
        46          0          0          0          0          0   libinit2.o
         2          0          0          0          0          0   libshutdown.o
         6          0          0          0          0          0   libshutdown2.o
         8          4          0          0         96         68   libspace.o
       138          0          0          0          0         80   lludiv10.o
         0          0          0          0          0          0   maybetermalloc1.o
        88          0          0          0          0         76   memcmp.o
        24          4          0          0          0         84   printf.o
        16          4          0          0          0         76   rt_ctype_table.o
         8          4          0          0          0         68   rt_errno_addr_intlibspace.o
         8          4          0          0          0         68   rt_heap_descriptor_intlibspace.o
         8          4          0          0          0         68   rt_locale_intlibspace.o
        68          0          0          0          0         68   rt_memclr.o
        78          0          0          0          0         80   rt_memclr_w.o
       138          0          0          0          0         68   rt_memcpy_v6.o
       100          0          0          0          0         80   rt_memcpy_w.o
         2          0          0          0          0          0   rtexit.o
        10          0          0          0          0          0   rtexit2.o
        70          0          0          0          0         80   setvbuf.o
       264          6          0          0          0        160   stdio.o
         0          0          0         12        252          0   stdio_streams.o
       124          0          0          0          0         88   strcmpv7em.o
        62          0          0          0          0         76   strlen.o
        12          4          0          0          0         68   sys_exit.o
       102          0          0          0          0        240   sys_io.o
         0          0         12          0          0          0   sys_io_names.o
        74          0          0          0          0         80   sys_stackheap_outer.o
        14          0          0          0          0         76   sys_wrch.o
         2          0          0          0          0         68   use_no_semi.o
        26          0          0          0          0        116   fpinit.o
         4          0          0          0          0        116   printf1.o
         4          0          0          0          0        116   printf2.o
         0          0          0          0          0          0   usenofp.o
        48          0          0          0          0        124   fpclassify.o

    ----------------------------------------------------------------------
      9882        436        564         12        348       7276   Library Totals
        14          0          1          0          0          0   (incl. Padding)

    ----------------------------------------------------------------------

      Code (inc. data)   RO Data    RW Data    ZI Data      Debug   Library Name

      9786        436        563         12        348       6804   c_w.l
        34          0          0          0          0        348   fz_wm.l
        48          0          0          0          0        124   m_wm.l

    ----------------------------------------------------------------------
      9882        436        564         12        348       7276   Library Totals

    ----------------------------------------------------------------------

==============================================================================


      Code (inc. data)   RO Data    RW Data    ZI Data      Debug   

     71796        548       3044         32      63400     269499   Grand Totals
     71796        548       3044         32      63400     269499   ELF Image Totals
     71796        548       3044         32          0          0   ROM Totals

==============================================================================

    Total RO  Size (Code + RO Data)                74840 (  73.09kB)
    Total RW  Size (RW Data + ZI Data)             63432 (  61.95kB)
    Total ROM Size (Code + RO Data + RW Data)      74872 (  73.12kB)

==============================================================================

