Component: Arm Compiler for Embedded 6.19 Tool: armlink [5e73cb00]

==============================================================================

Section Cross References

    main.o(.text.main) refers to gd32f4xx_it.o(.text.board_init) for board_init
    main.o(.ARM.exidx.text.main) refers to main.o(.text.main) for [Anonymous Symbol]
    gd32f4xx_it.o(.ARM.exidx.text.NMI_Handler) refers to gd32f4xx_it.o(.text.NMI_Handler) for [Anonymous Symbol]
    gd32f4xx_it.o(.ARM.exidx.text.HardFault_Handler) refers to gd32f4xx_it.o(.text.HardFault_Handler) for [Anonymous Symbol]
    gd32f4xx_it.o(.ARM.exidx.text.MemManage_Handler) refers to gd32f4xx_it.o(.text.MemManage_Handler) for [Anonymous Symbol]
    gd32f4xx_it.o(.ARM.exidx.text.BusFault_Handler) refers to gd32f4xx_it.o(.text.BusFault_Handler) for [Anonymous Symbol]
    gd32f4xx_it.o(.ARM.exidx.text.UsageFault_Handler) refers to gd32f4xx_it.o(.text.UsageFault_Handler) for [Anonymous Symbol]
    gd32f4xx_it.o(.ARM.exidx.text.Error_Handler) refers to gd32f4xx_it.o(.text.Error_Handler) for [Anonymous Symbol]
    gd32f4xx_it.o(.text.SDIO_IRQHandler) refers to sdcard.o(.text.sd_interrupts_process) for sd_interrupts_process
    gd32f4xx_it.o(.ARM.exidx.text.SDIO_IRQHandler) refers to gd32f4xx_it.o(.text.SDIO_IRQHandler) for [Anonymous Symbol]
    gd32f4xx_it.o(.text.systick_config) refers to system_gd32f4xx.o(.data.SystemCoreClock) for SystemCoreClock
    gd32f4xx_it.o(.text.systick_config) refers to gd32f4xx_it.o(.text.SysTick_Config) for SysTick_Config
    gd32f4xx_it.o(.text.systick_config) refers to gd32f4xx_it.o(.text.__NVIC_SetPriority) for __NVIC_SetPriority
    gd32f4xx_it.o(.ARM.exidx.text.systick_config) refers to gd32f4xx_it.o(.text.systick_config) for [Anonymous Symbol]
    gd32f4xx_it.o(.text.SysTick_Config) refers to gd32f4xx_it.o(.text.__NVIC_SetPriority) for __NVIC_SetPriority
    gd32f4xx_it.o(.ARM.exidx.text.SysTick_Config) refers to gd32f4xx_it.o(.text.SysTick_Config) for [Anonymous Symbol]
    gd32f4xx_it.o(.ARM.exidx.text.__NVIC_SetPriority) refers to gd32f4xx_it.o(.text.__NVIC_SetPriority) for [Anonymous Symbol]
    gd32f4xx_it.o(.text.SysTick_Handler) refers to gd32f4xx_it.o(.bss.g_system_tick) for g_system_tick
    gd32f4xx_it.o(.text.SysTick_Handler) refers to soft_timer.o(.text.soft_timer_tick) for soft_timer_tick
    gd32f4xx_it.o(.ARM.exidx.text.SysTick_Handler) refers to gd32f4xx_it.o(.text.SysTick_Handler) for [Anonymous Symbol]
    gd32f4xx_it.o(.text.board_init) refers to gd32f4xx_misc.o(.text.nvic_priority_group_set) for nvic_priority_group_set
    gd32f4xx_it.o(.text.board_init) refers to gd32f4xx_it.o(.text.systick_config) for systick_config
    gd32f4xx_it.o(.ARM.exidx.text.board_init) refers to gd32f4xx_it.o(.text.board_init) for [Anonymous Symbol]
    gd32f4xx_it.o(.text.delay_us) refers to system_gd32f4xx.o(.data.SystemCoreClock) for SystemCoreClock
    gd32f4xx_it.o(.ARM.exidx.text.delay_us) refers to gd32f4xx_it.o(.text.delay_us) for [Anonymous Symbol]
    gd32f4xx_it.o(.text.delay_ms) refers to gd32f4xx_it.o(.text.delay_us) for delay_us
    gd32f4xx_it.o(.ARM.exidx.text.delay_ms) refers to gd32f4xx_it.o(.text.delay_ms) for [Anonymous Symbol]
    startup_gd32f407_427.o(STACK) refers (Special) to heapauxi.o(.text) for __use_two_region_memory
    startup_gd32f407_427.o(HEAP) refers (Special) to heapauxi.o(.text) for __use_two_region_memory
    startup_gd32f407_427.o(RESET) refers (Special) to heapauxi.o(.text) for __use_two_region_memory
    startup_gd32f407_427.o(RESET) refers to startup_gd32f407_427.o(STACK) for __initial_sp
    startup_gd32f407_427.o(RESET) refers to startup_gd32f407_427.o(.text) for Reset_Handler
    startup_gd32f407_427.o(RESET) refers to gd32f4xx_it.o(.text.NMI_Handler) for NMI_Handler
    startup_gd32f407_427.o(RESET) refers to gd32f4xx_it.o(.text.HardFault_Handler) for HardFault_Handler
    startup_gd32f407_427.o(RESET) refers to gd32f4xx_it.o(.text.MemManage_Handler) for MemManage_Handler
    startup_gd32f407_427.o(RESET) refers to gd32f4xx_it.o(.text.BusFault_Handler) for BusFault_Handler
    startup_gd32f407_427.o(RESET) refers to gd32f4xx_it.o(.text.UsageFault_Handler) for UsageFault_Handler
    startup_gd32f407_427.o(RESET) refers to gd32f4xx_it.o(.text.SysTick_Handler) for SysTick_Handler
    startup_gd32f407_427.o(RESET) refers to gd32f4xx_it.o(.text.SDIO_IRQHandler) for SDIO_IRQHandler
    startup_gd32f407_427.o(.text) refers (Special) to heapauxi.o(.text) for __use_two_region_memory
    startup_gd32f407_427.o(.text) refers to system_gd32f4xx.o(.text.SystemInit) for SystemInit
    startup_gd32f407_427.o(.text) refers to __main.o(!!!main) for __main
    startup_gd32f407_427.o(.text) refers to startup_gd32f407_427.o(HEAP) for Heap_Mem
    startup_gd32f407_427.o(.text) refers to startup_gd32f407_427.o(STACK) for Stack_Mem
    gd32f4xx_adc.o(.text.adc_deinit) refers to gd32f4xx_rcu.o(.text.rcu_periph_reset_enable) for rcu_periph_reset_enable
[...]
    Removing gd32f4xx_tli.o(.ARM.exidx.text.tli_layer_init), (8 bytes).
    Removing gd32f4xx_tli.o(.text.tli_layer_window_offset_modify), (266 bytes).
    Removing gd32f4xx_tli.o(.ARM.exidx.text.tli_layer_window_offset_modify), (8 bytes).
    Removing gd32f4xx_tli.o(.text.tli_lut_struct_para_init), (26 bytes).
    Removing gd32f4xx_tli.o(.ARM.exidx.text.tli_lut_struct_para_init), (8 bytes).
    Removing gd32f4xx_tli.o(.text.tli_lut_init), (38 bytes).
    Removing gd32f4xx_tli.o(.ARM.exidx.text.tli_lut_init), (8 bytes).
    Removing gd32f4xx_tli.o(.text.tli_color_key_init), (46 bytes).
    Removing gd32f4xx_tli.o(.ARM.exidx.text.tli_color_key_init), (8 bytes).
    Removing gd32f4xx_tli.o(.text.tli_layer_enable), (22 bytes).
    Removing gd32f4xx_tli.o(.ARM.exidx.text.tli_layer_enable), (8 bytes).
    Removing gd32f4xx_tli.o(.text.tli_layer_disable), (22 bytes).
    Removing gd32f4xx_tli.o(.ARM.exidx.text.tli_layer_disable), (8 bytes).
    Removing gd32f4xx_tli.o(.text.tli_color_key_enable), (22 bytes).
    Removing gd32f4xx_tli.o(.ARM.exidx.text.tli_color_key_enable), (8 bytes).
    Removing gd32f4xx_tli.o(.text.tli_color_key_disable), (22 bytes).
    Removing gd32f4xx_tli.o(.ARM.exidx.text.tli_color_key_disable), (8 bytes).
    Removing gd32f4xx_tli.o(.text.tli_lut_enable), (22 bytes).
    Removing gd32f4xx_tli.o(.ARM.exidx.text.tli_lut_enable), (8 bytes).
    Removing gd32f4xx_tli.o(.text.tli_lut_disable), (22 bytes).
    Removing gd32f4xx_tli.o(.ARM.exidx.text.tli_lut_disable), (8 bytes).
    Removing gd32f4xx_tli.o(.text.tli_line_mark_set), (34 bytes).
    Removing gd32f4xx_tli.o(.ARM.exidx.text.tli_line_mark_set), (8 bytes).
    Removing gd32f4xx_tli.o(.text.tli_current_pos_get), (12 bytes).
    Removing gd32f4xx_tli.o(.ARM.exidx.text.tli_current_pos_get), (8 bytes).
    Removing gd32f4xx_tli.o(.text.tli_interrupt_enable), (24 bytes).
    Removing gd32f4xx_tli.o(.ARM.exidx.text.tli_interrupt_enable), (8 bytes).
    Removing gd32f4xx_tli.o(.text.tli_interrupt_disable), (24 bytes).
    Removing gd32f4xx_tli.o(.ARM.exidx.text.tli_interrupt_disable), (8 bytes).
    Removing gd32f4xx_tli.o(.text.tli_interrupt_flag_get), (74 bytes).
    Removing gd32f4xx_tli.o(.ARM.exidx.text.tli_interrupt_flag_get), (8 bytes).
    Removing gd32f4xx_tli.o(.text.tli_interrupt_flag_clear), (24 bytes).
    Removing gd32f4xx_tli.o(.ARM.exidx.text.tli_interrupt_flag_clear), (8 bytes).
    Removing gd32f4xx_tli.o(.text.tli_flag_get), (78 bytes).
    Removing gd32f4xx_tli.o(.ARM.exidx.text.tli_flag_get), (8 bytes).
    Removing gd32f4xx_trng.o(.text), (0 bytes).
    Removing gd32f4xx_trng.o(.text.trng_deinit), (24 bytes).
    Removing gd32f4xx_trng.o(.ARM.exidx.text.trng_deinit), (8 bytes).
    Removing gd32f4xx_trng.o(.text.trng_enable), (18 bytes).
    Removing gd32f4xx_trng.o(.ARM.exidx.text.trng_enable), (8 bytes).
    Removing gd32f4xx_trng.o(.text.trng_disable), (18 bytes).
    Removing gd32f4xx_trng.o(.ARM.exidx.text.trng_disable), (8 bytes).
    Removing gd32f4xx_trng.o(.text.trng_get_true_random_data), (12 bytes).
    Removing gd32f4xx_trng.o(.ARM.exidx.text.trng_get_true_random_data), (8 bytes).
    Removing gd32f4xx_trng.o(.text.trng_interrupt_enable), (18 bytes).
    Removing gd32f4xx_trng.o(.ARM.exidx.text.trng_interrupt_enable), (8 bytes).
    Removing gd32f4xx_trng.o(.text.trng_interrupt_disable), (18 bytes).
    Removing gd32f4xx_trng.o(.ARM.exidx.text.trng_interrupt_disable), (8 bytes).
    Removing gd32f4xx_trng.o(.text.trng_flag_get), (50 bytes).
    Removing gd32f4xx_trng.o(.ARM.exidx.text.trng_flag_get), (8 bytes).
    Removing gd32f4xx_trng.o(.text.trng_interrupt_flag_get), (50 bytes).
    Removing gd32f4xx_trng.o(.ARM.exidx.text.trng_interrupt_flag_get), (8 bytes).
    Removing gd32f4xx_trng.o(.text.trng_interrupt_flag_clear), (28 bytes).
    Removing gd32f4xx_trng.o(.ARM.exidx.text.trng_interrupt_flag_clear), (8 bytes).
    Removing gd32f4xx_usart.o(.text), (0 bytes).
    Removing gd32f4xx_usart.o(.text.usart_deinit), (286 bytes).
    Removing gd32f4xx_usart.o(.ARM.exidx.text.usart_deinit), (8 bytes).
    Removing gd32f4xx_usart.o(.text.usart_baudrate_set), (344 bytes).
    Removing gd32f4xx_usart.o(.ARM.exidx.text.usart_baudrate_set), (8 bytes).
    Removing gd32f4xx_usart.o(.text.usart_parity_config), (30 bytes).
    Removing gd32f4xx_usart.o(.ARM.exidx.text.usart_parity_config), (8 bytes).
    Removing gd32f4xx_usart.o(.text.usart_word_length_set), (30 bytes).
    Removing gd32f4xx_usart.o(.ARM.exidx.text.usart_word_length_set), (8 bytes).
    Removing gd32f4xx_usart.o(.text.usart_stop_bit_set), (30 bytes).
    Removing gd32f4xx_usart.o(.ARM.exidx.text.usart_stop_bit_set), (8 bytes).
    Removing gd32f4xx_usart.o(.text.usart_enable), (18 bytes).
    Removing gd32f4xx_usart.o(.ARM.exidx.text.usart_enable), (8 bytes).
    Removing gd32f4xx_usart.o(.text.usart_disable), (18 bytes).
    Removing gd32f4xx_usart.o(.ARM.exidx.text.usart_disable), (8 bytes).
    Removing gd32f4xx_usart.o(.text.usart_transmit_config), (42 bytes).
    Removing gd32f4xx_usart.o(.ARM.exidx.text.usart_transmit_config), (8 bytes).
    Removing gd32f4xx_usart.o(.text.usart_receive_config), (42 bytes).
    Removing gd32f4xx_usart.o(.ARM.exidx.text.usart_receive_config), (8 bytes).
    Removing gd32f4xx_usart.o(.text.usart_data_first_config), (46 bytes).
    Removing gd32f4xx_usart.o(.ARM.exidx.text.usart_data_first_config), (8 bytes).
    Removing gd32f4xx_usart.o(.text.usart_invert_config), (134 bytes).
    Removing gd32f4xx_usart.o(.ARM.exidx.text.usart_invert_config), (8 bytes).
    Removing gd32f4xx_usart.o(.text.usart_oversample_config), (30 bytes).
    Removing gd32f4xx_usart.o(.ARM.exidx.text.usart_oversample_config), (8 bytes).
    Removing gd32f4xx_usart.o(.text.usart_sample_bit_config), (30 bytes).
    Removing gd32f4xx_usart.o(.ARM.exidx.text.usart_sample_bit_config), (8 bytes).
    Removing gd32f4xx_usart.o(.text.usart_receiver_timeout_enable), (22 bytes).
    Removing gd32f4xx_usart.o(.ARM.exidx.text.usart_receiver_timeout_enable), (8 bytes).
    Removing gd32f4xx_usart.o(.text.usart_receiver_timeout_disable), (22 bytes).
    Removing gd32f4xx_usart.o(.ARM.exidx.text.usart_receiver_timeout_disable), (8 bytes).
    Removing gd32f4xx_usart.o(.text.usart_receiver_timeout_threshold_config), (38 bytes).
    Removing gd32f4xx_usart.o(.ARM.exidx.text.usart_receiver_timeout_threshold_config), (8 bytes).
    Removing gd32f4xx_usart.o(.text.usart_data_transmit), (24 bytes).
    Removing gd32f4xx_usart.o(.ARM.exidx.text.usart_data_transmit), (8 bytes).
    Removing gd32f4xx_usart.o(.text.usart_data_receive), (16 bytes).
    Removing gd32f4xx_usart.o(.ARM.exidx.text.usart_data_receive), (8 bytes).
    Removing gd32f4xx_usart.o(.text.usart_address_config), (38 bytes).
    Removing gd32f4xx_usart.o(.ARM.exidx.text.usart_address_config), (8 bytes).
    Removing gd32f4xx_usart.o(.text.usart_mute_mode_enable), (18 bytes).
    Removing gd32f4xx_usart.o(.ARM.exidx.text.usart_mute_mode_enable), (8 bytes).
    Removing gd32f4xx_usart.o(.text.usart_mute_mode_disable), (18 bytes).
    Removing gd32f4xx_usart.o(.ARM.exidx.text.usart_mute_mode_disable), (8 bytes).
    Removing gd32f4xx_usart.o(.text.usart_mute_mode_wakeup_config), (30 bytes).
    Removing gd32f4xx_usart.o(.ARM.exidx.text.usart_mute_mode_wakeup_config), (8 bytes).
    Removing gd32f4xx_usart.o(.text.usart_lin_mode_enable), (18 bytes).
    Removing gd32f4xx_usart.o(.ARM.exidx.text.usart_lin_mode_enable), (8 bytes).
    Removing gd32f4xx_usart.o(.text.usart_lin_mode_disable), (18 bytes).
    Removing gd32f4xx_usart.o(.ARM.exidx.text.usart_lin_mode_disable), (8 bytes).
    Removing gd32f4xx_usart.o(.text.usart_lin_break_detection_length_config), (34 bytes).
    Removing gd32f4xx_usart.o(.ARM.exidx.text.usart_lin_break_detection_length_config), (8 bytes).
    Removing gd32f4xx_usart.o(.text.usart_send_break), (18 bytes).
    Removing gd32f4xx_usart.o(.ARM.exidx.text.usart_send_break), (8 bytes).
    Removing gd32f4xx_usart.o(.text.usart_halfduplex_enable), (18 bytes).
    Removing gd32f4xx_usart.o(.ARM.exidx.text.usart_halfduplex_enable), (8 bytes).
    Removing gd32f4xx_usart.o(.text.usart_halfduplex_disable), (18 bytes).
    Removing gd32f4xx_usart.o(.ARM.exidx.text.usart_halfduplex_disable), (8 bytes).
    Removing gd32f4xx_usart.o(.text.usart_synchronous_clock_enable), (18 bytes).
    Removing gd32f4xx_usart.o(.ARM.exidx.text.usart_synchronous_clock_enable), (8 bytes).
    Removing gd32f4xx_usart.o(.text.usart_synchronous_clock_disable), (18 bytes).
    Removing gd32f4xx_usart.o(.ARM.exidx.text.usart_synchronous_clock_disable), (8 bytes).
    Removing gd32f4xx_usart.o(.text.usart_synchronous_clock_config), (50 bytes).
    Removing gd32f4xx_usart.o(.ARM.exidx.text.usart_synchronous_clock_config), (8 bytes).
    Removing gd32f4xx_usart.o(.text.usart_guard_time_config), (36 bytes).
    Removing gd32f4xx_usart.o(.ARM.exidx.text.usart_guard_time_config), (8 bytes).
    Removing gd32f4xx_usart.o(.text.usart_smartcard_mode_enable), (18 bytes).
    Removing gd32f4xx_usart.o(.ARM.exidx.text.usart_smartcard_mode_enable), (8 bytes).
    Removing gd32f4xx_usart.o(.text.usart_smartcard_mode_disable), (18 bytes).
    Removing gd32f4xx_usart.o(.ARM.exidx.text.usart_smartcard_mode_disable), (8 bytes).
    Removing gd32f4xx_usart.o(.text.usart_smartcard_mode_nack_enable), (18 bytes).
    Removing gd32f4xx_usart.o(.ARM.exidx.text.usart_smartcard_mode_nack_enable), (8 bytes).
    Removing gd32f4xx_usart.o(.text.usart_smartcard_mode_nack_disable), (18 bytes).
    Removing gd32f4xx_usart.o(.ARM.exidx.text.usart_smartcard_mode_nack_disable), (8 bytes).
    Removing gd32f4xx_usart.o(.text.usart_smartcard_autoretry_config), (48 bytes).
    Removing gd32f4xx_usart.o(.ARM.exidx.text.usart_smartcard_autoretry_config), (8 bytes).
    Removing gd32f4xx_usart.o(.text.usart_block_length_config), (44 bytes).
    Removing gd32f4xx_usart.o(.ARM.exidx.text.usart_block_length_config), (8 bytes).
    Removing gd32f4xx_usart.o(.text.usart_irda_mode_enable), (18 bytes).
    Removing gd32f4xx_usart.o(.ARM.exidx.text.usart_irda_mode_enable), (8 bytes).
    Removing gd32f4xx_usart.o(.text.usart_irda_mode_disable), (18 bytes).
    Removing gd32f4xx_usart.o(.ARM.exidx.text.usart_irda_mode_disable), (8 bytes).
    Removing gd32f4xx_usart.o(.text.usart_prescaler_config), (34 bytes).
    Removing gd32f4xx_usart.o(.ARM.exidx.text.usart_prescaler_config), (8 bytes).
    Removing gd32f4xx_usart.o(.text.usart_irda_lowpower_config), (34 bytes).
    Removing gd32f4xx_usart.o(.ARM.exidx.text.usart_irda_lowpower_config), (8 bytes).
    Removing gd32f4xx_usart.o(.text.usart_hardware_flow_rts_config), (34 bytes).
    Removing gd32f4xx_usart.o(.ARM.exidx.text.usart_hardware_flow_rts_config), (8 bytes).
    Removing gd32f4xx_usart.o(.text.usart_hardware_flow_cts_config), (34 bytes).
    Removing gd32f4xx_usart.o(.ARM.exidx.text.usart_hardware_flow_cts_config), (8 bytes).
    Removing gd32f4xx_usart.o(.text.usart_break_frame_coherence_config), (42 bytes).
    Removing gd32f4xx_usart.o(.ARM.exidx.text.usart_break_frame_coherence_config), (8 bytes).
    Removing gd32f4xx_usart.o(.text.usart_parity_check_coherence_config), (42 bytes).
    Removing gd32f4xx_usart.o(.ARM.exidx.text.usart_parity_check_coherence_config), (8 bytes).
    Removing gd32f4xx_usart.o(.text.usart_hardware_flow_coherence_config), (42 bytes).
    Removing gd32f4xx_usart.o(.ARM.exidx.text.usart_hardware_flow_coherence_config), (8 bytes).
    Removing gd32f4xx_usart.o(.text.usart_dma_receive_config), (34 bytes).
    Removing gd32f4xx_usart.o(.ARM.exidx.text.usart_dma_receive_config), (8 bytes).
    Removing gd32f4xx_usart.o(.text.usart_dma_transmit_config), (34 bytes).
    Removing gd32f4xx_usart.o(.ARM.exidx.text.usart_dma_transmit_config), (8 bytes).
    Removing gd32f4xx_usart.o(.text.usart_flag_get), (58 bytes).
    Removing gd32f4xx_usart.o(.ARM.exidx.text.usart_flag_get), (8 bytes).
    Removing gd32f4xx_usart.o(.text.usart_flag_clear), (36 bytes).
    Removing gd32f4xx_usart.o(.ARM.exidx.text.usart_flag_clear), (8 bytes).
    Removing gd32f4xx_usart.o(.text.usart_interrupt_enable), (36 bytes).
    Removing gd32f4xx_usart.o(.ARM.exidx.text.usart_interrupt_enable), (8 bytes).
    Removing gd32f4xx_usart.o(.text.usart_interrupt_disable), (36 bytes).
    Removing gd32f4xx_usart.o(.ARM.exidx.text.usart_interrupt_disable), (8 bytes).
    Removing gd32f4xx_usart.o(.text.usart_interrupt_flag_get), (94 bytes).
    Removing gd32f4xx_usart.o(.ARM.exidx.text.usart_interrupt_flag_get), (8 bytes).
    Removing gd32f4xx_usart.o(.text.usart_interrupt_flag_clear), (32 bytes).
    Removing gd32f4xx_usart.o(.ARM.exidx.text.usart_interrupt_flag_clear), (8 bytes).
    Removing gd32f4xx_wwdgt.o(.text), (0 bytes).
    Removing gd32f4xx_wwdgt.o(.text.wwdgt_deinit), (24 bytes).
    Removing gd32f4xx_wwdgt.o(.ARM.exidx.text.wwdgt_deinit), (8 bytes).
    Removing gd32f4xx_wwdgt.o(.text.wwdgt_enable), (18 bytes).
    Removing gd32f4xx_wwdgt.o(.ARM.exidx.text.wwdgt_enable), (8 bytes).
    Removing gd32f4xx_wwdgt.o(.text.wwdgt_counter_update), (28 bytes).
    Removing gd32f4xx_wwdgt.o(.ARM.exidx.text.wwdgt_counter_update), (8 bytes).
    Removing gd32f4xx_wwdgt.o(.text.wwdgt_config), (56 bytes).
    Removing gd32f4xx_wwdgt.o(.ARM.exidx.text.wwdgt_config), (8 bytes).
    Removing gd32f4xx_wwdgt.o(.text.wwdgt_flag_get), (42 bytes).
    Removing gd32f4xx_wwdgt.o(.ARM.exidx.text.wwdgt_flag_get), (8 bytes).
    Removing gd32f4xx_wwdgt.o(.text.wwdgt_flag_clear), (14 bytes).
    Removing gd32f4xx_wwdgt.o(.ARM.exidx.text.wwdgt_flag_clear), (8 bytes).
    Removing gd32f4xx_wwdgt.o(.text.wwdgt_interrupt_enable), (18 bytes).
    Removing gd32f4xx_wwdgt.o(.ARM.exidx.text.wwdgt_interrupt_enable), (8 bytes).
    Removing system_gd32f4xx.o(.text), (0 bytes).
    Removing system_gd32f4xx.o(.ARM.exidx.text.SystemInit), (8 bytes).
    Removing system_gd32f4xx.o(.ARM.exidx.text.system_clock_config), (8 bytes).
    Removing system_gd32f4xx.o(.text.SystemCoreClockUpdate), (282 bytes).
    Removing system_gd32f4xx.o(.ARM.exidx.text.SystemCoreClockUpdate), (8 bytes).
    Removing system_gd32f4xx.o(.ARM.exidx.text.system_clock_168m_8m_hxtal), (8 bytes).
    Removing system_gd32f4xx.o(.rodata.cst16), (16 bytes).
    Removing ringbuffer.o(.text), (0 bytes).
    Removing ringbuffer.o(.text.ring_buffer_init), (42 bytes).
    Removing ringbuffer.o(.ARM.exidx.text.ring_buffer_init), (8 bytes).
    Removing ringbuffer.o(.text.ring_buffer_read), (142 bytes).
    Removing ringbuffer.o(.ARM.exidx.text.ring_buffer_read), (8 bytes).
    Removing ringbuffer.o(.text.ring_buffer_write), (200 bytes).
    Removing ringbuffer.o(.ARM.exidx.text.ring_buffer_write), (8 bytes).
    Removing ringbuffer.o(.text.ring_buffer_available_read), (58 bytes).
    Removing ringbuffer.o(.ARM.exidx.text.ring_buffer_available_read), (8 bytes).
    Removing ringbuffer.o(.text.ring_buffer_reset), (22 bytes).
    Removing ringbuffer.o(.ARM.exidx.text.ring_buffer_reset), (8 bytes).
    Removing soft_timer.o(.text), (0 bytes).
    Removing soft_timer.o(.text.soft_timer_single_init), (100 bytes).
    Removing soft_timer.o(.ARM.exidx.text.soft_timer_single_init), (8 bytes).
    Removing soft_timer.o(.text.soft_timer_interrupt_disable), (4 bytes).
    Removing soft_timer.o(.ARM.exidx.text.soft_timer_interrupt_disable), (8 bytes).
    Removing soft_timer.o(.text.soft_timer_interrupt_enable), (4 bytes).
    Removing soft_timer.o(.ARM.exidx.text.soft_timer_interrupt_enable), (8 bytes).
    Removing soft_timer.o(.text.soft_timer_repeat_init), (102 bytes).
    Removing soft_timer.o(.ARM.exidx.text.soft_timer_repeat_init), (8 bytes).
    Removing soft_timer.o(.text.soft_timer_stop), (82 bytes).
    Removing soft_timer.o(.ARM.exidx.text.soft_timer_stop), (8 bytes).
    Removing soft_timer.o(.text.soft_timer_is_timeout), (92 bytes).
    Removing soft_timer.o(.ARM.exidx.text.soft_timer_is_timeout), (8 bytes).
    Removing soft_timer.o(.text.soft_timer_reset), (68 bytes).
    Removing soft_timer.o(.ARM.exidx.text.soft_timer_reset), (8 bytes).
    Removing soft_timer.o(.ARM.exidx.text.soft_timer_tick), (8 bytes).
    Removing bsp_led.o(.text), (0 bytes).
    Removing bsp_led.o(.text.bsp_led_init), (56 bytes).
    Removing bsp_led.o(.ARM.exidx.text.bsp_led_init), (8 bytes).
    Removing bsp_led.o(.text.bsp_led_gpio_init), (98 bytes).
    Removing bsp_led.o(.ARM.exidx.text.bsp_led_gpio_init), (8 bytes).
    Removing bsp_led.o(.text.bsp_led_off), (44 bytes).
    Removing bsp_led.o(.ARM.exidx.text.bsp_led_off), (8 bytes).
    Removing bsp_led.o(.text.bsp_led_on), (44 bytes).
    Removing bsp_led.o(.ARM.exidx.text.bsp_led_on), (8 bytes).
    Removing bsp_led.o(.text.bsp_led_toggle), (44 bytes).
    Removing bsp_led.o(.ARM.exidx.text.bsp_led_toggle), (8 bytes).
    Removing bsp_led.o(.text.bsp_led_get_status), (82 bytes).
    Removing bsp_led.o(.ARM.exidx.text.bsp_led_get_status), (8 bytes).
    Removing bsp_led.o(.rodata.LED_PORT), (4 bytes).
    Removing bsp_led.o(.rodata.LED_PIN), (4 bytes).
    Removing bsp_led.o(.rodata.LED_CLK), (2 bytes).
    Removing bsp_sd.o(.text), (0 bytes).
    Removing bsp_sd.o(.text.sd_nvic_config), (22 bytes).
    Removing bsp_sd.o(.ARM.exidx.text.sd_nvic_config), (8 bytes).
    Removing bsp_sd.o(.text.sd_io_init), (190 bytes).
    Removing bsp_sd.o(.ARM.exidx.text.sd_io_init), (8 bytes).
    Removing bsp_sd.o(.text.card_info_get), (626 bytes).
    Removing bsp_sd.o(.ARM.exidx.text.card_info_get), (8 bytes).
    Removing bsp_sd.o(.bss.sd_cardinfo), (72 bytes).
    Removing bsp_sd.o(.rodata.str1.1), (646 bytes).
    Removing bsp_sd.o(.bss.buf_write), (2048 bytes).
    Removing bsp_sd.o(.bss.buf_read), (2048 bytes).
    Removing bsp_uart.o(.text), (0 bytes).
    Removing bsp_uart.o(.text.bsp_uart_init), (48 bytes).
    Removing bsp_uart.o(.ARM.exidx.text.bsp_uart_init), (8 bytes).
    Removing bsp_uart.o(.text.bsp_uart_periph_init), (528 bytes).
    Removing bsp_uart.o(.ARM.exidx.text.bsp_uart_periph_init), (8 bytes).
    Removing bsp_uart.o(.ARM.exidx.text._sys_exit), (8 bytes).
    Removing bsp_uart.o(.text.fputc), (56 bytes).
    Removing bsp_uart.o(.ARM.exidx.text.fputc), (8 bytes).
    Removing bsp_uart.o(.rodata.COM_UART), (16 bytes).
    Removing bsp_uart.o(.bss.__stdout), (84 bytes).
    Removing bsp_uart.o(.rodata.COM_UART_TX_GPIO_CLK), (8 bytes).
    Removing bsp_uart.o(.rodata.COM_UART_RX_GPIO_CLK), (8 bytes).
    Removing bsp_uart.o(.rodata.COM_UART_CLK), (8 bytes).
    Removing bsp_uart.o(.rodata.COM_UART_TX_PORT), (16 bytes).
    Removing bsp_uart.o(.rodata.COM_UART_TX_GPIO_AF), (16 bytes).
    Removing bsp_uart.o(.rodata.COM_UART_TX_PIN), (16 bytes).
    Removing bsp_uart.o(.rodata.COM_UART_RX_PORT), (16 bytes).
    Removing bsp_uart.o(.rodata.COM_UART_RX_GPIO_AF), (16 bytes).
    Removing bsp_uart.o(.rodata.COM_UART_RX_PIN), (16 bytes).
    Removing bsp_uart.o(.rodata.COM_UART_BAUD), (16 bytes).
    Removing bsp_uart.o(.rodata.COM_UART_IRQn), (4 bytes).
    Removing spi_flash.o(.text), (0 bytes).
    Removing spi_flash.o(.text.bsp_spi_init), (240 bytes).
    Removing spi_flash.o(.ARM.exidx.text.bsp_spi_init), (8 bytes).
    Removing spi_flash.o(.text.spi_read_write_byte), (86 bytes).
    Removing spi_flash.o(.ARM.exidx.text.spi_read_write_byte), (8 bytes).
    Removing spi_flash.o(.text.GD25Q32_readID), (110 bytes).
    Removing spi_flash.o(.ARM.exidx.text.GD25Q32_readID), (8 bytes).
    Removing spi_flash.o(.text.GD25Q32_write_enable), (42 bytes).
    Removing spi_flash.o(.ARM.exidx.text.GD25Q32_write_enable), (8 bytes).
    Removing spi_flash.o(.text.GD25Q32_wait_busy), (76 bytes).
    Removing spi_flash.o(.ARM.exidx.text.GD25Q32_wait_busy), (8 bytes).
    Removing spi_flash.o(.text.GD25Q32_erase_sector), (86 bytes).
    Removing spi_flash.o(.ARM.exidx.text.GD25Q32_erase_sector), (8 bytes).
    Removing spi_flash.o(.text.GD25Q32_write), (138 bytes).
    Removing spi_flash.o(.ARM.exidx.text.GD25Q32_write), (8 bytes).
    Removing spi_flash.o(.text.GD25Q32_read), (126 bytes).
    Removing spi_flash.o(.ARM.exidx.text.GD25Q32_read), (8 bytes).
    Removing bsp_fmc.o(.text), (0 bytes).
    Removing bsp_fmc.o(.text.fmc_sector_get), (438 bytes).
    Removing bsp_fmc.o(.ARM.exidx.text.fmc_sector_get), (8 bytes).
    Removing bsp_fmc.o(.text.fmc_erase_sector), (38 bytes).
    Removing bsp_fmc.o(.ARM.exidx.text.fmc_erase_sector), (8 bytes).
    Removing bsp_fmc.o(.text.fmc_write_32bit_data), (180 bytes).
    Removing bsp_fmc.o(.ARM.exidx.text.fmc_write_32bit_data), (8 bytes).
    Removing bsp_fmc.o(.text.fmc_read_32bit_data), (70 bytes).
    Removing bsp_fmc.o(.ARM.exidx.text.fmc_read_32bit_data), (8 bytes).
    Removing bsp_fmc.o(.text.test_fmc), (348 bytes).
    Removing bsp_fmc.o(.ARM.exidx.text.test_fmc), (8 bytes).
    Removing bsp_fmc.o(.data.data_32_1), (40 bytes).
    Removing bsp_fmc.o(.rodata.str1.1), (73 bytes).
    Removing bsp_fmc.o(.bss.data_32_2), (40 bytes).
    Removing sdcard.o(.text), (0 bytes).
    Removing sdcard.o(.text.sd_init), (120 bytes).
    Removing sdcard.o(.ARM.exidx.text.sd_init), (8 bytes).
    Removing sdcard.o(.text.rcu_config), (36 bytes).
    Removing sdcard.o(.ARM.exidx.text.rcu_config), (8 bytes).
    Removing sdcard.o(.text.gpio_config), (136 bytes).
    Removing sdcard.o(.ARM.exidx.text.gpio_config), (8 bytes).
    Removing sdcard.o(.text.sd_power_on), (440 bytes).
    Removing sdcard.o(.ARM.exidx.text.sd_power_on), (8 bytes).
    Removing sdcard.o(.text.sd_card_init), (426 bytes).
    Removing sdcard.o(.ARM.exidx.text.sd_card_init), (8 bytes).
    Removing sdcard.o(.text.r2_error_check), (152 bytes).
    Removing sdcard.o(.ARM.exidx.text.r2_error_check), (8 bytes).
    Removing sdcard.o(.text.r6_error_check), (292 bytes).
    Removing sdcard.o(.ARM.exidx.text.r6_error_check), (8 bytes).
    Removing sdcard.o(.text.cmdsent_error_check), (118 bytes).
    Removing sdcard.o(.ARM.exidx.text.cmdsent_error_check), (8 bytes).
    Removing sdcard.o(.text.r7_error_check), (186 bytes).
    Removing sdcard.o(.ARM.exidx.text.r7_error_check), (8 bytes).
    Removing sdcard.o(.ARM.exidx.text.r1_error_check), (8 bytes).
    Removing sdcard.o(.text.r3_error_check), (118 bytes).
    Removing sdcard.o(.ARM.exidx.text.r3_error_check), (8 bytes).
    Removing sdcard.o(.text.sd_power_off), (24 bytes).
    Removing sdcard.o(.ARM.exidx.text.sd_power_off), (8 bytes).
    Removing sdcard.o(.text.sd_bus_mode_config), (262 bytes).
    Removing sdcard.o(.ARM.exidx.text.sd_bus_mode_config), (8 bytes).
    Removing sdcard.o(.text.sd_bus_width_config), (438 bytes).
    Removing sdcard.o(.ARM.exidx.text.sd_bus_width_config), (8 bytes).
    Removing sdcard.o(.text.sd_transfer_mode_config), (54 bytes).
    Removing sdcard.o(.ARM.exidx.text.sd_transfer_mode_config), (8 bytes).
    Removing sdcard.o(.text.sd_block_read), (818 bytes).
    Removing sdcard.o(.ARM.exidx.text.sd_block_read), (8 bytes).
    Removing sdcard.o(.text.sd_datablocksize_get), (58 bytes).
    Removing sdcard.o(.ARM.exidx.text.sd_datablocksize_get), (8 bytes).
    Removing sdcard.o(.text.dma_receive_config), (190 bytes).
    Removing sdcard.o(.ARM.exidx.text.dma_receive_config), (8 bytes).
    Removing sdcard.o(.text.sd_multiblocks_read), (1076 bytes).
    Removing sdcard.o(.ARM.exidx.text.sd_multiblocks_read), (8 bytes).
    Removing sdcard.o(.text.sd_block_write), (1294 bytes).
    Removing sdcard.o(.ARM.exidx.text.sd_block_write), (8 bytes).
    Removing sdcard.o(.text.dma_transfer_config), (192 bytes).
    Removing sdcard.o(.ARM.exidx.text.dma_transfer_config), (8 bytes).
    Removing sdcard.o(.text.sd_card_state_get), (272 bytes).
    Removing sdcard.o(.ARM.exidx.text.sd_card_state_get), (8 bytes).
    Removing sdcard.o(.text.sd_multiblocks_write), (1492 bytes).
    Removing sdcard.o(.ARM.exidx.text.sd_multiblocks_write), (8 bytes).
    Removing sdcard.o(.text.sd_erase), (556 bytes).
    Removing sdcard.o(.ARM.exidx.text.sd_erase), (8 bytes).
    Removing sdcard.o(.ARM.exidx.text.sd_interrupts_process), (8 bytes).
    Removing sdcard.o(.ARM.exidx.text.sd_transfer_stop), (8 bytes).
    Removing sdcard.o(.text.sd_card_select_deselect), (58 bytes).
    Removing sdcard.o(.ARM.exidx.text.sd_card_select_deselect), (8 bytes).
    Removing sdcard.o(.text.sd_cardstatus_get), (124 bytes).
    Removing sdcard.o(.ARM.exidx.text.sd_cardstatus_get), (8 bytes).
    Removing sdcard.o(.text.sd_sdstatus_get), (572 bytes).
    Removing sdcard.o(.ARM.exidx.text.sd_sdstatus_get), (8 bytes).
    Removing sdcard.o(.text.sd_lock_unlock), (774 bytes).
    Removing sdcard.o(.ARM.exidx.text.sd_lock_unlock), (8 bytes).
    Removing sdcard.o(.text.sd_transfer_state_get), (38 bytes).
    Removing sdcard.o(.ARM.exidx.text.sd_transfer_state_get), (8 bytes).
    Removing sdcard.o(.text.sd_card_capacity_get), (320 bytes).
    Removing sdcard.o(.ARM.exidx.text.sd_card_capacity_get), (8 bytes).
    Removing sdcard.o(.text.sd_card_information_get), (1170 bytes).
    Removing sdcard.o(.ARM.exidx.text.sd_card_information_get), (8 bytes).
    Removing sdcard.o(.ARM.exidx.text.r1_error_type_check), (8 bytes).
    Removing sdcard.o(.text.sd_scr_get), (484 bytes).
    Removing sdcard.o(.ARM.exidx.text.sd_scr_get), (8 bytes).
    Removing sdcard.o(.bss.sd_scr), (8 bytes).
    Removing sdcard.o(.bss.cardtype), (1 bytes).
    Removing sdcard.o(.bss.sd_cid), (16 bytes).
    Removing sdcard.o(.bss.sd_rca), (2 bytes).
    Removing sdcard.o(.bss.sd_csd), (16 bytes).
    Removing sdcard.o(.data.transmode), (4 bytes).
    Removing sdcard.o(.bss.totalnumber_bytes), (4 bytes).

1937 unused section(s) (total 104936 bytes) removed from the image.

==============================================================================

Image Symbol Table

    Local Symbols

    Symbol Name                              Value     Ov Type        Size  Object(Section)

    ../clib/angel/boardlib.s                 0x00000000   Number         0  boardinit1.o ABSOLUTE
    ../clib/angel/boardlib.s                 0x00000000   Number         0  boardinit2.o ABSOLUTE
    ../clib/angel/boardlib.s                 0x00000000   Number         0  boardinit3.o ABSOLUTE
    ../clib/angel/boardlib.s                 0x00000000   Number         0  boardshut.o ABSOLUTE
    ../clib/angel/handlers.s                 0x00000000   Number         0  __scatter_copy.o ABSOLUTE
    ../clib/angel/handlers.s                 0x00000000   Number         0  __scatter_zi.o ABSOLUTE
    ../clib/angel/kernel.s                   0x00000000   Number         0  __rtentry.o ABSOLUTE
    ../clib/angel/kernel.s                   0x00000000   Number         0  __rtentry2.o ABSOLUTE
    ../clib/angel/kernel.s                   0x00000000   Number         0  __rtentry4.o ABSOLUTE
    ../clib/angel/kernel.s                   0x00000000   Number         0  rtexit.o ABSOLUTE
    ../clib/angel/kernel.s                   0x00000000   Number         0  rtexit2.o ABSOLUTE
    ../clib/angel/rt.s                       0x00000000   Number         0  rt_ctype_table.o ABSOLUTE
    ../clib/angel/rt.s                       0x00000000   Number         0  rt_locale.o ABSOLUTE
    ../clib/angel/rt.s                       0x00000000   Number         0  rt_locale_intlibspace.o ABSOLUTE
    ../clib/angel/rt.s                       0x00000000   Number         0  rt_raise.o ABSOLUTE
    ../clib/angel/scatter.s                  0x00000000   Number         0  __scatter.o ABSOLUTE
    ../clib/angel/startup.s                  0x00000000   Number         0  __main.o ABSOLUTE
    ../clib/angel/sys.s                      0x00000000   Number         0  sys_stackheap_outer.o ABSOLUTE
    ../clib/angel/sys.s                      0x00000000   Number         0  libspace.o ABSOLUTE
    ../clib/angel/sys.s                      0x00000000   Number         0  use_no_semi.o ABSOLUTE
    ../clib/angel/sys.s                      0x00000000   Number         0  indicate_semi.o ABSOLUTE
    ../clib/angel/sysapp.c                   0x00000000   Number         0  sys_command.o ABSOLUTE
    ../clib/angel/sysapp.c                   0x00000000   Number         0  sys_command_hlt.o ABSOLUTE
    ../clib/angel/sysapp.c                   0x00000000   Number         0  sys_wrch.o ABSOLUTE
    ../clib/angel/sysapp.c                   0x00000000   Number         0  sys_wrch_hlt.o ABSOLUTE
    ../clib/armsys.c                         0x00000000   Number         0  argv_veneer.o ABSOLUTE
    ../clib/armsys.c                         0x00000000   Number         0  argv_veneer.o ABSOLUTE
    ../clib/armsys.c                         0x00000000   Number         0  _get_argv_nomalloc.o ABSOLUTE
    ../clib/armsys.c                         0x00000000   Number         0  no_argv.o ABSOLUTE
    ../clib/bigflt.c                         0x00000000   Number         0  bigflt0.o ABSOLUTE
    ../clib/btod.s                           0x00000000   Number         0  btod.o ABSOLUTE
    ../clib/btod_accurate.c                  0x00000000   Number         0  btod_accurate.o ABSOLUTE
    ../clib/btod_accurate.c                  0x00000000   Number         0  btod_accurate_common.o ABSOLUTE
    ../clib/heapalloc.c                      0x00000000   Number         0  hrguard.o ABSOLUTE
    ../clib/heapaux.c                        0x00000000   Number         0  heapauxi.o ABSOLUTE
    ../clib/libinit.s                        0x00000000   Number         0  libinit.o ABSOLUTE
    ../clib/libinit.s                        0x00000000   Number         0  libinit2.o ABSOLUTE
    ../clib/libinit.s                        0x00000000   Number         0  libshutdown.o ABSOLUTE
    ../clib/libinit.s                        0x00000000   Number         0  libshutdown2.o ABSOLUTE
    ../clib/locale.c                         0x00000000   Number         0  _c16rtomb.o ABSOLUTE
    ../clib/locale.s                         0x00000000   Number         0  lc_numeric_c.o ABSOLUTE
    ../clib/locale.s                         0x00000000   Number         0  lc_ctype_c.o ABSOLUTE
    ../clib/longlong.s                       0x00000000   Number         0  lludiv10.o ABSOLUTE
    ../clib/longlong.s                       0x00000000   Number         0  llushr.o ABSOLUTE
    ../clib/memcpset.s                       0x00000000   Number         0  strcmpv7em.o ABSOLUTE
    ../clib/misc.s                           0x00000000   Number         0  printf_stubs.o ABSOLUTE
    ../clib/printf.c                         0x00000000   Number         0  printf.o ABSOLUTE
    ../clib/printf.c                         0x00000000   Number         0  __printf.o ABSOLUTE
    ../clib/printf.c                         0x00000000   Number         0  _printf_pad.o ABSOLUTE
    ../clib/printf.c                         0x00000000   Number         0  _printf_truncate.o ABSOLUTE
    ../clib/printf.c                         0x00000000   Number         0  _printf_str.o ABSOLUTE
    ../clib/printf.c                         0x00000000   Number         0  _printf_dec.o ABSOLUTE
    ../clib/printf.c                         0x00000000   Number         0  _printf_charcount.o ABSOLUTE
    ../clib/printf.c                         0x00000000   Number         0  _printf_char_file.o ABSOLUTE
    ../clib/printf.c                         0x00000000   Number         0  _printf_wctomb.o ABSOLUTE
    ../clib/printf.c                         0x00000000   Number         0  _printf_longlong_dec.o ABSOLUTE
    ../clib/printf.c                         0x00000000   Number         0  _printf_oct_ll.o ABSOLUTE
    ../clib/printf.c                         0x00000000   Number         0  _printf_oct_int.o ABSOLUTE
    ../clib/printf.c                         0x00000000   Number         0  _printf_oct_int_ll.o ABSOLUTE
    ../clib/printf.c                         0x00000000   Number         0  _printf_hex_ll.o ABSOLUTE
    ../clib/printf.c                         0x00000000   Number         0  _printf_hex_int.o ABSOLUTE
    ../clib/printf.c                         0x00000000   Number         0  _printf_hex_int_ll.o ABSOLUTE
    ../clib/printf.c                         0x00000000   Number         0  _printf_hex_ptr.o ABSOLUTE
    ../clib/printf.c                         0x00000000   Number         0  _printf_hex_int_ptr.o ABSOLUTE
    ../clib/printf.c                         0x00000000   Number         0  _printf_hex_ll_ptr.o ABSOLUTE
    ../clib/printf.c                         0x00000000   Number         0  _printf_hex_int_ll_ptr.o ABSOLUTE
    ../clib/printf.c                         0x00000000   Number         0  __printf_flags.o ABSOLUTE
    ../clib/printf.c                         0x00000000   Number         0  __printf_ss.o ABSOLUTE
    ../clib/printf.c                         0x00000000   Number         0  __printf_flags_ss.o ABSOLUTE
    ../clib/printf.c                         0x00000000   Number         0  __printf_wp.o ABSOLUTE
    ../clib/printf.c                         0x00000000   Number         0  __printf_flags_wp.o ABSOLUTE
    ../clib/printf.c                         0x00000000   Number         0  __printf_ss_wp.o ABSOLUTE
    ../clib/printf.c                         0x00000000   Number         0  __printf_flags_ss_wp.o ABSOLUTE
    ../clib/printf.c                         0x00000000   Number         0  _printf_intcommon.o ABSOLUTE
    ../clib/printf.c                         0x00000000   Number         0  _printf_fp_dec.o ABSOLUTE
    ../clib/printf.c                         0x00000000   Number         0  _printf_fp_dec_accurate.o ABSOLUTE
    ../clib/printf.c                         0x00000000   Number         0  _printf_fp_hex.o ABSOLUTE
    ../clib/printf.c                         0x00000000   Number         0  _printf_char_common.o ABSOLUTE
    ../clib/printf.c                         0x00000000   Number         0  _printf_char.o ABSOLUTE
    ../clib/printf.c                         0x00000000   Number         0  _printf_wchar.o ABSOLUTE
    ../clib/printf.c                         0x00000000   Number         0  _printf_fp_infnan.o ABSOLUTE
    ../clib/printf.c                         0x00000000   Number         0  __printf_nopercent.o ABSOLUTE
    ../clib/printf_percent.s                 0x00000000   Number         0  _printf_c.o ABSOLUTE
    ../clib/printf_percent.s                 0x00000000   Number         0  _printf_s.o ABSOLUTE
    ../clib/printf_percent.s                 0x00000000   Number         0  _printf_n.o ABSOLUTE
    ../clib/printf_percent.s                 0x00000000   Number         0  _printf_x.o ABSOLUTE
    ../clib/printf_percent.s                 0x00000000   Number         0  _printf_p.o ABSOLUTE
    ../clib/printf_percent.s                 0x00000000   Number         0  _printf_o.o ABSOLUTE
    ../clib/printf_percent.s                 0x00000000   Number         0  _printf_i.o ABSOLUTE
    ../clib/printf_percent.s                 0x00000000   Number         0  _printf_d.o ABSOLUTE
    ../clib/printf_percent.s                 0x00000000   Number         0  _printf_u.o ABSOLUTE
    ../clib/printf_percent.s                 0x00000000   Number         0  _printf_f.o ABSOLUTE
    ../clib/printf_percent.s                 0x00000000   Number         0  _printf_e.o ABSOLUTE
    ../clib/printf_percent.s                 0x00000000   Number         0  _printf_g.o ABSOLUTE
    ../clib/printf_percent.s                 0x00000000   Number         0  _printf_a.o ABSOLUTE
    ../clib/printf_percent.s                 0x00000000   Number         0  _printf_percent.o ABSOLUTE
    ../clib/printf_percent.s                 0x00000000   Number         0  _printf_lli.o ABSOLUTE
    ../clib/printf_percent.s                 0x00000000   Number         0  _printf_lld.o ABSOLUTE
    ../clib/printf_percent.s                 0x00000000   Number         0  _printf_llu.o ABSOLUTE
    ../clib/printf_percent.s                 0x00000000   Number         0  _printf_ll.o ABSOLUTE
    ../clib/printf_percent.s                 0x00000000   Number         0  _printf_l.o ABSOLUTE
    ../clib/printf_percent.s                 0x00000000   Number         0  _printf_lc.o ABSOLUTE
    ../clib/printf_percent.s                 0x00000000   Number         0  _printf_ls.o ABSOLUTE
    ../clib/printf_percent.s                 0x00000000   Number         0  _printf_llo.o ABSOLUTE
    ../clib/printf_percent.s                 0x00000000   Number         0  _printf_llx.o ABSOLUTE
    ../clib/printf_percent.s                 0x00000000   Number         0  _printf_percent_end.o ABSOLUTE
    ../clib/signal.c                         0x00000000   Number         0  defsig_rtmem_outer.o ABSOLUTE
    ../clib/signal.c                         0x00000000   Number         0  defsig_rtmem_formal.o ABSOLUTE
    ../clib/signal.c                         0x00000000   Number         0  defsig_exit.o ABSOLUTE
    ../clib/signal.c                         0x00000000   Number         0  defsig_rtmem_inner.o ABSOLUTE
    ../clib/signal.c                         0x00000000   Number         0  __raise.o ABSOLUTE
    ../clib/signal.c                         0x00000000   Number         0  defsig_general.o ABSOLUTE
    ../clib/signal.c                         0x00000000   Number         0  defsig_abrt_inner.o ABSOLUTE
    ../clib/signal.c                         0x00000000   Number         0  defsig_fpe_inner.o ABSOLUTE
    ../clib/signal.c                         0x00000000   Number         0  defsig_rtred_inner.o ABSOLUTE
    ../clib/signal.c                         0x00000000   Number         0  defsig_stak_inner.o ABSOLUTE
    ../clib/signal.c                         0x00000000   Number         0  defsig_pvfn_inner.o ABSOLUTE
    ../clib/signal.c                         0x00000000   Number         0  defsig_cppl_inner.o ABSOLUTE
    ../clib/signal.c                         0x00000000   Number         0  defsig_segv_inner.o ABSOLUTE
    ../clib/signal.c                         0x00000000   Number         0  defsig_other.o ABSOLUTE
    ../clib/signal.s                         0x00000000   Number         0  defsig.o ABSOLUTE
    ../clib/stdio.c                          0x00000000   Number         0  ferror.o ABSOLUTE
    ../clib/stdio.c                          0x00000000   Number         0  ferror_locked.o ABSOLUTE
    ../clib/stdlib.c                         0x00000000   Number         0  exit.o ABSOLUTE
    ../fplib/fpinit.s                        0x00000000   Number         0  fpinit.o ABSOLUTE
    ../fplib/istatus.s                       0x00000000   Number         0  istatus.o ABSOLUTE
    ../fplib/printf1.s                       0x00000000   Number         0  printf1.o ABSOLUTE
    ../fplib/printf2.s                       0x00000000   Number         0  printf2.o ABSOLUTE
    ../fplib/printf2a.s                      0x00000000   Number         0  printf2a.o ABSOLUTE
    ../fplib/printf2b.s                      0x00000000   Number         0  printf2b.o ABSOLUTE
    ../fplib/usenofp.s                       0x00000000   Number         0  usenofp.o ABSOLUTE
    ../libraries/CMSIS/GD/GD32F4xx/Source/ARM/startup_gd32f407_427.s 0x00000000   Number         0  startup_gd32f407_427.o ABSOLUTE
    ../mathlib/fpclassify.c                  0x00000000   Number         0  fpclassify.o ABSOLUTE
    bsp_fmc.c                                0x00000000   Number         0  bsp_fmc.o ABSOLUTE
    bsp_led.c                                0x00000000   Number         0  bsp_led.o ABSOLUTE
    bsp_sd.c                                 0x00000000   Number         0  bsp_sd.o ABSOLUTE
    bsp_uart.c                               0x00000000   Number         0  bsp_uart.o ABSOLUTE
    dc.s                                     0x00000000   Number         0  dc.o ABSOLUTE
    gd32f4xx_adc.c                           0x00000000   Number         0  gd32f4xx_adc.o ABSOLUTE
    gd32f4xx_can.c                           0x00000000   Number         0  gd32f4xx_can.o ABSOLUTE
    gd32f4xx_crc.c                           0x00000000   Number         0  gd32f4xx_crc.o ABSOLUTE
    gd32f4xx_ctc.c                           0x00000000   Number         0  gd32f4xx_ctc.o ABSOLUTE
    gd32f4xx_dac.c                           0x00000000   Number         0  gd32f4xx_dac.o ABSOLUTE
    gd32f4xx_dbg.c                           0x00000000   Number         0  gd32f4xx_dbg.o ABSOLUTE
    gd32f4xx_dci.c                           0x00000000   Number         0  gd32f4xx_dci.o ABSOLUTE
    gd32f4xx_dma.c                           0x00000000   Number         0  gd32f4xx_dma.o ABSOLUTE
    gd32f4xx_enet.c                          0x00000000   Number         0  gd32f4xx_enet.o ABSOLUTE
    gd32f4xx_exmc.c                          0x00000000   Number         0  gd32f4xx_exmc.o ABSOLUTE
    gd32f4xx_exti.c                          0x00000000   Number         0  gd32f4xx_exti.o ABSOLUTE
    gd32f4xx_fmc.c                           0x00000000   Number         0  gd32f4xx_fmc.o ABSOLUTE
    gd32f4xx_fwdgt.c                         0x00000000   Number         0  gd32f4xx_fwdgt.o ABSOLUTE
    gd32f4xx_gpio.c                          0x00000000   Number         0  gd32f4xx_gpio.o ABSOLUTE
    gd32f4xx_i2c.c                           0x00000000   Number         0  gd32f4xx_i2c.o ABSOLUTE
    gd32f4xx_ipa.c                           0x00000000   Number         0  gd32f4xx_ipa.o ABSOLUTE
    gd32f4xx_iref.c                          0x00000000   Number         0  gd32f4xx_iref.o ABSOLUTE
    gd32f4xx_it.c                            0x00000000   Number         0  gd32f4xx_it.o ABSOLUTE
    gd32f4xx_misc.c                          0x00000000   Number         0  gd32f4xx_misc.o ABSOLUTE
    gd32f4xx_pmu.c                           0x00000000   Number         0  gd32f4xx_pmu.o ABSOLUTE
    gd32f4xx_rcu.c                           0x00000000   Number         0  gd32f4xx_rcu.o ABSOLUTE
    gd32f4xx_rtc.c                           0x00000000   Number         0  gd32f4xx_rtc.o ABSOLUTE
    gd32f4xx_sdio.c                          0x00000000   Number         0  gd32f4xx_sdio.o ABSOLUTE
    gd32f4xx_spi.c                           0x00000000   Number         0  gd32f4xx_spi.o ABSOLUTE
    gd32f4xx_syscfg.c                        0x00000000   Number         0  gd32f4xx_syscfg.o ABSOLUTE
    gd32f4xx_timer.c                         0x00000000   Number         0  gd32f4xx_timer.o ABSOLUTE
    gd32f4xx_tli.c                           0x00000000   Number         0  gd32f4xx_tli.o ABSOLUTE
    gd32f4xx_trng.c                          0x00000000   Number         0  gd32f4xx_trng.o ABSOLUTE
    gd32f4xx_usart.c                         0x00000000   Number         0  gd32f4xx_usart.o ABSOLUTE
    gd32f4xx_wwdgt.c                         0x00000000   Number         0  gd32f4xx_wwdgt.o ABSOLUTE
    main.c                                   0x00000000   Number         0  main.o ABSOLUTE
    ringbuffer.c                             0x00000000   Number         0  ringbuffer.o ABSOLUTE
    sdcard.c                                 0x00000000   Number         0  sdcard.o ABSOLUTE
    soft_timer.c                             0x00000000   Number         0  soft_timer.o ABSOLUTE
    spi_flash.c                              0x00000000   Number         0  spi_flash.o ABSOLUTE
    system_gd32f4xx.c                        0x00000000   Number         0  system_gd32f4xx.o ABSOLUTE
    RESET                                    0x08000000   Section      392  startup_gd32f407_427.o(RESET)
    !!!main                                  0x08000188   Section        8  __main.o(!!!main)
    !!!scatter                               0x08000190   Section       52  __scatter.o(!!!scatter)
    !!handler_copy                           0x080001c4   Section       26  __scatter_copy.o(!!handler_copy)
    !!handler_zi                             0x080001e0   Section       28  __scatter_zi.o(!!handler_zi)
    .ARM.Collect$$libinit$$00000000          0x080001fc   Section        2  libinit.o(.ARM.Collect$$libinit$$00000000)
    .ARM.Collect$$libinit$$00000001          0x080001fe   Section        4  libinit2.o(.ARM.Collect$$libinit$$00000001)
    .ARM.Collect$$libinit$$00000004          0x08000202   Section        0  libinit2.o(.ARM.Collect$$libinit$$00000004)
    .ARM.Collect$$libinit$$00000006          0x08000202   Section        0  libinit2.o(.ARM.Collect$$libinit$$00000006)
    .ARM.Collect$$libinit$$0000000C          0x08000202   Section        0  libinit2.o(.ARM.Collect$$libinit$$0000000C)
    .ARM.Collect$$libinit$$0000000E          0x08000202   Section        0  libinit2.o(.ARM.Collect$$libinit$$0000000E)
    .ARM.Collect$$libinit$$00000010          0x08000202   Section        0  libinit2.o(.ARM.Collect$$libinit$$00000010)
    .ARM.Collect$$libinit$$00000013          0x08000202   Section        0  libinit2.o(.ARM.Collect$$libinit$$00000013)
    .ARM.Collect$$libinit$$00000015          0x08000202   Section        0  libinit2.o(.ARM.Collect$$libinit$$00000015)
    .ARM.Collect$$libinit$$00000017          0x08000202   Section        0  libinit2.o(.ARM.Collect$$libinit$$00000017)
    .ARM.Collect$$libinit$$00000019          0x08000202   Section        0  libinit2.o(.ARM.Collect$$libinit$$00000019)
    .ARM.Collect$$libinit$$0000001B          0x08000202   Section        0  libinit2.o(.ARM.Collect$$libinit$$0000001B)
    .ARM.Collect$$libinit$$0000001D          0x08000202   Section        0  libinit2.o(.ARM.Collect$$libinit$$0000001D)
    .ARM.Collect$$libinit$$0000001F          0x08000202   Section        0  libinit2.o(.ARM.Collect$$libinit$$0000001F)
    .ARM.Collect$$libinit$$00000021          0x08000202   Section        0  libinit2.o(.ARM.Collect$$libinit$$00000021)
    .ARM.Collect$$libinit$$00000023          0x08000202   Section        0  libinit2.o(.ARM.Collect$$libinit$$00000023)
    .ARM.Collect$$libinit$$00000025          0x08000202   Section        0  libinit2.o(.ARM.Collect$$libinit$$00000025)
    .ARM.Collect$$libinit$$00000027          0x08000202   Section        0  libinit2.o(.ARM.Collect$$libinit$$00000027)
    .ARM.Collect$$libinit$$0000002E          0x08000202   Section        0  libinit2.o(.ARM.Collect$$libinit$$0000002E)
    .ARM.Collect$$libinit$$00000030          0x08000202   Section        0  libinit2.o(.ARM.Collect$$libinit$$00000030)
    .ARM.Collect$$libinit$$00000032          0x08000202   Section        0  libinit2.o(.ARM.Collect$$libinit$$00000032)
    .ARM.Collect$$libinit$$00000034          0x08000202   Section        0  libinit2.o(.ARM.Collect$$libinit$$00000034)
    .ARM.Collect$$libinit$$00000035          0x08000202   Section        2  libinit2.o(.ARM.Collect$$libinit$$00000035)
    .ARM.Collect$$libshutdown$$00000000      0x08000204   Section        2  libshutdown.o(.ARM.Collect$$libshutdown$$00000000)
    .ARM.Collect$$libshutdown$$00000002      0x08000206   Section        0  libshutdown2.o(.ARM.Collect$$libshutdown$$00000002)
    .ARM.Collect$$libshutdown$$00000004      0x08000206   Section        0  libshutdown2.o(.ARM.Collect$$libshutdown$$00000004)
    .ARM.Collect$$libshutdown$$00000007      0x08000206   Section        0  libshutdown2.o(.ARM.Collect$$libshutdown$$00000007)
    .ARM.Collect$$libshutdown$$0000000A      0x08000206   Section        0  libshutdown2.o(.ARM.Collect$$libshutdown$$0000000A)
    .ARM.Collect$$libshutdown$$0000000C      0x08000206   Section        0  libshutdown2.o(.ARM.Collect$$libshutdown$$0000000C)
    .ARM.Collect$$libshutdown$$0000000F      0x08000206   Section        0  libshutdown2.o(.ARM.Collect$$libshutdown$$0000000F)
    .ARM.Collect$$libshutdown$$00000010      0x08000206   Section        2  libshutdown2.o(.ARM.Collect$$libshutdown$$00000010)
    .ARM.Collect$$rtentry$$00000000          0x08000208   Section        0  __rtentry.o(.ARM.Collect$$rtentry$$00000000)
    .ARM.Collect$$rtentry$$00000002          0x08000208   Section        0  __rtentry2.o(.ARM.Collect$$rtentry$$00000002)
    .ARM.Collect$$rtentry$$00000004          0x08000208   Section        6  __rtentry4.o(.ARM.Collect$$rtentry$$00000004)
    .ARM.Collect$$rtentry$$00000009          0x0800020e   Section        0  __rtentry2.o(.ARM.Collect$$rtentry$$00000009)
    .ARM.Collect$$rtentry$$0000000A          0x0800020e   Section        4  __rtentry2.o(.ARM.Collect$$rtentry$$0000000A)
    .ARM.Collect$$rtentry$$0000000C          0x08000212   Section        0  __rtentry2.o(.ARM.Collect$$rtentry$$0000000C)
    .ARM.Collect$$rtentry$$0000000D          0x08000212   Section        8  __rtentry2.o(.ARM.Collect$$rtentry$$0000000D)
    .ARM.Collect$$rtexit$$00000000           0x0800021a   Section        2  rtexit.o(.ARM.Collect$$rtexit$$00000000)
    .ARM.Collect$$rtexit$$00000002           0x0800021c   Section        0  rtexit2.o(.ARM.Collect$$rtexit$$00000002)
    .ARM.Collect$$rtexit$$00000003           0x0800021c   Section        4  rtexit2.o(.ARM.Collect$$rtexit$$00000003)
    .ARM.Collect$$rtexit$$00000004           0x08000220   Section        6  rtexit2.o(.ARM.Collect$$rtexit$$00000004)
    $v0                                      0x08000228   Number         0  startup_gd32f407_427.o(.text)
    .text                                    0x08000228   Section       64  startup_gd32f407_427.o(.text)
    .text                                    0x08000268   Section        0  heapauxi.o(.text)
    .text                                    0x0800026e   Section       74  sys_stackheap_outer.o(.text)
    .text                                    0x080002b8   Section        0  exit.o(.text)
    .text                                    0x080002cc   Section        8  libspace.o(.text)
    [Anonymous Symbol]                       0x080002d4   Section        0  gd32f4xx_it.o(.text.BusFault_Handler)
    [Anonymous Symbol]                       0x080002d8   Section        0  gd32f4xx_it.o(.text.HardFault_Handler)
    [Anonymous Symbol]                       0x080002dc   Section        0  gd32f4xx_it.o(.text.MemManage_Handler)
    [Anonymous Symbol]                       0x080002e0   Section        0  gd32f4xx_it.o(.text.NMI_Handler)
    [Anonymous Symbol]                       0x080002e4   Section        0  gd32f4xx_it.o(.text.SDIO_IRQHandler)
    SysTick_Config                           0x080002ed   Thumb Code    82  gd32f4xx_it.o(.text.SysTick_Config)
    [Anonymous Symbol]                       0x080002ec   Section        0  gd32f4xx_it.o(.text.SysTick_Config)
    [Anonymous Symbol]                       0x08000340   Section        0  gd32f4xx_it.o(.text.SysTick_Handler)
    [Anonymous Symbol]                       0x08000358   Section        0  system_gd32f4xx.o(.text.SystemInit)
    [Anonymous Symbol]                       0x08000454   Section        0  gd32f4xx_it.o(.text.UsageFault_Handler)
    __NVIC_SetPriority                       0x08000459   Thumb Code    66  gd32f4xx_it.o(.text.__NVIC_SetPriority)
    [Anonymous Symbol]                       0x08000458   Section        0  gd32f4xx_it.o(.text.__NVIC_SetPriority)
    [Anonymous Symbol]                       0x0800049c   Section        0  bsp_uart.o(.text._sys_exit)
    [Anonymous Symbol]                       0x080004a4   Section        0  gd32f4xx_it.o(.text.board_init)
    [Anonymous Symbol]                       0x080004c4   Section        0  main.o(.text.main)
    [Anonymous Symbol]                       0x080004d4   Section        0  gd32f4xx_misc.o(.text.nvic_priority_group_set)
    r1_error_check                           0x080004f1   Thumb Code   238  sdcard.o(.text.r1_error_check)
    [Anonymous Symbol]                       0x080004f0   Section        0  sdcard.o(.text.r1_error_check)
    r1_error_type_check                      0x080005e1   Thumb Code   386  sdcard.o(.text.r1_error_type_check)
    [Anonymous Symbol]                       0x080005e0   Section        0  sdcard.o(.text.r1_error_type_check)
    [Anonymous Symbol]                       0x08000764   Section        0  sdcard.o(.text.sd_interrupts_process)
    [Anonymous Symbol]                       0x0800091c   Section        0  sdcard.o(.text.sd_transfer_stop)
    [Anonymous Symbol]                       0x08000950   Section        0  gd32f4xx_sdio.o(.text.sdio_command_index_get)
    [Anonymous Symbol]                       0x08000960   Section        0  gd32f4xx_sdio.o(.text.sdio_command_response_config)
    [Anonymous Symbol]                       0x080009ac   Section        0  gd32f4xx_sdio.o(.text.sdio_csm_enable)
    [Anonymous Symbol]                       0x080009c0   Section        0  gd32f4xx_sdio.o(.text.sdio_flag_clear)
    [Anonymous Symbol]                       0x080009d4   Section        0  gd32f4xx_sdio.o(.text.sdio_interrupt_disable)
    [Anonymous Symbol]                       0x080009ec   Section        0  gd32f4xx_sdio.o(.text.sdio_interrupt_flag_clear)
    [Anonymous Symbol]                       0x08000a00   Section        0  gd32f4xx_sdio.o(.text.sdio_interrupt_flag_get)
    [Anonymous Symbol]                       0x08000a2c   Section        0  gd32f4xx_sdio.o(.text.sdio_response_get)
    [Anonymous Symbol]                       0x08000a88   Section        0  gd32f4xx_sdio.o(.text.sdio_wait_type_set)
    [Anonymous Symbol]                       0x08000aa8   Section        0  soft_timer.o(.text.soft_timer_tick)
    system_clock_168m_8m_hxtal               0x08000b41   Thumb Code   360  system_gd32f4xx.o(.text.system_clock_168m_8m_hxtal)
    [Anonymous Symbol]                       0x08000b40   Section        0  system_gd32f4xx.o(.text.system_clock_168m_8m_hxtal)
    system_clock_config                      0x08000ca9   Thumb Code     8  system_gd32f4xx.o(.text.system_clock_config)
    [Anonymous Symbol]                       0x08000ca8   Section        0  system_gd32f4xx.o(.text.system_clock_config)
    [Anonymous Symbol]                       0x08000cb0   Section        0  gd32f4xx_it.o(.text.systick_config)
    $v0                                      0x08000ce2   Number         0  fpinit.o(x$fpl$fpinit)
    x$fpl$fpinit                             0x08000ce2   Section       26  fpinit.o(x$fpl$fpinit)
    transerror                               0x20000004   Data           1  sdcard.o(.data.transerror)
    [Anonymous Symbol]                       0x20000004   Section        0  sdcard.o(.data.transerror)
    .bss                                     0x20000008   Section       96  libspace.o(.bss)
    g_system_tick                            0x20000068   Data           4  gd32f4xx_it.o(.bss.g_system_tick)
    [Anonymous Symbol]                       0x20000068   Section        0  gd32f4xx_it.o(.bss.g_system_tick)
    number_bytes                             0x2000006c   Data           4  sdcard.o(.bss.number_bytes)
    [Anonymous Symbol]                       0x2000006c   Section        0  sdcard.o(.bss.number_bytes)
    stopcondition                            0x20000070   Data           4  sdcard.o(.bss.stopcondition)
    [Anonymous Symbol]                       0x20000070   Section        0  sdcard.o(.bss.stopcondition)
    timers                                   0x20000074   Data         120  soft_timer.o(.bss.timers)
    [Anonymous Symbol]                       0x20000074   Section        0  soft_timer.o(.bss.timers)
    transend                                 0x200000ec   Data           4  sdcard.o(.bss.transend)
    [Anonymous Symbol]                       0x200000ec   Section        0  sdcard.o(.bss.transend)
    Heap_Mem                                 0x200000f0   Data        4096  startup_gd32f407_427.o(HEAP)
    HEAP                                     0x200000f0   Section     4096  startup_gd32f407_427.o(HEAP)
    Stack_Mem                                0x200010f0   Data        4096  startup_gd32f407_427.o(STACK)
    STACK                                    0x200010f0   Section     4096  startup_gd32f407_427.o(STACK)
    __initial_sp                             0x200020f0   Data           0  startup_gd32f407_427.o(STACK)

    Global Symbols

    Symbol Name                              Value     Ov Type        Size  Object(Section)

    BuildAttributes$$THM_ISAv4$E$P$D$K$B$S$7EM$VFPi3$EXTD16$VFPS$VFMA$PE$A:L22UL41UL21$X:L11$S22US41US21$IEEE1$IW$~IW$USESV6$~STKCKD$USESV7$~SHL$OTIME$ROPI$IEEEJ$EBA8$UX$STANDARDLIB$REQ8$PRES8$EABIv2 0x00000000   Number         0  anon$$obj.o ABSOLUTE
    _printf_flags                            0x00000000   Number         0  printf_stubs.o ABSOLUTE
    _printf_return_value                     0x00000000   Number         0  printf_stubs.o ABSOLUTE
    _printf_sizespec                         0x00000000   Number         0  printf_stubs.o ABSOLUTE
    _printf_widthprec                        0x00000000   Number         0  printf_stubs.o ABSOLUTE
    __ARM_exceptions_init                     - Undefined Weak Reference
    __alloca_initialize                       - Undefined Weak Reference
    __arm_preinit_                            - Undefined Weak Reference
    __arm_relocate_pie_                       - Undefined Weak Reference
    __cpp_initialize__aeabi_                  - Undefined Weak Reference
    __cxa_finalize                            - Undefined Weak Reference
    __sigvec_lookup                           - Undefined Weak Reference
    _atexit_init                              - Undefined Weak Reference
    _call_atexit_fns                          - Undefined Weak Reference
    _clock_init                               - Undefined Weak Reference
    _fp_trap_init                             - Undefined Weak Reference
    _fp_trap_shutdown                         - Undefined Weak Reference
    _get_lc_collate                           - Undefined Weak Reference
    _get_lc_monetary                          - Undefined Weak Reference
    _get_lc_time                              - Undefined Weak Reference
    _getenv_init                              - Undefined Weak Reference
    _handle_redirection                       - Undefined Weak Reference
    _init_alloc                               - Undefined Weak Reference
    _init_user_alloc                          - Undefined Weak Reference
    _initio                                   - Undefined Weak Reference
    _mutex_acquire                            - Undefined Weak Reference
    _mutex_release                            - Undefined Weak Reference
    _printf_mbtowc                            - Undefined Weak Reference
    _printf_wc                                - Undefined Weak Reference
    _rand_init                                - Undefined Weak Reference
    _signal_finish                            - Undefined Weak Reference
    _signal_init                              - Undefined Weak Reference
    _terminate_alloc                          - Undefined Weak Reference
    _terminate_user_alloc                     - Undefined Weak Reference
    _terminateio                              - Undefined Weak Reference
    __Vectors_Size                           0x00000188   Number         0  startup_gd32f407_427.o ABSOLUTE
    __Vectors                                0x08000000   Data           4  startup_gd32f407_427.o(RESET)
    __Vectors_End                            0x08000188   Data           0  startup_gd32f407_427.o(RESET)
    __main                                   0x08000189   Thumb Code     8  __main.o(!!!main)
    __scatterload                            0x08000191   Thumb Code     0  __scatter.o(!!!scatter)
    __scatterload_rt2                        0x08000191   Thumb Code    44  __scatter.o(!!!scatter)
    __scatterload_rt2_thumb_only             0x08000191   Thumb Code     0  __scatter.o(!!!scatter)
    __scatterload_null                       0x0800019f   Thumb Code     0  __scatter.o(!!!scatter)
    __scatterload_copy                       0x080001c5   Thumb Code    26  __scatter_copy.o(!!handler_copy)
    __scatterload_zeroinit                   0x080001e1   Thumb Code    28  __scatter_zi.o(!!handler_zi)
    __rt_lib_init                            0x080001fd   Thumb Code     0  libinit.o(.ARM.Collect$$libinit$$00000000)
    __rt_lib_init_fp_1                       0x080001ff   Thumb Code     0  libinit2.o(.ARM.Collect$$libinit$$00000001)
    __rt_lib_init_alloca_1                   0x08000203   Thumb Code     0  libinit2.o(.ARM.Collect$$libinit$$00000030)
    __rt_lib_init_argv_1                     0x08000203   Thumb Code     0  libinit2.o(.ARM.Collect$$libinit$$0000002E)
    __rt_lib_init_atexit_1                   0x08000203   Thumb Code     0  libinit2.o(.ARM.Collect$$libinit$$0000001D)
    __rt_lib_init_clock_1                    0x08000203   Thumb Code     0  libinit2.o(.ARM.Collect$$libinit$$00000023)
    __rt_lib_init_cpp_1                      0x08000203   Thumb Code     0  libinit2.o(.ARM.Collect$$libinit$$00000034)
    __rt_lib_init_exceptions_1               0x08000203   Thumb Code     0  libinit2.o(.ARM.Collect$$libinit$$00000032)
    __rt_lib_init_fp_trap_1                  0x08000203   Thumb Code     0  libinit2.o(.ARM.Collect$$libinit$$00000021)
    __rt_lib_init_getenv_1                   0x08000203   Thumb Code     0  libinit2.o(.ARM.Collect$$libinit$$00000025)
    __rt_lib_init_heap_1                     0x08000203   Thumb Code     0  libinit2.o(.ARM.Collect$$libinit$$0000000C)
    __rt_lib_init_lc_collate_1               0x08000203   Thumb Code     0  libinit2.o(.ARM.Collect$$libinit$$00000013)
    __rt_lib_init_lc_ctype_1                 0x08000203   Thumb Code     0  libinit2.o(.ARM.Collect$$libinit$$00000015)
    __rt_lib_init_lc_monetary_1              0x08000203   Thumb Code     0  libinit2.o(.ARM.Collect$$libinit$$00000017)
    __rt_lib_init_lc_numeric_1               0x08000203   Thumb Code     0  libinit2.o(.ARM.Collect$$libinit$$00000019)
    __rt_lib_init_lc_time_1                  0x08000203   Thumb Code     0  libinit2.o(.ARM.Collect$$libinit$$0000001B)
    __rt_lib_init_preinit_1                  0x08000203   Thumb Code     0  libinit2.o(.ARM.Collect$$libinit$$00000006)
    __rt_lib_init_rand_1                     0x08000203   Thumb Code     0  libinit2.o(.ARM.Collect$$libinit$$00000010)
    __rt_lib_init_relocate_pie_1             0x08000203   Thumb Code     0  libinit2.o(.ARM.Collect$$libinit$$00000004)
    __rt_lib_init_return                     0x08000203   Thumb Code     0  libinit2.o(.ARM.Collect$$libinit$$00000035)
    __rt_lib_init_signal_1                   0x08000203   Thumb Code     0  libinit2.o(.ARM.Collect$$libinit$$0000001F)
    __rt_lib_init_stdio_1                    0x08000203   Thumb Code     0  libinit2.o(.ARM.Collect$$libinit$$00000027)
    __rt_lib_init_user_alloc_1               0x08000203   Thumb Code     0  libinit2.o(.ARM.Collect$$libinit$$0000000E)
    __rt_lib_shutdown                        0x08000205   Thumb Code     0  libshutdown.o(.ARM.Collect$$libshutdown$$00000000)
    __rt_lib_shutdown_cpp_1                  0x08000207   Thumb Code     0  libshutdown2.o(.ARM.Collect$$libshutdown$$00000002)
    __rt_lib_shutdown_fp_trap_1              0x08000207   Thumb Code     0  libshutdown2.o(.ARM.Collect$$libshutdown$$00000007)
    __rt_lib_shutdown_heap_1                 0x08000207   Thumb Code     0  libshutdown2.o(.ARM.Collect$$libshutdown$$0000000F)
    __rt_lib_shutdown_return                 0x08000207   Thumb Code     0  libshutdown2.o(.ARM.Collect$$libshutdown$$00000010)
    __rt_lib_shutdown_signal_1               0x08000207   Thumb Code     0  libshutdown2.o(.ARM.Collect$$libshutdown$$0000000A)
    __rt_lib_shutdown_stdio_1                0x08000207   Thumb Code     0  libshutdown2.o(.ARM.Collect$$libshutdown$$00000004)
    __rt_lib_shutdown_user_alloc_1           0x08000207   Thumb Code     0  libshutdown2.o(.ARM.Collect$$libshutdown$$0000000C)
    __rt_entry                               0x08000209   Thumb Code     0  __rtentry.o(.ARM.Collect$$rtentry$$00000000)
    __rt_entry_presh_1                       0x08000209   Thumb Code     0  __rtentry2.o(.ARM.Collect$$rtentry$$00000002)
    __rt_entry_sh                            0x08000209   Thumb Code     0  __rtentry4.o(.ARM.Collect$$rtentry$$00000004)
    __rt_entry_li                            0x0800020f   Thumb Code     0  __rtentry2.o(.ARM.Collect$$rtentry$$0000000A)
    __rt_entry_postsh_1                      0x0800020f   Thumb Code     0  __rtentry2.o(.ARM.Collect$$rtentry$$00000009)
    __rt_entry_main                          0x08000213   Thumb Code     0  __rtentry2.o(.ARM.Collect$$rtentry$$0000000D)
    __rt_entry_postli_1                      0x08000213   Thumb Code     0  __rtentry2.o(.ARM.Collect$$rtentry$$0000000C)
    __rt_exit                                0x0800021b   Thumb Code     0  rtexit.o(.ARM.Collect$$rtexit$$00000000)
    __rt_exit_ls                             0x0800021d   Thumb Code     0  rtexit2.o(.ARM.Collect$$rtexit$$00000003)
    __rt_exit_prels_1                        0x0800021d   Thumb Code     0  rtexit2.o(.ARM.Collect$$rtexit$$00000002)
    __rt_exit_exit                           0x08000221   Thumb Code     0  rtexit2.o(.ARM.Collect$$rtexit$$00000004)
    Reset_Handler                            0x08000229   Thumb Code     8  startup_gd32f407_427.o(.text)
    SVC_Handler                              0x0800023b   Thumb Code     2  startup_gd32f407_427.o(.text)
    DebugMon_Handler                         0x0800023d   Thumb Code     2  startup_gd32f407_427.o(.text)
    PendSV_Handler                           0x0800023f   Thumb Code     2  startup_gd32f407_427.o(.text)
    ADC_IRQHandler                           0x08000243   Thumb Code     0  startup_gd32f407_427.o(.text)
    CAN0_EWMC_IRQHandler                     0x08000243   Thumb Code     0  startup_gd32f407_427.o(.text)
    CAN0_RX0_IRQHandler                      0x08000243   Thumb Code     0  startup_gd32f407_427.o(.text)
    CAN0_RX1_IRQHandler                      0x08000243   Thumb Code     0  startup_gd32f407_427.o(.text)
    CAN0_TX_IRQHandler                       0x08000243   Thumb Code     0  startup_gd32f407_427.o(.text)
    CAN1_EWMC_IRQHandler                     0x08000243   Thumb Code     0  startup_gd32f407_427.o(.text)
    CAN1_RX0_IRQHandler                      0x08000243   Thumb Code     0  startup_gd32f407_427.o(.text)
    CAN1_RX1_IRQHandler                      0x08000243   Thumb Code     0  startup_gd32f407_427.o(.text)
    CAN1_TX_IRQHandler                       0x08000243   Thumb Code     0  startup_gd32f407_427.o(.text)
    DCI_IRQHandler                           0x08000243   Thumb Code     0  startup_gd32f407_427.o(.text)
    DMA0_Channel0_IRQHandler                 0x08000243   Thumb Code     0  startup_gd32f407_427.o(.text)
    DMA0_Channel1_IRQHandler                 0x08000243   Thumb Code     0  startup_gd32f407_427.o(.text)
    DMA0_Channel2_IRQHandler                 0x08000243   Thumb Code     0  startup_gd32f407_427.o(.text)
    DMA0_Channel3_IRQHandler                 0x08000243   Thumb Code     0  startup_gd32f407_427.o(.text)
    DMA0_Channel4_IRQHandler                 0x08000243   Thumb Code     0  startup_gd32f407_427.o(.text)
    DMA0_Channel5_IRQHandler                 0x08000243   Thumb Code     0  startup_gd32f407_427.o(.text)
    DMA0_Channel6_IRQHandler                 0x08000243   Thumb Code     0  startup_gd32f407_427.o(.text)
    DMA0_Channel7_IRQHandler                 0x08000243   Thumb Code     0  startup_gd32f407_427.o(.text)
    DMA1_Channel0_IRQHandler                 0x08000243   Thumb Code     0  startup_gd32f407_427.o(.text)
    DMA1_Channel1_IRQHandler                 0x08000243   Thumb Code     0  startup_gd32f407_427.o(.text)
    DMA1_Channel2_IRQHandler                 0x08000243   Thumb Code     0  startup_gd32f407_427.o(.text)
    DMA1_Channel3_IRQHandler                 0x08000243   Thumb Code     0  startup_gd32f407_427.o(.text)
    DMA1_Channel4_IRQHandler                 0x08000243   Thumb Code     0  startup_gd32f407_427.o(.text)
    DMA1_Channel5_IRQHandler                 0x08000243   Thumb Code     0  startup_gd32f407_427.o(.text)
    DMA1_Channel6_IRQHandler                 0x08000243   Thumb Code     0  startup_gd32f407_427.o(.text)
    DMA1_Channel7_IRQHandler                 0x08000243   Thumb Code     0  startup_gd32f407_427.o(.text)
    ENET_IRQHandler                          0x08000243   Thumb Code     0  startup_gd32f407_427.o(.text)
    ENET_WKUP_IRQHandler                     0x08000243   Thumb Code     0  startup_gd32f407_427.o(.text)
    EXMC_IRQHandler                          0x08000243   Thumb Code     0  startup_gd32f407_427.o(.text)
    EXTI0_IRQHandler                         0x08000243   Thumb Code     0  startup_gd32f407_427.o(.text)
    EXTI10_15_IRQHandler                     0x08000243   Thumb Code     0  startup_gd32f407_427.o(.text)
    EXTI1_IRQHandler                         0x08000243   Thumb Code     0  startup_gd32f407_427.o(.text)
    EXTI2_IRQHandler                         0x08000243   Thumb Code     0  startup_gd32f407_427.o(.text)
    EXTI3_IRQHandler                         0x08000243   Thumb Code     0  startup_gd32f407_427.o(.text)
    EXTI4_IRQHandler                         0x08000243   Thumb Code     0  startup_gd32f407_427.o(.text)
    EXTI5_9_IRQHandler                       0x08000243   Thumb Code     0  startup_gd32f407_427.o(.text)
    FMC_IRQHandler                           0x08000243   Thumb Code     0  startup_gd32f407_427.o(.text)
    FPU_IRQHandler                           0x08000243   Thumb Code     0  startup_gd32f407_427.o(.text)
    I2C0_ER_IRQHandler                       0x08000243   Thumb Code     0  startup_gd32f407_427.o(.text)
    I2C0_EV_IRQHandler                       0x08000243   Thumb Code     0  startup_gd32f407_427.o(.text)
    I2C1_ER_IRQHandler                       0x08000243   Thumb Code     0  startup_gd32f407_427.o(.text)
    I2C1_EV_IRQHandler                       0x08000243   Thumb Code     0  startup_gd32f407_427.o(.text)
    I2C2_ER_IRQHandler                       0x08000243   Thumb Code     0  startup_gd32f407_427.o(.text)
    I2C2_EV_IRQHandler                       0x08000243   Thumb Code     0  startup_gd32f407_427.o(.text)
    LVD_IRQHandler                           0x08000243   Thumb Code     0  startup_gd32f407_427.o(.text)
    RCU_CTC_IRQHandler                       0x08000243   Thumb Code     0  startup_gd32f407_427.o(.text)
    RTC_Alarm_IRQHandler                     0x08000243   Thumb Code     0  startup_gd32f407_427.o(.text)
    RTC_WKUP_IRQHandler                      0x08000243   Thumb Code     0  startup_gd32f407_427.o(.text)
    SPI0_IRQHandler                          0x08000243   Thumb Code     0  startup_gd32f407_427.o(.text)
    SPI1_IRQHandler                          0x08000243   Thumb Code     0  startup_gd32f407_427.o(.text)
    SPI2_IRQHandler                          0x08000243   Thumb Code     0  startup_gd32f407_427.o(.text)
    TAMPER_STAMP_IRQHandler                  0x08000243   Thumb Code     0  startup_gd32f407_427.o(.text)
    TIMER0_BRK_TIMER8_IRQHandler             0x08000243   Thumb Code     0  startup_gd32f407_427.o(.text)
    TIMER0_Channel_IRQHandler                0x08000243   Thumb Code     0  startup_gd32f407_427.o(.text)
    TIMER0_TRG_CMT_TIMER10_IRQHandler        0x08000243   Thumb Code     0  startup_gd32f407_427.o(.text)
    TIMER0_UP_TIMER9_IRQHandler              0x08000243   Thumb Code     0  startup_gd32f407_427.o(.text)
    TIMER1_IRQHandler                        0x08000243   Thumb Code     0  startup_gd32f407_427.o(.text)
    TIMER2_IRQHandler                        0x08000243   Thumb Code     0  startup_gd32f407_427.o(.text)
    TIMER3_IRQHandler                        0x08000243   Thumb Code     0  startup_gd32f407_427.o(.text)
    TIMER4_IRQHandler                        0x08000243   Thumb Code     0  startup_gd32f407_427.o(.text)
    TIMER5_DAC_IRQHandler                    0x08000243   Thumb Code     0  startup_gd32f407_427.o(.text)
    TIMER6_IRQHandler                        0x08000243   Thumb Code     0  startup_gd32f407_427.o(.text)
    TIMER7_BRK_TIMER11_IRQHandler            0x08000243   Thumb Code     0  startup_gd32f407_427.o(.text)
    TIMER7_Channel_IRQHandler                0x08000243   Thumb Code     0  startup_gd32f407_427.o(.text)
    TIMER7_TRG_CMT_TIMER13_IRQHandler        0x08000243   Thumb Code     0  startup_gd32f407_427.o(.text)
    TIMER7_UP_TIMER12_IRQHandler             0x08000243   Thumb Code     0  startup_gd32f407_427.o(.text)
    TRNG_IRQHandler                          0x08000243   Thumb Code     0  startup_gd32f407_427.o(.text)
    UART3_IRQHandler                         0x08000243   Thumb Code     0  startup_gd32f407_427.o(.text)
    UART4_IRQHandler                         0x08000243   Thumb Code     0  startup_gd32f407_427.o(.text)
    USART0_IRQHandler                        0x08000243   Thumb Code     0  startup_gd32f407_427.o(.text)
    USART1_IRQHandler                        0x08000243   Thumb Code     0  startup_gd32f407_427.o(.text)
    USART2_IRQHandler                        0x08000243   Thumb Code     0  startup_gd32f407_427.o(.text)
    USART5_IRQHandler                        0x08000243   Thumb Code     0  startup_gd32f407_427.o(.text)
    USBFS_IRQHandler                         0x08000243   Thumb Code     0  startup_gd32f407_427.o(.text)
    USBFS_WKUP_IRQHandler                    0x08000243   Thumb Code     0  startup_gd32f407_427.o(.text)
    USBHS_EP1_In_IRQHandler                  0x08000243   Thumb Code     0  startup_gd32f407_427.o(.text)
    USBHS_EP1_Out_IRQHandler                 0x08000243   Thumb Code     0  startup_gd32f407_427.o(.text)
    USBHS_IRQHandler                         0x08000243   Thumb Code     0  startup_gd32f407_427.o(.text)
    USBHS_WKUP_IRQHandler                    0x08000243   Thumb Code     0  startup_gd32f407_427.o(.text)
    WWDGT_IRQHandler                         0x08000243   Thumb Code     0  startup_gd32f407_427.o(.text)
    __user_initial_stackheap                 0x08000245   Thumb Code    10  startup_gd32f407_427.o(.text)
    __use_two_region_memory                  0x08000269   Thumb Code     2  heapauxi.o(.text)
    __rt_heap_escrow$2region                 0x0800026b   Thumb Code     2  heapauxi.o(.text)
    __rt_heap_expand$2region                 0x0800026d   Thumb Code     2  heapauxi.o(.text)
    __user_setup_stackheap                   0x0800026f   Thumb Code    74  sys_stackheap_outer.o(.text)
    exit                                     0x080002b9   Thumb Code    18  exit.o(.text)
    __user_libspace                          0x080002cd   Thumb Code     8  libspace.o(.text)
    __user_perproc_libspace                  0x080002cd   Thumb Code     0  libspace.o(.text)
    __user_perthread_libspace                0x080002cd   Thumb Code     0  libspace.o(.text)
    BusFault_Handler                         0x080002d5   Thumb Code     4  gd32f4xx_it.o(.text.BusFault_Handler)
    HardFault_Handler                        0x080002d9   Thumb Code     4  gd32f4xx_it.o(.text.HardFault_Handler)
    MemManage_Handler                        0x080002dd   Thumb Code     4  gd32f4xx_it.o(.text.MemManage_Handler)
    NMI_Handler                              0x080002e1   Thumb Code     2  gd32f4xx_it.o(.text.NMI_Handler)
    SDIO_IRQHandler                          0x080002e5   Thumb Code     8  gd32f4xx_it.o(.text.SDIO_IRQHandler)
    SysTick_Handler                          0x08000341   Thumb Code    22  gd32f4xx_it.o(.text.SysTick_Handler)
    SystemInit                               0x08000359   Thumb Code   250  system_gd32f4xx.o(.text.SystemInit)
    UsageFault_Handler                       0x08000455   Thumb Code     4  gd32f4xx_it.o(.text.UsageFault_Handler)
    _sys_exit                                0x0800049d   Thumb Code     8  bsp_uart.o(.text._sys_exit)
    board_init                               0x080004a5   Thumb Code    30  gd32f4xx_it.o(.text.board_init)
    main                                     0x080004c5   Thumb Code    16  main.o(.text.main)
    nvic_priority_group_set                  0x080004d5   Thumb Code    28  gd32f4xx_misc.o(.text.nvic_priority_group_set)
    sd_interrupts_process                    0x08000765   Thumb Code   438  sdcard.o(.text.sd_interrupts_process)
    sd_transfer_stop                         0x0800091d   Thumb Code    52  sdcard.o(.text.sd_transfer_stop)
    sdio_command_index_get                   0x08000951   Thumb Code    14  gd32f4xx_sdio.o(.text.sdio_command_index_get)
    sdio_command_response_config             0x08000961   Thumb Code    76  gd32f4xx_sdio.o(.text.sdio_command_response_config)
    sdio_csm_enable                          0x080009ad   Thumb Code    18  gd32f4xx_sdio.o(.text.sdio_csm_enable)
    sdio_flag_clear                          0x080009c1   Thumb Code    20  gd32f4xx_sdio.o(.text.sdio_flag_clear)
    sdio_interrupt_disable                   0x080009d5   Thumb Code    24  gd32f4xx_sdio.o(.text.sdio_interrupt_disable)
    sdio_interrupt_flag_clear                0x080009ed   Thumb Code    20  gd32f4xx_sdio.o(.text.sdio_interrupt_flag_clear)
    sdio_interrupt_flag_get                  0x08000a01   Thumb Code    44  gd32f4xx_sdio.o(.text.sdio_interrupt_flag_get)
    sdio_response_get                        0x08000a2d   Thumb Code    90  gd32f4xx_sdio.o(.text.sdio_response_get)
    sdio_wait_type_set                       0x08000a89   Thumb Code    32  gd32f4xx_sdio.o(.text.sdio_wait_type_set)
    soft_timer_tick                          0x08000aa9   Thumb Code   152  soft_timer.o(.text.soft_timer_tick)
    systick_config                           0x08000cb1   Thumb Code    50  gd32f4xx_it.o(.text.systick_config)
    _fp_init                                 0x08000ce3   Thumb Code    26  fpinit.o(x$fpl$fpinit)
    __fplib_config_fpu_vfp                   0x08000cfb   Thumb Code     0  fpinit.o(x$fpl$fpinit)
    __fplib_config_pureend_doubles           0x08000cfb   Thumb Code     0  fpinit.o(x$fpl$fpinit)
    Region$$Table$$Base                      0x08000cfc   Number         0  anon$$obj.o(Region$$Table)
    Region$$Table$$Limit                     0x08000d1c   Number         0  anon$$obj.o(Region$$Table)
    SystemCoreClock                          0x20000000   Data           4  system_gd32f4xx.o(.data.SystemCoreClock)
    __libspace_start                         0x20000008   Data          96  libspace.o(.bss)
    __temporary_stack_top$libspace           0x20000068   Data           0  libspace.o(.bss)



==============================================================================

Memory Map of the image

  Image Entry point : 0x08000189

  Load Region LR_IROM1 (Base: 0x08000000, Size: 0x00000d28, Max: 0x00100000, ABSOLUTE)

    Execution Region ER_IROM1 (Exec base: 0x08000000, Load base: 0x08000000, Size: 0x00000d1c, Max: 0x00100000, ABSOLUTE)

    Exec Addr    Load Addr    Size         Type   Attr      Idx    E Section Name        Object

    0x08000000   0x08000000   0x00000188   Data   RO           48    RESET               startup_gd32f407_427.o
    0x08000188   0x08000188   0x00000008   Code   RO         2230  * !!!main             c_w.l(__main.o)
    0x08000190   0x08000190   0x00000034   Code   RO         2567    !!!scatter          c_w.l(__scatter.o)
    0x080001c4   0x080001c4   0x0000001a   Code   RO         2569    !!handler_copy      c_w.l(__scatter_copy.o)
    0x080001de   0x080001de   0x00000002   PAD
    0x080001e0   0x080001e0   0x0000001c   Code   RO         2571    !!handler_zi        c_w.l(__scatter_zi.o)
    0x080001fc   0x080001fc   0x00000002   Code   RO         2419    .ARM.Collect$$libinit$$00000000  c_w.l(libinit.o)
    0x080001fe   0x080001fe   0x00000004   Code   RO         2437    .ARM.Collect$$libinit$$00000001  c_w.l(libinit2.o)
    0x08000202   0x08000202   0x00000000   Code   RO         2440    .ARM.Collect$$libinit$$00000004  c_w.l(libinit2.o)
    0x08000202   0x08000202   0x00000000   Code   RO         2442    .ARM.Collect$$libinit$$00000006  c_w.l(libinit2.o)
    0x08000202   0x08000202   0x00000000   Code   RO         2445    .ARM.Collect$$libinit$$0000000C  c_w.l(libinit2.o)
    0x08000202   0x08000202   0x00000000   Code   RO         2447    .ARM.Collect$$libinit$$0000000E  c_w.l(libinit2.o)
    0x08000202   0x08000202   0x00000000   Code   RO         2449    .ARM.Collect$$libinit$$00000010  c_w.l(libinit2.o)
    0x08000202   0x08000202   0x00000000   Code   RO         2452    .ARM.Collect$$libinit$$00000013  c_w.l(libinit2.o)
    0x08000202   0x08000202   0x00000000   Code   RO         2454    .ARM.Collect$$libinit$$00000015  c_w.l(libinit2.o)
    0x08000202   0x08000202   0x00000000   Code   RO         2456    .ARM.Collect$$libinit$$00000017  c_w.l(libinit2.o)
    0x08000202   0x08000202   0x00000000   Code   RO         2458    .ARM.Collect$$libinit$$00000019  c_w.l(libinit2.o)
    0x08000202   0x08000202   0x00000000   Code   RO         2460    .ARM.Collect$$libinit$$0000001B  c_w.l(libinit2.o)
    0x08000202   0x08000202   0x00000000   Code   RO         2462    .ARM.Collect$$libinit$$0000001D  c_w.l(libinit2.o)
    0x08000202   0x08000202   0x00000000   Code   RO         2464    .ARM.Collect$$libinit$$0000001F  c_w.l(libinit2.o)
    0x08000202   0x08000202   0x00000000   Code   RO         2466    .ARM.Collect$$libinit$$00000021  c_w.l(libinit2.o)
    0x08000202   0x08000202   0x00000000   Code   RO         2468    .ARM.Collect$$libinit$$00000023  c_w.l(libinit2.o)
    0x08000202   0x08000202   0x00000000   Code   RO         2470    .ARM.Collect$$libinit$$00000025  c_w.l(libinit2.o)
    0x08000202   0x08000202   0x00000000   Code   RO         2472    .ARM.Collect$$libinit$$00000027  c_w.l(libinit2.o)
    0x08000202   0x08000202   0x00000000   Code   RO         2476    .ARM.Collect$$libinit$$0000002E  c_w.l(libinit2.o)
    0x08000202   0x08000202   0x00000000   Code   RO         2478    .ARM.Collect$$libinit$$00000030  c_w.l(libinit2.o)
    0x08000202   0x08000202   0x00000000   Code   RO         2480    .ARM.Collect$$libinit$$00000032  c_w.l(libinit2.o)
    0x08000202   0x08000202   0x00000000   Code   RO         2482    .ARM.Collect$$libinit$$00000034  c_w.l(libinit2.o)
    0x08000202   0x08000202   0x00000002   Code   RO         2483    .ARM.Collect$$libinit$$00000035  c_w.l(libinit2.o)
    0x08000204   0x08000204   0x00000002   Code   RO         2503    .ARM.Collect$$libshutdown$$00000000  c_w.l(libshutdown.o)
    0x08000206   0x08000206   0x00000000   Code   RO         2515    .ARM.Collect$$libshutdown$$00000002  c_w.l(libshutdown2.o)
    0x08000206   0x08000206   0x00000000   Code   RO         2517    .ARM.Collect$$libshutdown$$00000004  c_w.l(libshutdown2.o)
    0x08000206   0x08000206   0x00000000   Code   RO         2520    .ARM.Collect$$libshutdown$$00000007  c_w.l(libshutdown2.o)
    0x08000206   0x08000206   0x00000000   Code   RO         2523    .ARM.Collect$$libshutdown$$0000000A  c_w.l(libshutdown2.o)
    0x08000206   0x08000206   0x00000000   Code   RO         2525    .ARM.Collect$$libshutdown$$0000000C  c_w.l(libshutdown2.o)
    0x08000206   0x08000206   0x00000000   Code   RO         2528    .ARM.Collect$$libshutdown$$0000000F  c_w.l(libshutdown2.o)
    0x08000206   0x08000206   0x00000002   Code   RO         2529    .ARM.Collect$$libshutdown$$00000010  c_w.l(libshutdown2.o)
    0x08000208   0x08000208   0x00000000   Code   RO         2232    .ARM.Collect$$rtentry$$00000000  c_w.l(__rtentry.o)
    0x08000208   0x08000208   0x00000000   Code   RO         2331    .ARM.Collect$$rtentry$$00000002  c_w.l(__rtentry2.o)
    0x08000208   0x08000208   0x00000006   Code   RO         2343    .ARM.Collect$$rtentry$$00000004  c_w.l(__rtentry4.o)
    0x0800020e   0x0800020e   0x00000000   Code   RO         2333    .ARM.Collect$$rtentry$$00000009  c_w.l(__rtentry2.o)
    0x0800020e   0x0800020e   0x00000004   Code   RO         2334    .ARM.Collect$$rtentry$$0000000A  c_w.l(__rtentry2.o)
    0x08000212   0x08000212   0x00000000   Code   RO         2336    .ARM.Collect$$rtentry$$0000000C  c_w.l(__rtentry2.o)
    0x08000212   0x08000212   0x00000008   Code   RO         2337    .ARM.Collect$$rtentry$$0000000D  c_w.l(__rtentry2.o)
    0x0800021a   0x0800021a   0x00000002   Code   RO         2428    .ARM.Collect$$rtexit$$00000000  c_w.l(rtexit.o)
    0x0800021c   0x0800021c   0x00000000   Code   RO         2485    .ARM.Collect$$rtexit$$00000002  c_w.l(rtexit2.o)
    0x0800021c   0x0800021c   0x00000004   Code   RO         2486    .ARM.Collect$$rtexit$$00000003  c_w.l(rtexit2.o)
    0x08000220   0x08000220   0x00000006   Code   RO         2487    .ARM.Collect$$rtexit$$00000004  c_w.l(rtexit2.o)
    0x08000226   0x08000226   0x00000002   PAD
    0x08000228   0x08000228   0x00000040   Code   RO           49    .text               startup_gd32f407_427.o
    0x08000268   0x08000268   0x00000006   Code   RO         2228    .text               c_w.l(heapauxi.o)
    0x0800026e   0x0800026e   0x0000004a   Code   RO         2369    .text               c_w.l(sys_stackheap_outer.o)
    0x080002b8   0x080002b8   0x00000012   Code   RO         2412    .text               c_w.l(exit.o)
    0x080002ca   0x080002ca   0x00000002   PAD
    0x080002cc   0x080002cc   0x00000008   Code   RO         2425    .text               c_w.l(libspace.o)
    0x080002d4   0x080002d4   0x00000004   Code   RO           17    .text.BusFault_Handler  gd32f4xx_it.o
    0x080002d8   0x080002d8   0x00000004   Code   RO           13    .text.HardFault_Handler  gd32f4xx_it.o
    0x080002dc   0x080002dc   0x00000004   Code   RO           15    .text.MemManage_Handler  gd32f4xx_it.o
    0x080002e0   0x080002e0   0x00000002   Code   RO           11    .text.NMI_Handler   gd32f4xx_it.o
    0x080002e2   0x080002e2   0x00000002   PAD
    0x080002e4   0x080002e4   0x00000008   Code   RO           23    .text.SDIO_IRQHandler  gd32f4xx_it.o
    0x080002ec   0x080002ec   0x00000052   Code   RO           27    .text.SysTick_Config  gd32f4xx_it.o
    0x0800033e   0x0800033e   0x00000002   PAD
    0x08000340   0x08000340   0x00000016   Code   RO           31    .text.SysTick_Handler  gd32f4xx_it.o
    0x08000356   0x08000356   0x00000002   PAD
    0x08000358   0x08000358   0x000000fa   Code   RO         1969    .text.SystemInit    system_gd32f4xx.o
    0x08000452   0x08000452   0x00000002   PAD
    0x08000454   0x08000454   0x00000004   Code   RO           19    .text.UsageFault_Handler  gd32f4xx_it.o
    0x08000458   0x08000458   0x00000042   Code   RO           29    .text.__NVIC_SetPriority  gd32f4xx_it.o
    0x0800049a   0x0800049a   0x00000002   PAD
    0x0800049c   0x0800049c   0x00000008   Code   RO         2070    .text._sys_exit     bsp_uart.o
    0x080004a4   0x080004a4   0x0000001e   Code   RO           33    .text.board_init    gd32f4xx_it.o
    0x080004c2   0x080004c2   0x00000002   PAD
    0x080004c4   0x080004c4   0x00000010   Code   RO            2    .text.main          main.o
    0x080004d4   0x080004d4   0x0000001c   Code   RO         1122    .text.nvic_priority_group_set  gd32f4xx_misc.o
    0x080004f0   0x080004f0   0x000000ee   Code   RO         2155    .text.r1_error_check  sdcard.o
    0x080005de   0x080005de   0x00000002   PAD
    0x080005e0   0x080005e0   0x00000182   Code   RO         2203    .text.r1_error_type_check  sdcard.o
    0x08000762   0x08000762   0x00000002   PAD
    0x08000764   0x08000764   0x000001b6   Code   RO         2185    .text.sd_interrupts_process  sdcard.o
    0x0800091a   0x0800091a   0x00000002   PAD
    0x0800091c   0x0800091c   0x00000034   Code   RO         2187    .text.sd_transfer_stop  sdcard.o
    0x08000950   0x08000950   0x0000000e   Code   RO         1413    .text.sdio_command_index_get  gd32f4xx_sdio.o
    0x0800095e   0x0800095e   0x00000002   PAD
    0x08000960   0x08000960   0x0000004c   Code   RO         1405    .text.sdio_command_response_config  gd32f4xx_sdio.o
    0x080009ac   0x080009ac   0x00000012   Code   RO         1409    .text.sdio_csm_enable  gd32f4xx_sdio.o
    0x080009be   0x080009be   0x00000002   PAD
    0x080009c0   0x080009c0   0x00000014   Code   RO         1439    .text.sdio_flag_clear  gd32f4xx_sdio.o
    0x080009d4   0x080009d4   0x00000018   Code   RO         1443    .text.sdio_interrupt_disable  gd32f4xx_sdio.o
    0x080009ec   0x080009ec   0x00000014   Code   RO         1447    .text.sdio_interrupt_flag_clear  gd32f4xx_sdio.o
    0x08000a00   0x08000a00   0x0000002c   Code   RO         1445    .text.sdio_interrupt_flag_get  gd32f4xx_sdio.o
    0x08000a2c   0x08000a2c   0x0000005a   Code   RO         1415    .text.sdio_response_get  gd32f4xx_sdio.o
    0x08000a86   0x08000a86   0x00000002   PAD
    0x08000a88   0x08000a88   0x00000020   Code   RO         1407    .text.sdio_wait_type_set  gd32f4xx_sdio.o
    0x08000aa8   0x08000aa8   0x00000098   Code   RO         2017    .text.soft_timer_tick  soft_timer.o
    0x08000b40   0x08000b40   0x00000168   Code   RO         1975    .text.system_clock_168m_8m_hxtal  system_gd32f4xx.o
    0x08000ca8   0x08000ca8   0x00000008   Code   RO         1971    .text.system_clock_config  system_gd32f4xx.o
    0x08000cb0   0x08000cb0   0x00000032   Code   RO           25    .text.systick_config  gd32f4xx_it.o
    0x08000ce2   0x08000ce2   0x0000001a   Code   RO         2495    x$fpl$fpinit        fz_wm.l(fpinit.o)
    0x08000cfc   0x08000cfc   0x00000020   Data   RO         2566    Region$$Table       anon$$obj.o


    Execution Region RW_IRAM1 (Exec base: 0x20000000, Load base: 0x08000d20, Size: 0x000020f0, Max: 0x00070000, ABSOLUTE)

    Exec Addr    Load Addr    Size         Type   Attr      Idx    E Section Name        Object

    0x20000000   0x08000d20   0x00000004   Data   RW         1977    .data.SystemCoreClock  system_gd32f4xx.o
    0x20000004   0x08000d24   0x00000001   Data   RW         2213    .data.transerror    sdcard.o
    0x20000005   0x08000d25   0x00000003   PAD
    0x20000008        -       0x00000060   Zero   RW         2426    .bss                c_w.l(libspace.o)
    0x20000068        -       0x00000004   Zero   RW           39    .bss.g_system_tick  gd32f4xx_it.o
    0x2000006c        -       0x00000004   Zero   RW         2217    .bss.number_bytes   sdcard.o
    0x20000070        -       0x00000004   Zero   RW         2216    .bss.stopcondition  sdcard.o
    0x20000074        -       0x00000078   Zero   RW         2019    .bss.timers         soft_timer.o
    0x200000ec        -       0x00000004   Zero   RW         2214    .bss.transend       sdcard.o
    0x200000f0        -       0x00001000   Zero   RW           47    HEAP                startup_gd32f407_427.o
    0x200010f0        -       0x00001000   Zero   RW           46    STACK               startup_gd32f407_427.o


==============================================================================

Image component sizes


      Code (inc. data)   RO Data    RW Data    ZI Data      Debug   Object Name

         8          0          0          0          0       6026   bsp_uart.o
       276          0          0          0          4       5441   gd32f4xx_it.o
        28          0          0          0          0       3067   gd32f4xx_misc.o
       338          4          0          0          0       7538   gd32f4xx_sdio.o
        16          0          0          0          0        359   main.o
      1114          0          0          1         12      21595   sdcard.o
       152          0          0          0        120       2556   soft_timer.o
        64         26        392          0       8192        964   startup_gd32f407_427.o
       618          0          0          4          0       2520   system_gd32f4xx.o

    ----------------------------------------------------------------------
      2638         30        424          8       8328      50066   Object Totals
         0          0         32          0          0          0   (incl. Generated)
        24          0          0          3          0          0   (incl. Padding)

    ----------------------------------------------------------------------

      Code (inc. data)   RO Data    RW Data    ZI Data      Debug   Library Member Name

         8          0          0          0          0         68   __main.o
         0          0          0          0          0          0   __rtentry.o
        12          0          0          0          0          0   __rtentry2.o
         6          0          0          0          0          0   __rtentry4.o
        52          8          0          0          0          0   __scatter.o
        26          0          0          0          0          0   __scatter_copy.o
        28          0          0          0          0          0   __scatter_zi.o
        18          0          0          0          0         80   exit.o
         6          0          0          0          0        152   heapauxi.o
         2          0          0          0          0          0   libinit.o
         6          0          0          0          0          0   libinit2.o
         2          0          0          0          0          0   libshutdown.o
         2          0          0          0          0          0   libshutdown2.o
         8          4          0          0         96         68   libspace.o
         2          0          0          0          0          0   rtexit.o
        10          0          0          0          0          0   rtexit2.o
        74          0          0          0          0         80   sys_stackheap_outer.o
        26          0          0          0          0        116   fpinit.o

    ----------------------------------------------------------------------
       294         12          0          0         96        564   Library Totals
         6          0          0          0          0          0   (incl. Padding)

    ----------------------------------------------------------------------

      Code (inc. data)   RO Data    RW Data    ZI Data      Debug   Library Name

       262         12          0          0         96        448   c_w.l
        26          0          0          0          0        116   fz_wm.l

    ----------------------------------------------------------------------
       294         12          0          0         96        564   Library Totals

    ----------------------------------------------------------------------

==============================================================================


      Code (inc. data)   RO Data    RW Data    ZI Data      Debug   

      2932         42        424          8       8424      50438   Grand Totals
      2932         42        424          8       8424      50438   ELF Image Totals
      2932         42        424          8          0          0   ROM Totals

==============================================================================

    Total RO  Size (Code + RO Data)                 3356 (   3.28kB)
    Total RW  Size (RW Data + ZI Data)              8432 (   8.23kB)
    Total ROM Size (Code + RO Data + RW Data)       3364 (   3.29kB)

==============================================================================

