<html>
<body>
<pre>
<h1>µVision Build Log</h1>
<h2>Tool Versions:</h2>
IDE-Version: ¦ÌVision V5.38.0.0
Copyright (C) 2022 ARM Ltd and ARM Germany GmbH. All rights reserved.
License Information:  ,  , LIC=HN0AE-5MTVA-IIH5V-PWXF9-8WHZ6-Q52Q6
 
Tool Versions:
Toolchain:       MDK-ARM Plus  Version: 5.38.0.0
Toolchain Path:  C:\Keil_v5\ARM\ARMCLANG\Bin
C Compiler:      ArmClang.exe V6.19
Assembler:       Armasm.exe V6.19
Linker/Locator:  ArmLink.exe V6.19
Library Manager: ArmAr.exe V6.19
Hex Converter:   FromElf.exe V6.19
CPU DLL:         SARMCM3.DLL V5.38.0.0
Dialog DLL:      DCM.DLL V1.17.5.0
Target DLL:      CMSIS_AGDI.dll V1.33.15.0
Dialog DLL:      TCM.DLL V1.56.4.0
 
<h2>Project:</h2>
E:\GD32\01-Project\gd32_cmake\project\project.uvprojx
Project File Date:  06/22/2025

<h2>Output:</h2>
*** Using Compiler 'V6.19', folder: 'C:\Keil_v5\ARM\ARMCLANG\Bin'
Build target 'debug'
linking...
Program Size: Code=71796 RO-data=3044 RW-data=32 ZI-data=63400  
FromELF: creating hex file...
After Build - User command #2: Keil5_disp_size_bar_v0.3.exe
[Keil5_disp_size_bar V0.3]: start find map file
[Keil5_disp_size_bar V0.3]: Found:E:\GD32\01-Project\gd32_cmake\project\Listings\project.map
[Keil5_disp_size_bar V0.3]: found end
ram:
   64 KB   ram1:|____________________|  0.00 % (    0.00 KB /    64.00 KB) [65536 B]
  128 KB   ram2:|¡ö¡ö¡ö¡ö¡ö¡ö¡ö¡ö¡ö___________| 48.39 % (   61.95 KB /   128.00 KB) [67640 B]
flash:
  512 KB flash1:|¡ö¡ö__________________| 14.27 % (   73.09 KB /   512.00 KB) [449448 B]
 
".\Objects\project.axf" - 0 Error(s), 0 Warning(s).

<h2>Software Packages used:</h2>

Package Vendor: ARM
                http://www.keil.com/pack/ARM.CMSIS.5.9.0.pack
                ARM.CMSIS.5.9.0
                CMSIS (Common Microcontroller Software Interface Standard)
   * Component: CORE Version: 5.6.0

Package Vendor: GigaDevice
                https://gd32mcu.com/data/documents/pack/GigaDevice.GD32F4xx_DFP.3.1.0.pack
                GigaDevice.GD32F4xx_DFP.3.1.0
                GigaDevice GD32F4xx Series Device Support and Examples

<h2>Collection of Component include folders:</h2>
  ./RTE/_debug
  C:/Users/crs/AppData/Local/Arm/Packs/ARM/CMSIS/5.9.0/CMSIS/Core/Include
  C:/Users/crs/AppData/Local/Arm/Packs/GigaDevice/GD32F4xx_DFP/3.1.0/Device/F4XX/Include

<h2>Collection of Component Files used:</h2>

   * Component: ARM::CMSIS:CORE:5.6.0
Build Time Elapsed:  00:00:01
</pre>
</body>
</html>
